Archive member included to satisfy reference by file (symbol)

c:/users/bartosz/.p2/pool/plugins/fr.ac6.mcu.externaltools.arm-none.win32_1.13.2.201703061525/tools/compiler/bin/../lib/gcc/arm-none-eabi/5.4.1/armv6-m\libgcc.a(_udivsi3.o)
                              Application/User/main.o (__aeabi_uidiv)
c:/users/bartosz/.p2/pool/plugins/fr.ac6.mcu.externaltools.arm-none.win32_1.13.2.201703061525/tools/compiler/bin/../lib/gcc/arm-none-eabi/5.4.1/armv6-m\libgcc.a(_divsi3.o)
                              Application/User/main.o (__aeabi_idiv)
c:/users/bartosz/.p2/pool/plugins/fr.ac6.mcu.externaltools.arm-none.win32_1.13.2.201703061525/tools/compiler/bin/../lib/gcc/arm-none-eabi/5.4.1/armv6-m\libgcc.a(_dvmd_tls.o)
                              c:/users/bartosz/.p2/pool/plugins/fr.ac6.mcu.externaltools.arm-none.win32_1.13.2.201703061525/tools/compiler/bin/../lib/gcc/arm-none-eabi/5.4.1/armv6-m\libgcc.a(_udivsi3.o) (__aeabi_idiv0)
c:/users/bartosz/.p2/pool/plugins/fr.ac6.mcu.externaltools.arm-none.win32_1.13.2.201703061525/tools/compiler/bin/../lib/gcc/arm-none-eabi/5.4.1/armv6-m\libgcc.a(muldf3.o)
                              Application/User/main.o (__aeabi_dmul)
c:/users/bartosz/.p2/pool/plugins/fr.ac6.mcu.externaltools.arm-none.win32_1.13.2.201703061525/tools/compiler/bin/../lib/gcc/arm-none-eabi/5.4.1/armv6-m\libgcc.a(fixdfsi.o)
                              Application/User/main.o (__aeabi_d2iz)
c:/users/bartosz/.p2/pool/plugins/fr.ac6.mcu.externaltools.arm-none.win32_1.13.2.201703061525/tools/compiler/bin/../lib/gcc/arm-none-eabi/5.4.1/armv6-m\libgcc.a(floatsidf.o)
                              Application/User/main.o (__aeabi_i2d)
c:/users/bartosz/.p2/pool/plugins/fr.ac6.mcu.externaltools.arm-none.win32_1.13.2.201703061525/tools/compiler/bin/../lib/gcc/arm-none-eabi/5.4.1/armv6-m\libgcc.a(_clzsi2.o)
                              c:/users/bartosz/.p2/pool/plugins/fr.ac6.mcu.externaltools.arm-none.win32_1.13.2.201703061525/tools/compiler/bin/../lib/gcc/arm-none-eabi/5.4.1/armv6-m\libgcc.a(muldf3.o) (__clzsi2)
c:/users/bartosz/.p2/pool/plugins/fr.ac6.mcu.externaltools.arm-none.win32_1.13.2.201703061525/tools/compiler/bin/../lib/gcc/arm-none-eabi/5.4.1/../../../../arm-none-eabi/lib/armv6-m\libc_nano.a(lib_a-atoi.o)
                              Application/User/main.o (atoi)
c:/users/bartosz/.p2/pool/plugins/fr.ac6.mcu.externaltools.arm-none.win32_1.13.2.201703061525/tools/compiler/bin/../lib/gcc/arm-none-eabi/5.4.1/../../../../arm-none-eabi/lib/armv6-m\libc_nano.a(lib_a-exit.o)
                              c:/users/bartosz/.p2/pool/plugins/fr.ac6.mcu.externaltools.arm-none.win32_1.13.2.201703061525/tools/compiler/bin/../lib/gcc/arm-none-eabi/5.4.1/../../../../arm-none-eabi/lib/armv6-m/crt0.o (exit)
c:/users/bartosz/.p2/pool/plugins/fr.ac6.mcu.externaltools.arm-none.win32_1.13.2.201703061525/tools/compiler/bin/../lib/gcc/arm-none-eabi/5.4.1/../../../../arm-none-eabi/lib/armv6-m\libc_nano.a(lib_a-impure.o)
                              c:/users/bartosz/.p2/pool/plugins/fr.ac6.mcu.externaltools.arm-none.win32_1.13.2.201703061525/tools/compiler/bin/../lib/gcc/arm-none-eabi/5.4.1/../../../../arm-none-eabi/lib/armv6-m\libc_nano.a(lib_a-exit.o) (_global_impure_ptr)
c:/users/bartosz/.p2/pool/plugins/fr.ac6.mcu.externaltools.arm-none.win32_1.13.2.201703061525/tools/compiler/bin/../lib/gcc/arm-none-eabi/5.4.1/../../../../arm-none-eabi/lib/armv6-m\libc_nano.a(lib_a-init.o)
                              c:/users/bartosz/.p2/pool/plugins/fr.ac6.mcu.externaltools.arm-none.win32_1.13.2.201703061525/tools/compiler/bin/../lib/gcc/arm-none-eabi/5.4.1/../../../../arm-none-eabi/lib/armv6-m/crt0.o (__libc_init_array)
c:/users/bartosz/.p2/pool/plugins/fr.ac6.mcu.externaltools.arm-none.win32_1.13.2.201703061525/tools/compiler/bin/../lib/gcc/arm-none-eabi/5.4.1/../../../../arm-none-eabi/lib/armv6-m\libc_nano.a(lib_a-memcpy-stub.o)
                              Drivers/STM32F0xx_HAL_Driver/stm32f0xx_hal_rcc.o (memcpy)
c:/users/bartosz/.p2/pool/plugins/fr.ac6.mcu.externaltools.arm-none.win32_1.13.2.201703061525/tools/compiler/bin/../lib/gcc/arm-none-eabi/5.4.1/../../../../arm-none-eabi/lib/armv6-m\libc_nano.a(lib_a-memset.o)
                              c:/users/bartosz/.p2/pool/plugins/fr.ac6.mcu.externaltools.arm-none.win32_1.13.2.201703061525/tools/compiler/bin/../lib/gcc/arm-none-eabi/5.4.1/../../../../arm-none-eabi/lib/armv6-m/crt0.o (memset)
c:/users/bartosz/.p2/pool/plugins/fr.ac6.mcu.externaltools.arm-none.win32_1.13.2.201703061525/tools/compiler/bin/../lib/gcc/arm-none-eabi/5.4.1/../../../../arm-none-eabi/lib/armv6-m\libc_nano.a(lib_a-sprintf.o)
                              Application/User/main.o (sprintf)
c:/users/bartosz/.p2/pool/plugins/fr.ac6.mcu.externaltools.arm-none.win32_1.13.2.201703061525/tools/compiler/bin/../lib/gcc/arm-none-eabi/5.4.1/../../../../arm-none-eabi/lib/armv6-m\libc_nano.a(lib_a-strtol.o)
[...]
Memory Configuration

Name             Origin             Length             Attributes
RAM              0x20000000         0x00002000         xrw
FLASH            0x08000000         0x00010000         xr
*default*        0x00000000         0xffffffff

Linker script and memory map

LOAD c:/users/bartosz/.p2/pool/plugins/fr.ac6.mcu.externaltools.arm-none.win32_1.13.2.201703061525/tools/compiler/bin/../lib/gcc/arm-none-eabi/5.4.1/armv6-m/crti.o
LOAD c:/users/bartosz/.p2/pool/plugins/fr.ac6.mcu.externaltools.arm-none.win32_1.13.2.201703061525/tools/compiler/bin/../lib/gcc/arm-none-eabi/5.4.1/armv6-m/crtbegin.o
LOAD c:/users/bartosz/.p2/pool/plugins/fr.ac6.mcu.externaltools.arm-none.win32_1.13.2.201703061525/tools/compiler/bin/../lib/gcc/arm-none-eabi/5.4.1/../../../../arm-none-eabi/lib/armv6-m/crt0.o
LOAD c:/users/bartosz/.p2/pool/plugins/fr.ac6.mcu.externaltools.arm-none.win32_1.13.2.201703061525/tools/compiler/bin/../lib/gcc/arm-none-eabi/5.4.1/../../../../arm-none-eabi/lib/armv6-m\libm.a
LOAD Application/SW4STM32/startup_stm32f051x8.o
LOAD Application/User/adc.o
LOAD Application/User/dma.o
LOAD Application/User/gpio.o
LOAD Application/User/main.o
LOAD Application/User/stm32f0xx_hal_msp.o
LOAD Application/User/stm32f0xx_it.o
LOAD Application/User/tim.o
LOAD Application/User/usart.o
LOAD Drivers/CMSIS/system_stm32f0xx.o
LOAD Drivers/STM32F0xx_HAL_Driver/stm32f0xx_hal.o
LOAD Drivers/STM32F0xx_HAL_Driver/stm32f0xx_hal_adc.o
LOAD Drivers/STM32F0xx_HAL_Driver/stm32f0xx_hal_adc_ex.o
LOAD Drivers/STM32F0xx_HAL_Driver/stm32f0xx_hal_cortex.o
LOAD Drivers/STM32F0xx_HAL_Driver/stm32f0xx_hal_dma.o
LOAD Drivers/STM32F0xx_HAL_Driver/stm32f0xx_hal_flash.o
LOAD Drivers/STM32F0xx_HAL_Driver/stm32f0xx_hal_flash_ex.o
LOAD Drivers/STM32F0xx_HAL_Driver/stm32f0xx_hal_gpio.o
LOAD Drivers/STM32F0xx_HAL_Driver/stm32f0xx_hal_i2c.o
LOAD Drivers/STM32F0xx_HAL_Driver/stm32f0xx_hal_i2c_ex.o
LOAD Drivers/STM32F0xx_HAL_Driver/stm32f0xx_hal_pwr.o
LOAD Drivers/STM32F0xx_HAL_Driver/stm32f0xx_hal_pwr_ex.o
LOAD Drivers/STM32F0xx_HAL_Driver/stm32f0xx_hal_rcc.o
LOAD Drivers/STM32F0xx_HAL_Driver/stm32f0xx_hal_rcc_ex.o
LOAD Drivers/STM32F0xx_HAL_Driver/stm32f0xx_hal_tim.o
LOAD Drivers/STM32F0xx_HAL_Driver/stm32f0xx_hal_tim_ex.o
LOAD Drivers/STM32F0xx_HAL_Driver/stm32f0xx_hal_uart.o
LOAD Drivers/STM32F0xx_HAL_Driver/stm32f0xx_hal_uart_ex.o
START GROUP
LOAD c:/users/bartosz/.p2/pool/plugins/fr.ac6.mcu.externaltools.arm-none.win32_1.13.2.201703061525/tools/compiler/bin/../lib/gcc/arm-none-eabi/5.4.1/armv6-m\libgcc.a
LOAD c:/users/bartosz/.p2/pool/plugins/fr.ac6.mcu.externaltools.arm-none.win32_1.13.2.201703061525/tools/compiler/bin/../lib/gcc/arm-none-eabi/5.4.1/../../../../arm-none-eabi/lib/armv6-m\libc_nano.a
END GROUP
START GROUP
LOAD c:/users/bartosz/.p2/pool/plugins/fr.ac6.mcu.externaltools.arm-none.win32_1.13.2.201703061525/tools/compiler/bin/../lib/gcc/arm-none-eabi/5.4.1/armv6-m\libgcc.a
LOAD c:/users/bartosz/.p2/pool/plugins/fr.ac6.mcu.externaltools.arm-none.win32_1.13.2.201703061525/tools/compiler/bin/../lib/gcc/arm-none-eabi/5.4.1/../../../../arm-none-eabi/lib/armv6-m\libc_nano.a
LOAD c:/users/bartosz/.p2/pool/plugins/fr.ac6.mcu.externaltools.arm-none.win32_1.13.2.201703061525/tools/compiler/bin/../lib/gcc/arm-none-eabi/5.4.1/../../../../arm-none-eabi/lib/armv6-m\libnosys.a
END GROUP
START GROUP
LOAD c:/users/bartosz/.p2/pool/plugins/fr.ac6.mcu.externaltools.arm-none.win32_1.13.2.201703061525/tools/compiler/bin/../lib/gcc/arm-none-eabi/5.4.1/armv6-m\libgcc.a
LOAD c:/users/bartosz/.p2/pool/plugins/fr.ac6.mcu.externaltools.arm-none.win32_1.13.2.201703061525/tools/compiler/bin/../lib/gcc/arm-none-eabi/5.4.1/../../../../arm-none-eabi/lib/armv6-m\libc_nano.a
LOAD c:/users/bartosz/.p2/pool/plugins/fr.ac6.mcu.externaltools.arm-none.win32_1.13.2.201703061525/tools/compiler/bin/../lib/gcc/arm-none-eabi/5.4.1/../../../../arm-none-eabi/lib/armv6-m\libnosys.a
END GROUP
LOAD c:/users/bartosz/.p2/pool/plugins/fr.ac6.mcu.externaltools.arm-none.win32_1.13.2.201703061525/tools/compiler/bin/../lib/gcc/arm-none-eabi/5.4.1/armv6-m/crtend.o
LOAD c:/users/bartosz/.p2/pool/plugins/fr.ac6.mcu.externaltools.arm-none.win32_1.13.2.201703061525/tools/compiler/bin/../lib/gcc/arm-none-eabi/5.4.1/armv6-m/crtn.o
                0x20002000                _estack = 0x20002000
                0x00000200                _Min_Heap_Size = 0x200
                0x00000400                _Min_Stack_Size = 0x400

.isr_vector     0x08000000       0xc0
                0x08000000                . = ALIGN (0x4)
 *(.isr_vector)
 .isr_vector    0x08000000       0xc0 Application/SW4STM32/startup_stm32f051x8.o
                0x08000000                g_pfnVectors
                0x080000c0                . = ALIGN (0x4)

.text           0x080000c0     0x410c
                0x080000c0                . = ALIGN (0x4)
 *(.text)
 .text          0x080000c0       0x60 c:/users/bartosz/.p2/pool/plugins/fr.ac6.mcu.externaltools.arm-none.win32_1.13.2.201703061525/tools/compiler/bin/../lib/gcc/arm-none-eabi/5.4.1/armv6-m/crtbegin.o
 .text          0x08000120      0x114 c:/users/bartosz/.p2/pool/plugins/fr.ac6.mcu.externaltools.arm-none.win32_1.13.2.201703061525/tools/compiler/bin/../lib/gcc/arm-none-eabi/5.4.1/armv6-m\libgcc.a(_udivsi3.o)
                0x08000120                __aeabi_uidiv
                0x08000120                __udivsi3
                0x0800022c                __aeabi_uidivmod
 .text          0x08000234      0x1d4 c:/users/bartosz/.p2/pool/plugins/fr.ac6.mcu.externaltools.arm-none.win32_1.13.2.201703061525/tools/compiler/bin/../lib/gcc/arm-none-eabi/5.4.1/armv6-m\libgcc.a(_divsi3.o)
                0x08000234                __divsi3
                0x08000234                __aeabi_idiv
                0x08000400                __aeabi_idivmod
 .text          0x08000408        0x4 c:/users/bartosz/.p2/pool/plugins/fr.ac6.mcu.externaltools.arm-none.win32_1.13.2.201703061525/tools/compiler/bin/../lib/gcc/arm-none-eabi/5.4.1/armv6-m\libgcc.a(_dvmd_tls.o)
                0x08000408                __aeabi_idiv0
                0x08000408                __aeabi_ldiv0
 .text          0x0800040c      0x4f4 c:/users/bartosz/.p2/pool/plugins/fr.ac6.mcu.externaltools.arm-none.win32_1.13.2.201703061525/tools/compiler/bin/../lib/gcc/arm-none-eabi/5.4.1/armv6-m\libgcc.a(muldf3.o)
                0x0800040c                __aeabi_dmul
 .text          0x08000900       0x6c c:/users/bartosz/.p2/pool/plugins/fr.ac6.mcu.externaltools.arm-none.win32_1.13.2.201703061525/tools/compiler/bin/../lib/gcc/arm-none-eabi/5.4.1/armv6-m\libgcc.a(fixdfsi.o)
                0x08000900                __aeabi_d2iz
 .text          0x0800096c       0x84 c:/users/bartosz/.p2/pool/plugins/fr.ac6.mcu.externaltools.arm-none.win32_1.13.2.201703061525/tools/compiler/bin/../lib/gcc/arm-none-eabi/5.4.1/armv6-m\libgcc.a(floatsidf.o)
                0x0800096c                __aeabi_i2d
 .text          0x080009f0       0x3c c:/users/bartosz/.p2/pool/plugins/fr.ac6.mcu.externaltools.arm-none.win32_1.13.2.201703061525/tools/compiler/bin/../lib/gcc/arm-none-eabi/5.4.1/armv6-m\libgcc.a(_clzsi2.o)
                0x080009f0                __clzsi2
 *(.text*)
 .text.Reset_Handler
                0x08000a2c       0x50 Application/SW4STM32/startup_stm32f051x8.o
                0x08000a2c                Reset_Handler
 .text.Default_Handler
                0x08000a7c        0x2 Application/SW4STM32/startup_stm32f051x8.o
                0x08000a7c                TIM1_CC_IRQHandler
                0x08000a7c                TSC_IRQHandler
                0x08000a7c                ADC1_COMP_IRQHandler
                0x08000a7c                PVD_IRQHandler
                0x08000a7c                I2C1_IRQHandler
                0x08000a7c                RCC_CRS_IRQHandler
                0x08000a7c                SPI1_IRQHandler
                0x08000a7c                I2C2_IRQHandler
                0x08000a7c                TIM17_IRQHandler
                0x08000a7c                CEC_CAN_IRQHandler
                0x08000a7c                RTC_IRQHandler
                0x08000a7c                TIM16_IRQHandler
                0x08000a7c                TIM3_IRQHandler
                0x08000a7c                Default_Handler
                0x08000a7c                TIM14_IRQHandler
                0x08000a7c                DMA1_Channel4_5_IRQHandler
                0x08000a7c                TIM15_IRQHandler
                0x08000a7c                EXTI0_1_IRQHandler
                0x08000a7c                SPI2_IRQHandler
                0x08000a7c                WWDG_IRQHandler
                0x08000a7c                TIM2_IRQHandler
                0x08000a7c                DMA1_Channel2_3_IRQHandler
                0x08000a7c                USART2_IRQHandler
                0x08000a7c                TIM1_BRK_UP_TRG_COM_IRQHandler
 *fill*         0x08000a7e        0x2 
 .text.MX_ADC_Init
                0x08000a80       0xf0 Application/User/adc.o
                0x08000a80                MX_ADC_Init
 .text.HAL_ADC_MspInit
                0x08000b70       0x80 Application/User/adc.o
                0x08000b70                HAL_ADC_MspInit
 .text.MX_DMA_Init
                0x08000bf0       0x30 Application/User/dma.o
                0x08000bf0                MX_DMA_Init
 .text.MX_GPIO_Init
                0x08000c20       0xb4 Application/User/gpio.o
                0x08000c20                MX_GPIO_Init
 .text.PWM      0x08000cd4      0x13c Application/User/main.o
                0x08000cd4                PWM
 .text.kalibracja
                0x08000e10       0x38 Application/User/main.o
                0x08000e10                kalibracja
 .text.HAL_GPIO_EXTI_Callback
                0x08000e48       0x40 Application/User/main.o
                0x08000e48                HAL_GPIO_EXTI_Callback
 .text.licz_blad
                0x08000e88       0xc0 Application/User/main.o
                0x08000e88                licz_blad
 .text.PD       0x08000f48       0x20 Application/User/main.o
                0x08000f48                PD
 .text.HAL_UART_RxCpltCallback
                0x08000f68       0xd4 Application/User/main.o
                0x08000f68                HAL_UART_RxCpltCallback
 .text.BLUETOOTH
                0x0800103c       0x98 Application/User/main.o
                0x0800103c                BLUETOOTH
 .text.HAL_TIM_PeriodElapsedCallback
                0x080010d4       0x70 Application/User/main.o
                0x080010d4                HAL_TIM_PeriodElapsedCallback
 .text.Error_Handler
                0x08001144        0x4 Application/User/main.o
                0x08001144                Error_Handler
 .text.SystemClock_Config
                0x08001148       0x8c Application/User/main.o
                0x08001148                SystemClock_Config
 .text.main     0x080011d4       0x68 Application/User/main.o
                0x080011d4                main
 .text.HAL_MspInit
                0x0800123c       0x60 Application/User/stm32f0xx_hal_msp.o
                0x0800123c                HAL_MspInit
 .text.NMI_Handler
                0x0800129c        0x4 Application/User/stm32f0xx_it.o
                0x0800129c                NMI_Handler
 .text.HardFault_Handler
                0x080012a0        0x4 Application/User/stm32f0xx_it.o
                0x080012a0                HardFault_Handler
 .text.SVC_Handler
                0x080012a4        0x4 Application/User/stm32f0xx_it.o
                0x080012a4                SVC_Handler
 .text.PendSV_Handler
                0x080012a8        0x4 Application/User/stm32f0xx_it.o
                0x080012a8                PendSV_Handler
 .text.SysTick_Handler
                0x080012ac        0xc Application/User/stm32f0xx_it.o
                0x080012ac                SysTick_Handler
 .text.FLASH_IRQHandler
                0x080012b8        0x8 Application/User/stm32f0xx_it.o
                0x080012b8                FLASH_IRQHandler
 .text.EXTI2_3_IRQHandler
                0x080012c0        0xc Application/User/stm32f0xx_it.o
                0x080012c0                EXTI2_3_IRQHandler
 .text.EXTI4_15_IRQHandler
                0x080012cc        0xc Application/User/stm32f0xx_it.o
                0x080012cc                EXTI4_15_IRQHandler
 .text.DMA1_Channel1_IRQHandler
                0x080012d8       0x10 Application/User/stm32f0xx_it.o
                0x080012d8                DMA1_Channel1_IRQHandler
 .text.TIM6_DAC_IRQHandler
                0x080012e8       0x10 Application/User/stm32f0xx_it.o
                0x080012e8                TIM6_DAC_IRQHandler
 .text.USART1_IRQHandler
                0x080012f8       0x10 Application/User/stm32f0xx_it.o
                0x080012f8                USART1_IRQHandler
 .text.MX_TIM6_Init
                0x08001308       0x4c Application/User/tim.o
                0x08001308                MX_TIM6_Init
 .text.HAL_TIM_PWM_MspInit
                0x08001354       0x2c Application/User/tim.o
                0x08001354                HAL_TIM_PWM_MspInit
 .text.HAL_TIM_Base_MspInit
                0x08001380       0x3c Application/User/tim.o
                0x08001380                HAL_TIM_Base_MspInit
 .text.HAL_TIM_MspPostInit
                0x080013bc       0x30 Application/User/tim.o
                0x080013bc                HAL_TIM_MspPostInit
 .text.MX_TIM1_Init
                0x080013ec       0xb0 Application/User/tim.o
                0x080013ec                MX_TIM1_Init
 .text.MX_USART1_UART_Init
                0x0800149c       0x38 Application/User/usart.o
                0x0800149c                MX_USART1_UART_Init
 .text.HAL_UART_MspInit
                0x080014d4       0x5c Application/User/usart.o
                0x080014d4                HAL_UART_MspInit
 .text.SystemInit
                0x08001530       0x60 Drivers/CMSIS/system_stm32f0xx.o
                0x08001530                SystemInit
 .text.HAL_InitTick
                0x08001590       0x24 Drivers/STM32F0xx_HAL_Driver/stm32f0xx_hal.o
                0x08001590                HAL_InitTick
 .text.HAL_Init
                0x080015b4       0x20 Drivers/STM32F0xx_HAL_Driver/stm32f0xx_hal.o
                0x080015b4                HAL_Init
 .text.HAL_IncTick
                0x080015d4       0x10 Drivers/STM32F0xx_HAL_Driver/stm32f0xx_hal.o
                0x080015d4                HAL_IncTick
 .text.HAL_GetTick
                0x080015e4        0xc Drivers/STM32F0xx_HAL_Driver/stm32f0xx_hal.o
                0x080015e4                HAL_GetTick
 .text.ADC_Enable
                0x080015f0       0xb8 Drivers/STM32F0xx_HAL_Driver/stm32f0xx_hal_adc.o
 .text.HAL_ADC_Init
                0x080016a8      0x184 Drivers/STM32F0xx_HAL_Driver/stm32f0xx_hal_adc.o
                0x080016a8                HAL_ADC_Init
 .text.HAL_ADC_Start_DMA
                0x0800182c       0xac Drivers/STM32F0xx_HAL_Driver/stm32f0xx_hal_adc.o
                0x0800182c                HAL_ADC_Start_DMA
 .text.HAL_ADC_ConvCpltCallback
                0x080018d8        0x4 Drivers/STM32F0xx_HAL_Driver/stm32f0xx_hal_adc.o
                0x080018d8                HAL_ADC_ConvCpltCallback
 .text.ADC_DMAConvCplt
                0x080018dc       0x70 Drivers/STM32F0xx_HAL_Driver/stm32f0xx_hal_adc.o
 .text.HAL_ADC_ConvHalfCpltCallback
                0x0800194c        0x4 Drivers/STM32F0xx_HAL_Driver/stm32f0xx_hal_adc.o
                0x0800194c                HAL_ADC_ConvHalfCpltCallback
 .text.ADC_DMAHalfConvCplt
                0x08001950        0xc Drivers/STM32F0xx_HAL_Driver/stm32f0xx_hal_adc.o
 .text.HAL_ADC_ErrorCallback
                0x0800195c        0x4 Drivers/STM32F0xx_HAL_Driver/stm32f0xx_hal_adc.o
                0x0800195c                HAL_ADC_ErrorCallback
 .text.ADC_DMAError
                0x08001960       0x1c Drivers/STM32F0xx_HAL_Driver/stm32f0xx_hal_adc.o
 .text.HAL_ADC_ConfigChannel
                0x0800197c      0x14c Drivers/STM32F0xx_HAL_Driver/stm32f0xx_hal_adc.o
                0x0800197c                HAL_ADC_ConfigChannel
 .text.HAL_NVIC_SetPriority
                0x08001ac8       0x64 Drivers/STM32F0xx_HAL_Driver/stm32f0xx_hal_cortex.o
                0x08001ac8                HAL_NVIC_SetPriority
 .text.HAL_NVIC_EnableIRQ
                0x08001b2c       0x14 Drivers/STM32F0xx_HAL_Driver/stm32f0xx_hal_cortex.o
                0x08001b2c                HAL_NVIC_EnableIRQ
 .text.HAL_SYSTICK_Config
                0x08001b40       0x38 Drivers/STM32F0xx_HAL_Driver/stm32f0xx_hal_cortex.o
                0x08001b40                HAL_SYSTICK_Config
 .text.HAL_SYSTICK_CLKSourceConfig
                0x08001b78       0x20 Drivers/STM32F0xx_HAL_Driver/stm32f0xx_hal_cortex.o
                0x08001b78                HAL_SYSTICK_CLKSourceConfig
 .text.HAL_SYSTICK_Callback
                0x08001b98        0x4 Drivers/STM32F0xx_HAL_Driver/stm32f0xx_hal_cortex.o
                0x08001b98                HAL_SYSTICK_Callback
 .text.HAL_SYSTICK_IRQHandler
                0x08001b9c        0x8 Drivers/STM32F0xx_HAL_Driver/stm32f0xx_hal_cortex.o
                0x08001b9c                HAL_SYSTICK_IRQHandler
 .text.DMA_SetConfig
                0x08001ba4       0x2c Drivers/STM32F0xx_HAL_Driver/stm32f0xx_hal_dma.o
 .text.DMA_CalcBaseAndBitshift
                0x08001bd0       0x28 Drivers/STM32F0xx_HAL_Driver/stm32f0xx_hal_dma.o
 .text.HAL_DMA_Init
                0x08001bf8       0x5c Drivers/STM32F0xx_HAL_Driver/stm32f0xx_hal_dma.o
                0x08001bf8                HAL_DMA_Init
 .text.HAL_DMA_Start_IT
                0x08001c54       0x78 Drivers/STM32F0xx_HAL_Driver/stm32f0xx_hal_dma.o
                0x08001c54                HAL_DMA_Start_IT
 .text.HAL_DMA_Abort_IT
                0x08001ccc       0x4c Drivers/STM32F0xx_HAL_Driver/stm32f0xx_hal_dma.o
                0x08001ccc                HAL_DMA_Abort_IT
 .text.HAL_DMA_IRQHandler
                0x08001d18       0xac Drivers/STM32F0xx_HAL_Driver/stm32f0xx_hal_dma.o
                0x08001d18                HAL_DMA_IRQHandler
 .text.FLASH_Program_HalfWord
                0x08001dc4       0x20 Drivers/STM32F0xx_HAL_Driver/stm32f0xx_hal_flash.o
 .text.FLASH_SetErrorCode
                0x08001de4       0x3c Drivers/STM32F0xx_HAL_Driver/stm32f0xx_hal_flash.o
 .text.HAL_FLASH_EndOfOperationCallback
                0x08001e20        0x4 Drivers/STM32F0xx_HAL_Driver/stm32f0xx_hal_flash.o
                0x08001e20                HAL_FLASH_EndOfOperationCallback
 .text.HAL_FLASH_OperationErrorCallback
                0x08001e24        0x4 Drivers/STM32F0xx_HAL_Driver/stm32f0xx_hal_flash.o
                0x08001e24                HAL_FLASH_OperationErrorCallback
 .text.HAL_FLASH_IRQHandler
                0x08001e28      0x154 Drivers/STM32F0xx_HAL_Driver/stm32f0xx_hal_flash.o
                0x08001e28                HAL_FLASH_IRQHandler
 .text.FLASH_PageErase
                0x08001f7c       0x24 Drivers/STM32F0xx_HAL_Driver/stm32f0xx_hal_flash_ex.o
                0x08001f7c                FLASH_PageErase
 .text.HAL_GPIO_Init
                0x08001fa0      0x188 Drivers/STM32F0xx_HAL_Driver/stm32f0xx_hal_gpio.o
                0x08001fa0                HAL_GPIO_Init
 .text.HAL_GPIO_WritePin
                0x08002128        0xc Drivers/STM32F0xx_HAL_Driver/stm32f0xx_hal_gpio.o
                0x08002128                HAL_GPIO_WritePin
 .text.HAL_GPIO_EXTI_IRQHandler
                0x08002134       0x18 Drivers/STM32F0xx_HAL_Driver/stm32f0xx_hal_gpio.o
                0x08002134                HAL_GPIO_EXTI_IRQHandler
 .text.HAL_RCC_OscConfig
                0x0800214c      0x480 Drivers/STM32F0xx_HAL_Driver/stm32f0xx_hal_rcc.o
                0x0800214c                HAL_RCC_OscConfig
 .text.HAL_RCC_GetSysClockFreq
                0x080025cc       0x70 Drivers/STM32F0xx_HAL_Driver/stm32f0xx_hal_rcc.o
                0x080025cc                HAL_RCC_GetSysClockFreq
 .text.HAL_RCC_ClockConfig
                0x0800263c      0x160 Drivers/STM32F0xx_HAL_Driver/stm32f0xx_hal_rcc.o
                0x0800263c                HAL_RCC_ClockConfig
 .text.HAL_RCC_GetHCLKFreq
                0x0800279c        0xc Drivers/STM32F0xx_HAL_Driver/stm32f0xx_hal_rcc.o
                0x0800279c                HAL_RCC_GetHCLKFreq
 .text.HAL_RCC_GetPCLK1Freq
                0x080027a8       0x20 Drivers/STM32F0xx_HAL_Driver/stm32f0xx_hal_rcc.o
                0x080027a8                HAL_RCC_GetPCLK1Freq
 .text.HAL_RCCEx_PeriphCLKConfig
                0x080027c8      0x130 Drivers/STM32F0xx_HAL_Driver/stm32f0xx_hal_rcc_ex.o
                0x080027c8                HAL_RCCEx_PeriphCLKConfig
 .text.TIM_OC1_SetConfig
                0x080028f8       0x88 Drivers/STM32F0xx_HAL_Driver/stm32f0xx_hal_tim.o
 .text.TIM_OC3_SetConfig
                0x08002980       0x90 Drivers/STM32F0xx_HAL_Driver/stm32f0xx_hal_tim.o
 .text.TIM_OC4_SetConfig
                0x08002a10       0x74 Drivers/STM32F0xx_HAL_Driver/stm32f0xx_hal_tim.o
 .text.HAL_TIM_Base_Start_IT
                0x08002a84       0x18 Drivers/STM32F0xx_HAL_Driver/stm32f0xx_hal_tim.o
                0x08002a84                HAL_TIM_Base_Start_IT
 .text.HAL_TIM_OC_DelayElapsedCallback
                0x08002a9c        0x4 Drivers/STM32F0xx_HAL_Driver/stm32f0xx_hal_tim.o
                0x08002a9c                HAL_TIM_OC_DelayElapsedCallback
 .text.HAL_TIM_IC_CaptureCallback
                0x08002aa0        0x4 Drivers/STM32F0xx_HAL_Driver/stm32f0xx_hal_tim.o
                0x08002aa0                HAL_TIM_IC_CaptureCallback
 .text.HAL_TIM_PWM_PulseFinishedCallback
                0x08002aa4        0x4 Drivers/STM32F0xx_HAL_Driver/stm32f0xx_hal_tim.o
                0x08002aa4                HAL_TIM_PWM_PulseFinishedCallback
 .text.HAL_TIM_TriggerCallback
                0x08002aa8        0x4 Drivers/STM32F0xx_HAL_Driver/stm32f0xx_hal_tim.o
                0x08002aa8                HAL_TIM_TriggerCallback
 .text.HAL_TIM_IRQHandler
                0x08002aac      0x154 Drivers/STM32F0xx_HAL_Driver/stm32f0xx_hal_tim.o
                0x08002aac                HAL_TIM_IRQHandler
 .text.TIM_Base_SetConfig
                0x08002c00       0xa4 Drivers/STM32F0xx_HAL_Driver/stm32f0xx_hal_tim.o
                0x08002c00                TIM_Base_SetConfig
 .text.HAL_TIM_Base_Init
                0x08002ca4       0x34 Drivers/STM32F0xx_HAL_Driver/stm32f0xx_hal_tim.o
                0x08002ca4                HAL_TIM_Base_Init
 .text.HAL_TIM_PWM_Init
                0x08002cd8       0x34 Drivers/STM32F0xx_HAL_Driver/stm32f0xx_hal_tim.o
                0x08002cd8                HAL_TIM_PWM_Init
 .text.TIM_OC2_SetConfig
                0x08002d0c       0x84 Drivers/STM32F0xx_HAL_Driver/stm32f0xx_hal_tim.o
                0x08002d0c                TIM_OC2_SetConfig
 .text.HAL_TIM_PWM_ConfigChannel
                0x08002d90       0xf0 Drivers/STM32F0xx_HAL_Driver/stm32f0xx_hal_tim.o
                0x08002d90                HAL_TIM_PWM_ConfigChannel
 .text.TIM_CCxChannelCmd
                0x08002e80       0x18 Drivers/STM32F0xx_HAL_Driver/stm32f0xx_hal_tim.o
                0x08002e80                TIM_CCxChannelCmd
 .text.HAL_TIM_PWM_Start
                0x08002e98       0x64 Drivers/STM32F0xx_HAL_Driver/stm32f0xx_hal_tim.o
                0x08002e98                HAL_TIM_PWM_Start
 .text.HAL_TIMEx_MasterConfigSynchronization
                0x08002efc       0x4c Drivers/STM32F0xx_HAL_Driver/stm32f0xx_hal_tim_ex.o
                0x08002efc                HAL_TIMEx_MasterConfigSynchronization
 .text.HAL_TIMEx_ConfigBreakDeadTime
                0x08002f48       0x7c Drivers/STM32F0xx_HAL_Driver/stm32f0xx_hal_tim_ex.o
                0x08002f48                HAL_TIMEx_ConfigBreakDeadTime
 .text.HAL_TIMEx_CommutationCallback
                0x08002fc4        0x4 Drivers/STM32F0xx_HAL_Driver/stm32f0xx_hal_tim_ex.o
                0x08002fc4                HAL_TIMEx_CommutationCallback
 .text.HAL_TIMEx_BreakCallback
                0x08002fc8        0x4 Drivers/STM32F0xx_HAL_Driver/stm32f0xx_hal_tim_ex.o
                0x08002fc8                HAL_TIMEx_BreakCallback
 .text.UART_EndRxTransfer
                0x08002fcc       0x20 Drivers/STM32F0xx_HAL_Driver/stm32f0xx_hal_uart.o
 .text.HAL_UART_Transmit_IT
                0x08002fec       0x68 Drivers/STM32F0xx_HAL_Driver/stm32f0xx_hal_uart.o
                0x08002fec                HAL_UART_Transmit_IT
 .text.HAL_UART_Receive_IT
                0x08003054       0xb4 Drivers/STM32F0xx_HAL_Driver/stm32f0xx_hal_uart.o
                0x08003054                HAL_UART_Receive_IT
 .text.HAL_UART_TxCpltCallback
                0x08003108        0x4 Drivers/STM32F0xx_HAL_Driver/stm32f0xx_hal_uart.o
                0x08003108                HAL_UART_TxCpltCallback
 .text.HAL_UART_ErrorCallback
                0x0800310c        0x4 Drivers/STM32F0xx_HAL_Driver/stm32f0xx_hal_uart.o
                0x0800310c                HAL_UART_ErrorCallback
 .text.UART_DMAAbortOnError
                0x08003110       0x14 Drivers/STM32F0xx_HAL_Driver/stm32f0xx_hal_uart.o
 .text.UART_SetConfig
                0x08003124      0x1b4 Drivers/STM32F0xx_HAL_Driver/stm32f0xx_hal_uart.o
                0x08003124                UART_SetConfig
 .text.UART_AdvFeatureConfig
                0x080032d8       0xe0 Drivers/STM32F0xx_HAL_Driver/stm32f0xx_hal_uart.o
                0x080032d8                UART_AdvFeatureConfig
 .text.UART_WaitOnFlagUntilTimeout
                0x080033b8       0x6c Drivers/STM32F0xx_HAL_Driver/stm32f0xx_hal_uart.o
                0x080033b8                UART_WaitOnFlagUntilTimeout
 .text.UART_CheckIdleState
                0x08003424       0x78 Drivers/STM32F0xx_HAL_Driver/stm32f0xx_hal_uart.o
                0x08003424                UART_CheckIdleState
 .text.HAL_UART_Init
                0x0800349c       0x6c Drivers/STM32F0xx_HAL_Driver/stm32f0xx_hal_uart.o
                0x0800349c                HAL_UART_Init
 .text.UART_Transmit_IT
                0x08003508       0x6c Drivers/STM32F0xx_HAL_Driver/stm32f0xx_hal_uart.o
                0x08003508                UART_Transmit_IT
 .text.UART_EndTransmit_IT
                0x08003574       0x1c Drivers/STM32F0xx_HAL_Driver/stm32f0xx_hal_uart.o
                0x08003574                UART_EndTransmit_IT
 .text.UART_Receive_IT
                0x08003590       0x88 Drivers/STM32F0xx_HAL_Driver/stm32f0xx_hal_uart.o
                0x08003590                UART_Receive_IT
 .text.HAL_UART_IRQHandler
                0x08003618      0x140 Drivers/STM32F0xx_HAL_Driver/stm32f0xx_hal_uart.o
                0x08003618                HAL_UART_IRQHandler
 .text.HAL_UARTEx_WakeupCallback
                0x08003758        0x4 Drivers/STM32F0xx_HAL_Driver/stm32f0xx_hal_uart_ex.o
                0x08003758                HAL_UARTEx_WakeupCallback
 .text.atoi     0x0800375c        0xc c:/users/bartosz/.p2/pool/plugins/fr.ac6.mcu.externaltools.arm-none.win32_1.13.2.201703061525/tools/compiler/bin/../lib/gcc/arm-none-eabi/5.4.1/../../../../arm-none-eabi/lib/armv6-m\libc_nano.a(lib_a-atoi.o)
                0x0800375c                atoi
 .text.__libc_init_array
                0x08003768       0x4c c:/users/bartosz/.p2/pool/plugins/fr.ac6.mcu.externaltools.arm-none.win32_1.13.2.201703061525/tools/compiler/bin/../lib/gcc/arm-none-eabi/5.4.1/../../../../arm-none-eabi/lib/armv6-m\libc_nano.a(lib_a-init.o)
                0x08003768                __libc_init_array
 .text.memcpy   0x080037b4       0x12 c:/users/bartosz/.p2/pool/plugins/fr.ac6.mcu.externaltools.arm-none.win32_1.13.2.201703061525/tools/compiler/bin/../lib/gcc/arm-none-eabi/5.4.1/../../../../arm-none-eabi/lib/armv6-m\libc_nano.a(lib_a-memcpy-stub.o)
                0x080037b4                memcpy
 *fill*         0x080037c6        0x2 
 .text.sprintf  0x080037c8       0x44 c:/users/bartosz/.p2/pool/plugins/fr.ac6.mcu.externaltools.arm-none.win32_1.13.2.201703061525/tools/compiler/bin/../lib/gcc/arm-none-eabi/5.4.1/../../../../arm-none-eabi/lib/armv6-m\libc_nano.a(lib_a-sprintf.o)
                0x080037c8                siprintf
                0x080037c8                sprintf
 .text._strtol_l.isra.0
                0x0800380c      0x11c c:/users/bartosz/.p2/pool/plugins/fr.ac6.mcu.externaltools.arm-none.win32_1.13.2.201703061525/tools/compiler/bin/../lib/gcc/arm-none-eabi/5.4.1/../../../../arm-none-eabi/lib/armv6-m\libc_nano.a(lib_a-strtol.o)
 .text.strtol   0x08003928       0x28 c:/users/bartosz/.p2/pool/plugins/fr.ac6.mcu.externaltools.arm-none.win32_1.13.2.201703061525/tools/compiler/bin/../lib/gcc/arm-none-eabi/5.4.1/../../../../arm-none-eabi/lib/armv6-m\libc_nano.a(lib_a-strtol.o)
                0x08003928                strtol
 .text.__locale_ctype_ptr_l
                0x08003950        0x6 c:/users/bartosz/.p2/pool/plugins/fr.ac6.mcu.externaltools.arm-none.win32_1.13.2.201703061525/tools/compiler/bin/../lib/gcc/arm-none-eabi/5.4.1/../../../../arm-none-eabi/lib/armv6-m\libc_nano.a(lib_a-locale.o)
                0x08003950                __locale_ctype_ptr_l
 .text.__ascii_mbtowc
                0x08003956       0x24 c:/users/bartosz/.p2/pool/plugins/fr.ac6.mcu.externaltools.arm-none.win32_1.13.2.201703061525/tools/compiler/bin/../lib/gcc/arm-none-eabi/5.4.1/../../../../arm-none-eabi/lib/armv6-m\libc_nano.a(lib_a-mbtowc_r.o)
                0x08003956                __ascii_mbtowc
 *fill*         0x0800397a        0x2 
 .text.__ssputs_r
                0x0800397c       0xc4 c:/users/bartosz/.p2/pool/plugins/fr.ac6.mcu.externaltools.arm-none.win32_1.13.2.201703061525/tools/compiler/bin/../lib/gcc/arm-none-eabi/5.4.1/../../../../arm-none-eabi/lib/armv6-m\libc_nano.a(lib_a-nano-svfprintf.o)
                0x0800397c                __ssputs_r
 .text._svfprintf_r
                0x08003a40      0x1fc c:/users/bartosz/.p2/pool/plugins/fr.ac6.mcu.externaltools.arm-none.win32_1.13.2.201703061525/tools/compiler/bin/../lib/gcc/arm-none-eabi/5.4.1/../../../../arm-none-eabi/lib/armv6-m\libc_nano.a(lib_a-nano-svfprintf.o)
                0x08003a40                _svfiprintf_r
                0x08003a40                _svfprintf_r
 .text._printf_common
                0x08003c3c       0xdc c:/users/bartosz/.p2/pool/plugins/fr.ac6.mcu.externaltools.arm-none.win32_1.13.2.201703061525/tools/compiler/bin/../lib/gcc/arm-none-eabi/5.4.1/../../../../arm-none-eabi/lib/armv6-m\libc_nano.a(lib_a-nano-vfprintf_i.o)
                0x08003c3c                _printf_common
 .text._printf_i
                0x08003d18      0x244 c:/users/bartosz/.p2/pool/plugins/fr.ac6.mcu.externaltools.arm-none.win32_1.13.2.201703061525/tools/compiler/bin/../lib/gcc/arm-none-eabi/5.4.1/../../../../arm-none-eabi/lib/armv6-m\libc_nano.a(lib_a-nano-vfprintf_i.o)
                0x08003d18                _printf_i
 .text.__ascii_wctomb
                0x08003f5c       0x18 c:/users/bartosz/.p2/pool/plugins/fr.ac6.mcu.externaltools.arm-none.win32_1.13.2.201703061525/tools/compiler/bin/../lib/gcc/arm-none-eabi/5.4.1/../../../../arm-none-eabi/lib/armv6-m\libc_nano.a(lib_a-wctomb_r.o)
                0x08003f5c                __ascii_wctomb
 .text.memchr   0x08003f74       0x16 c:/users/bartosz/.p2/pool/plugins/fr.ac6.mcu.externaltools.arm-none.win32_1.13.2.201703061525/tools/compiler/bin/../lib/gcc/arm-none-eabi/5.4.1/../../../../arm-none-eabi/lib/armv6-m\libc_nano.a(lib_a-memchr-stub.o)
                0x08003f74                memchr
 .text.memmove  0x08003f8a       0x2a c:/users/bartosz/.p2/pool/plugins/fr.ac6.mcu.externaltools.arm-none.win32_1.13.2.201703061525/tools/compiler/bin/../lib/gcc/arm-none-eabi/5.4.1/../../../../arm-none-eabi/lib/armv6-m\libc_nano.a(lib_a-memmove.o)
                0x08003f8a                memmove
 .text._free_r  0x08003fb4       0x98 c:/users/bartosz/.p2/pool/plugins/fr.ac6.mcu.externaltools.arm-none.win32_1.13.2.201703061525/tools/compiler/bin/../lib/gcc/arm-none-eabi/5.4.1/../../../../arm-none-eabi/lib/armv6-m\libc_nano.a(lib_a-nano-freer.o)
                0x08003fb4                _free_r
 .text._malloc_r
                0x0800404c       0xc0 c:/users/bartosz/.p2/pool/plugins/fr.ac6.mcu.externaltools.arm-none.win32_1.13.2.201703061525/tools/compiler/bin/../lib/gcc/arm-none-eabi/5.4.1/../../../../arm-none-eabi/lib/armv6-m\libc_nano.a(lib_a-nano-mallocr.o)
                0x0800404c                _malloc_r
 .text._realloc_r
                0x0800410c       0x4c c:/users/bartosz/.p2/pool/plugins/fr.ac6.mcu.externaltools.arm-none.win32_1.13.2.201703061525/tools/compiler/bin/../lib/gcc/arm-none-eabi/5.4.1/../../../../arm-none-eabi/lib/armv6-m\libc_nano.a(lib_a-nano-reallocr.o)
                0x0800410c                _realloc_r
 .text._sbrk_r  0x08004158       0x24 c:/users/bartosz/.p2/pool/plugins/fr.ac6.mcu.externaltools.arm-none.win32_1.13.2.201703061525/tools/compiler/bin/../lib/gcc/arm-none-eabi/5.4.1/../../../../arm-none-eabi/lib/armv6-m\libc_nano.a(lib_a-sbrkr.o)
                0x08004158                _sbrk_r
 .text.__malloc_lock
                0x0800417c        0x2 c:/users/bartosz/.p2/pool/plugins/fr.ac6.mcu.externaltools.arm-none.win32_1.13.2.201703061525/tools/compiler/bin/../lib/gcc/arm-none-eabi/5.4.1/../../../../arm-none-eabi/lib/armv6-m\libc_nano.a(lib_a-mlock.o)
                0x0800417c                __malloc_lock
 .text.__malloc_unlock
                0x0800417e        0x2 c:/users/bartosz/.p2/pool/plugins/fr.ac6.mcu.externaltools.arm-none.win32_1.13.2.201703061525/tools/compiler/bin/../lib/gcc/arm-none-eabi/5.4.1/../../../../arm-none-eabi/lib/armv6-m\libc_nano.a(lib_a-mlock.o)
                0x0800417e                __malloc_unlock
 .text._malloc_usable_size_r
                0x08004180       0x16 c:/users/bartosz/.p2/pool/plugins/fr.ac6.mcu.externaltools.arm-none.win32_1.13.2.201703061525/tools/compiler/bin/../lib/gcc/arm-none-eabi/5.4.1/../../../../arm-none-eabi/lib/armv6-m\libc_nano.a(lib_a-nano-msizer.o)
                0x08004180                _malloc_usable_size_r
 *fill*         0x08004196        0x2 
 .text._sbrk    0x08004198       0x1c c:/users/bartosz/.p2/pool/plugins/fr.ac6.mcu.externaltools.arm-none.win32_1.13.2.201703061525/tools/compiler/bin/../lib/gcc/arm-none-eabi/5.4.1/../../../../arm-none-eabi/lib/armv6-m\libnosys.a(sbrk.o)
                0x08004198                _sbrk
 *(.glue_7)
 .glue_7        0x080041b4        0x0 linker stubs
 *(.glue_7t)
 .glue_7t       0x080041b4        0x0 linker stubs
 *(.eh_frame)
 .eh_frame      0x080041b4        0x0 c:/users/bartosz/.p2/pool/plugins/fr.ac6.mcu.externaltools.arm-none.win32_1.13.2.201703061525/tools/compiler/bin/../lib/gcc/arm-none-eabi/5.4.1/armv6-m/crtbegin.o
 *(.init)
 .init          0x080041b4        0x4 c:/users/bartosz/.p2/pool/plugins/fr.ac6.mcu.externaltools.arm-none.win32_1.13.2.201703061525/tools/compiler/bin/../lib/gcc/arm-none-eabi/5.4.1/armv6-m/crti.o
                0x080041b4                _init
 .init          0x080041b8        0x8 c:/users/bartosz/.p2/pool/plugins/fr.ac6.mcu.externaltools.arm-none.win32_1.13.2.201703061525/tools/compiler/bin/../lib/gcc/arm-none-eabi/5.4.1/armv6-m/crtn.o
 *(.fini)
 .fini          0x080041c0        0x4 c:/users/bartosz/.p2/pool/plugins/fr.ac6.mcu.externaltools.arm-none.win32_1.13.2.201703061525/tools/compiler/bin/../lib/gcc/arm-none-eabi/5.4.1/armv6-m/crti.o
                0x080041c0                _fini
 .fini          0x080041c4        0x8 c:/users/bartosz/.p2/pool/plugins/fr.ac6.mcu.externaltools.arm-none.win32_1.13.2.201703061525/tools/compiler/bin/../lib/gcc/arm-none-eabi/5.4.1/armv6-m/crtn.o
                0x080041cc                . = ALIGN (0x4)
                0x080041cc                _etext = .

.vfp11_veneer   0x080041cc        0x0
 .vfp11_veneer  0x080041cc        0x0 linker stubs

.v4_bx          0x080041cc        0x0
 .v4_bx         0x080041cc        0x0 linker stubs

.iplt           0x080041cc        0x0
 .iplt          0x080041cc        0x0 c:/users/bartosz/.p2/pool/plugins/fr.ac6.mcu.externaltools.arm-none.win32_1.13.2.201703061525/tools/compiler/bin/../lib/gcc/arm-none-eabi/5.4.1/armv6-m/crtbegin.o

.rodata         0x080041cc      0x1f4
                0x080041cc                . = ALIGN (0x4)
 *(.rodata)
 .rodata        0x080041cc       0x18 Application/User/main.o
 .rodata        0x080041e4       0x18 Drivers/CMSIS/system_stm32f0xx.o
                0x080041e4                AHBPrescTable
                0x080041f4                APBPrescTable
 .rodata        0x080041fc       0x20 Drivers/STM32F0xx_HAL_Driver/stm32f0xx_hal_rcc.o
 .rodata        0x0800421c       0x40 c:/users/bartosz/.p2/pool/plugins/fr.ac6.mcu.externaltools.arm-none.win32_1.13.2.201703061525/tools/compiler/bin/../lib/gcc/arm-none-eabi/5.4.1/armv6-m\libgcc.a(muldf3.o)
 *(.rodata*)
 .rodata.str1.4
                0x0800425c       0x24 Application/User/main.o
                                 0x22 (size before relaxing)
 .rodata.str1.1
                0x08004280        0xa c:/users/bartosz/.p2/pool/plugins/fr.ac6.mcu.externaltools.arm-none.win32_1.13.2.201703061525/tools/compiler/bin/../lib/gcc/arm-none-eabi/5.4.1/../../../../arm-none-eabi/lib/armv6-m\libc_nano.a(lib_a-locale.o)
                                  0xb (size before relaxing)
 .rodata.str1.1
                0x0800428a       0x11 c:/users/bartosz/.p2/pool/plugins/fr.ac6.mcu.externaltools.arm-none.win32_1.13.2.201703061525/tools/compiler/bin/../lib/gcc/arm-none-eabi/5.4.1/../../../../arm-none-eabi/lib/armv6-m\libc_nano.a(lib_a-nano-svfprintf.o)
 .rodata.str1.1
                0x0800429b       0x22 c:/users/bartosz/.p2/pool/plugins/fr.ac6.mcu.externaltools.arm-none.win32_1.13.2.201703061525/tools/compiler/bin/../lib/gcc/arm-none-eabi/5.4.1/../../../../arm-none-eabi/lib/armv6-m\libc_nano.a(lib_a-nano-vfprintf_i.o)
 .rodata._ctype_
                0x080042bd      0x101 c:/users/bartosz/.p2/pool/plugins/fr.ac6.mcu.externaltools.arm-none.win32_1.13.2.201703061525/tools/compiler/bin/../lib/gcc/arm-none-eabi/5.4.1/../../../../arm-none-eabi/lib/armv6-m\libc_nano.a(lib_a-ctype_.o)
                0x080042bd                _ctype_
                0x080043c0                . = ALIGN (0x4)
 *fill*         0x080043be        0x2 

.rel.dyn        0x080043c0        0x0
 .rel.iplt      0x080043c0        0x0 c:/users/bartosz/.p2/pool/plugins/fr.ac6.mcu.externaltools.arm-none.win32_1.13.2.201703061525/tools/compiler/bin/../lib/gcc/arm-none-eabi/5.4.1/armv6-m/crtbegin.o

.ARM.extab
 *(.ARM.extab* .gnu.linkonce.armextab.*)

.ARM            0x080043c0        0x0
                0x080043c0                __exidx_start = .
 *(.ARM.exidx*)
                0x080043c0                __exidx_end = .

.preinit_array  0x080043c0        0x0
                0x080043c0                PROVIDE (__preinit_array_start, .)
 *(.preinit_array*)
                0x080043c0                PROVIDE (__preinit_array_end, .)

.init_array     0x080043c0        0x4
                0x080043c0                PROVIDE (__init_array_start, .)
 *(SORT(.init_array.*))
 *(.init_array*)
 .init_array    0x080043c0        0x4 c:/users/bartosz/.p2/pool/plugins/fr.ac6.mcu.externaltools.arm-none.win32_1.13.2.201703061525/tools/compiler/bin/../lib/gcc/arm-none-eabi/5.4.1/armv6-m/crtbegin.o
                0x080043c4                PROVIDE (__init_array_end, .)

.fini_array     0x080043c4        0x4
                [!provide]                PROVIDE (__fini_array_start, .)
 *(SORT(.fini_array.*))
 *(.fini_array*)
 .fini_array    0x080043c4        0x4 c:/users/bartosz/.p2/pool/plugins/fr.ac6.mcu.externaltools.arm-none.win32_1.13.2.201703061525/tools/compiler/bin/../lib/gcc/arm-none-eabi/5.4.1/armv6-m/crtbegin.o
                [!provide]                PROVIDE (__fini_array_end, .)
                0x080043c8                _sidata = LOADADDR (.data)

.data           0x20000000      0x1e4 load address 0x080043c8
                0x20000000                . = ALIGN (0x4)
                0x20000000                _sdata = .
 *(.data)
 .data          0x20000000        0xd Application/User/main.o
                0x20000000                prog
                0x20000004                Kp
                0x20000008                V_zad
                0x2000000c                waga
 *fill*         0x2000000d        0x3 
 .data          0x20000010        0x4 Drivers/CMSIS/system_stm32f0xx.o
                0x20000010                SystemCoreClock
 *(.data*)
 .data.impure_data
                0x20000014       0x60 c:/users/bartosz/.p2/pool/plugins/fr.ac6.mcu.externaltools.arm-none.win32_1.13.2.201703061525/tools/compiler/bin/../lib/gcc/arm-none-eabi/5.4.1/../../../../arm-none-eabi/lib/armv6-m\libc_nano.a(lib_a-impure.o)
 .data._impure_ptr
                0x20000074        0x4 c:/users/bartosz/.p2/pool/plugins/fr.ac6.mcu.externaltools.arm-none.win32_1.13.2.201703061525/tools/compiler/bin/../lib/gcc/arm-none-eabi/5.4.1/../../../../arm-none-eabi/lib/armv6-m\libc_nano.a(lib_a-impure.o)
                0x20000074                _impure_ptr
 .data.__global_locale
                0x20000078      0x16c c:/users/bartosz/.p2/pool/plugins/fr.ac6.mcu.externaltools.arm-none.win32_1.13.2.201703061525/tools/compiler/bin/../lib/gcc/arm-none-eabi/5.4.1/../../../../arm-none-eabi/lib/armv6-m\libc_nano.a(lib_a-locale.o)
                0x20000078                __global_locale
                0x200001e4                . = ALIGN (0x4)
                0x200001e4                _edata = .

.jcr            0x200001e4        0x0 load address 0x080045ac
 .jcr           0x200001e4        0x0 c:/users/bartosz/.p2/pool/plugins/fr.ac6.mcu.externaltools.arm-none.win32_1.13.2.201703061525/tools/compiler/bin/../lib/gcc/arm-none-eabi/5.4.1/armv6-m/crtbegin.o

.igot.plt       0x200001e4        0x0 load address 0x080045ac
 .igot.plt      0x200001e4        0x0 c:/users/bartosz/.p2/pool/plugins/fr.ac6.mcu.externaltools.arm-none.win32_1.13.2.201703061525/tools/compiler/bin/../lib/gcc/arm-none-eabi/5.4.1/armv6-m/crtbegin.o
                0x200001e4                . = ALIGN (0x4)

.bss            0x200001e8      0x274 load address 0x080045ac
                0x200001e8                _sbss = .
                0x200001e8                __bss_start__ = _sbss
 *(.bss)
 .bss           0x200001e8       0x1c c:/users/bartosz/.p2/pool/plugins/fr.ac6.mcu.externaltools.arm-none.win32_1.13.2.201703061525/tools/compiler/bin/../lib/gcc/arm-none-eabi/5.4.1/armv6-m/crtbegin.o
 .bss           0x20000204       0x24 Application/User/main.o
                0x20000204                wlaczony
                0x20000208                pop_blad
                0x2000020c                przestrzelony
                0x20000210                blad
                0x20000214                Kd
                0x20000218                PRAWY
                0x2000021c                LEWY
                0x20000220                petla
                0x20000224                regulacja
 *(.bss*)
 .bss.__malloc_sbrk_start
                0x20000228        0x4 c:/users/bartosz/.p2/pool/plugins/fr.ac6.mcu.externaltools.arm-none.win32_1.13.2.201703061525/tools/compiler/bin/../lib/gcc/arm-none-eabi/5.4.1/../../../../arm-none-eabi/lib/armv6-m\libc_nano.a(lib_a-nano-mallocr.o)
                0x20000228                __malloc_sbrk_start
 .bss.__malloc_free_list
                0x2000022c        0x4 c:/users/bartosz/.p2/pool/plugins/fr.ac6.mcu.externaltools.arm-none.win32_1.13.2.201703061525/tools/compiler/bin/../lib/gcc/arm-none-eabi/5.4.1/../../../../arm-none-eabi/lib/armv6-m\libc_nano.a(lib_a-nano-mallocr.o)
                0x2000022c                __malloc_free_list
 .bss.heap_end.4167
                0x20000230        0x4 c:/users/bartosz/.p2/pool/plugins/fr.ac6.mcu.externaltools.arm-none.win32_1.13.2.201703061525/tools/compiler/bin/../lib/gcc/arm-none-eabi/5.4.1/../../../../arm-none-eabi/lib/armv6-m\libnosys.a(sbrk.o)
 *(COMMON)
 COMMON         0x20000234       0x90 Application/User/adc.o
                0x20000234                hdma_adc
                0x20000278                hadc
 COMMON         0x200002c4       0x80 Application/User/main.o
                0x200002c4                Received
                0x200002c8                T
                0x200002d8                Data
                0x2000033c                size
                0x20000340                petla_bluetooth
 COMMON         0x20000344       0x80 Application/User/tim.o
                0x20000344                htim6
                0x20000384                htim1
 COMMON         0x200003c4       0x70 Application/User/usart.o
                0x200003c4                huart1
 COMMON         0x20000434        0x4 Drivers/STM32F0xx_HAL_Driver/stm32f0xx_hal.o
                0x20000434                uwTick
 COMMON         0x20000438       0x20 Drivers/STM32F0xx_HAL_Driver/stm32f0xx_hal_flash.o
                0x20000438                pFlash
 COMMON         0x20000458        0x4 c:/users/bartosz/.p2/pool/plugins/fr.ac6.mcu.externaltools.arm-none.win32_1.13.2.201703061525/tools/compiler/bin/../lib/gcc/arm-none-eabi/5.4.1/../../../../arm-none-eabi/lib/armv6-m\libc_nano.a(lib_a-reent.o)
                0x20000458                errno
                0x2000045c                . = ALIGN (0x4)
                0x2000045c                _ebss = .
                0x2000045c                __bss_end__ = _ebss

._user_heap_stack
                0x2000045c      0x604 load address 0x080045ac
                0x20000460                . = ALIGN (0x8)
 *fill*         0x2000045c        0x4 
                0x20000460                PROVIDE (end, .)
                [!provide]                PROVIDE (_end, .)
                0x20000660                . = (. + _Min_Heap_Size)
 *fill*         0x20000460      0x200 
                0x20000a60                . = (. + _Min_Stack_Size)
 *fill*         0x20000660      0x400 
                0x20000a60                . = ALIGN (0x8)

/DISCARD/
 libc.a(*)
 libm.a(*)
 libgcc.a(*)

.ARM.attributes
                0x00000000       0x28
 *(.ARM.attributes)
 .ARM.attributes
                0x00000000       0x1e c:/users/bartosz/.p2/pool/plugins/fr.ac6.mcu.externaltools.arm-none.win32_1.13.2.201703061525/tools/compiler/bin/../lib/gcc/arm-none-eabi/5.4.1/armv6-m/crti.o
 .ARM.attributes
                0x0000001e       0x2c c:/users/bartosz/.p2/pool/plugins/fr.ac6.mcu.externaltools.arm-none.win32_1.13.2.201703061525/tools/compiler/bin/../lib/gcc/arm-none-eabi/5.4.1/armv6-m/crtbegin.o
 .ARM.attributes
                0x0000004a       0x21 Application/SW4STM32/startup_stm32f051x8.o
 .ARM.attributes
                0x0000006b       0x31 Application/User/adc.o
 .ARM.attributes
                0x0000009c       0x31 Application/User/dma.o
 .ARM.attributes
                0x000000cd       0x31 Application/User/gpio.o
 .ARM.attributes
                0x000000fe       0x31 Application/User/main.o
 .ARM.attributes
                0x0000012f       0x31 Application/User/stm32f0xx_hal_msp.o
 .ARM.attributes
                0x00000160       0x31 Application/User/stm32f0xx_it.o
 .ARM.attributes
                0x00000191       0x31 Application/User/tim.o
 .ARM.attributes
                0x000001c2       0x31 Application/User/usart.o
 .ARM.attributes
                0x000001f3       0x31 Drivers/CMSIS/system_stm32f0xx.o
 .ARM.attributes
                0x00000224       0x31 Drivers/STM32F0xx_HAL_Driver/stm32f0xx_hal.o
 .ARM.attributes
                0x00000255       0x31 Drivers/STM32F0xx_HAL_Driver/stm32f0xx_hal_adc.o
 .ARM.attributes
                0x00000286       0x31 Drivers/STM32F0xx_HAL_Driver/stm32f0xx_hal_cortex.o
 .ARM.attributes
                0x000002b7       0x31 Drivers/STM32F0xx_HAL_Driver/stm32f0xx_hal_dma.o
 .ARM.attributes
                0x000002e8       0x31 Drivers/STM32F0xx_HAL_Driver/stm32f0xx_hal_flash.o
 .ARM.attributes
                0x00000319       0x31 Drivers/STM32F0xx_HAL_Driver/stm32f0xx_hal_flash_ex.o
 .ARM.attributes
                0x0000034a       0x31 Drivers/STM32F0xx_HAL_Driver/stm32f0xx_hal_gpio.o
 .ARM.attributes
                0x0000037b       0x31 Drivers/STM32F0xx_HAL_Driver/stm32f0xx_hal_rcc.o
 .ARM.attributes
                0x000003ac       0x31 Drivers/STM32F0xx_HAL_Driver/stm32f0xx_hal_rcc_ex.o
 .ARM.attributes
                0x000003dd       0x31 Drivers/STM32F0xx_HAL_Driver/stm32f0xx_hal_tim.o
 .ARM.attributes
                0x0000040e       0x31 Drivers/STM32F0xx_HAL_Driver/stm32f0xx_hal_tim_ex.o
 .ARM.attributes
                0x0000043f       0x31 Drivers/STM32F0xx_HAL_Driver/stm32f0xx_hal_uart.o
 .ARM.attributes
                0x00000470       0x31 Drivers/STM32F0xx_HAL_Driver/stm32f0xx_hal_uart_ex.o
 .ARM.attributes
                0x000004a1       0x1e c:/users/bartosz/.p2/pool/plugins/fr.ac6.mcu.externaltools.arm-none.win32_1.13.2.201703061525/tools/compiler/bin/../lib/gcc/arm-none-eabi/5.4.1/armv6-m\libgcc.a(_udivsi3.o)
 .ARM.attributes
                0x000004bf       0x1e c:/users/bartosz/.p2/pool/plugins/fr.ac6.mcu.externaltools.arm-none.win32_1.13.2.201703061525/tools/compiler/bin/../lib/gcc/arm-none-eabi/5.4.1/armv6-m\libgcc.a(_divsi3.o)
 .ARM.attributes
                0x000004dd       0x1e c:/users/bartosz/.p2/pool/plugins/fr.ac6.mcu.externaltools.arm-none.win32_1.13.2.201703061525/tools/compiler/bin/../lib/gcc/arm-none-eabi/5.4.1/armv6-m\libgcc.a(_dvmd_tls.o)
 .ARM.attributes
                0x000004fb       0x2c c:/users/bartosz/.p2/pool/plugins/fr.ac6.mcu.externaltools.arm-none.win32_1.13.2.201703061525/tools/compiler/bin/../lib/gcc/arm-none-eabi/5.4.1/armv6-m\libgcc.a(muldf3.o)
 .ARM.attributes
                0x00000527       0x2c c:/users/bartosz/.p2/pool/plugins/fr.ac6.mcu.externaltools.arm-none.win32_1.13.2.201703061525/tools/compiler/bin/../lib/gcc/arm-none-eabi/5.4.1/armv6-m\libgcc.a(fixdfsi.o)
 .ARM.attributes
                0x00000553       0x2c c:/users/bartosz/.p2/pool/plugins/fr.ac6.mcu.externaltools.arm-none.win32_1.13.2.201703061525/tools/compiler/bin/../lib/gcc/arm-none-eabi/5.4.1/armv6-m\libgcc.a(floatsidf.o)
 .ARM.attributes
                0x0000057f       0x1e c:/users/bartosz/.p2/pool/plugins/fr.ac6.mcu.externaltools.arm-none.win32_1.13.2.201703061525/tools/compiler/bin/../lib/gcc/arm-none-eabi/5.4.1/armv6-m\libgcc.a(_clzsi2.o)
 .ARM.attributes
                0x0000059d       0x2c c:/users/bartosz/.p2/pool/plugins/fr.ac6.mcu.externaltools.arm-none.win32_1.13.2.201703061525/tools/compiler/bin/../lib/gcc/arm-none-eabi/5.4.1/../../../../arm-none-eabi/lib/armv6-m\libc_nano.a(lib_a-atoi.o)
 .ARM.attributes
                0x000005c9       0x2c c:/users/bartosz/.p2/pool/plugins/fr.ac6.mcu.externaltools.arm-none.win32_1.13.2.201703061525/tools/compiler/bin/../lib/gcc/arm-none-eabi/5.4.1/../../../../arm-none-eabi/lib/armv6-m\libc_nano.a(lib_a-impure.o)
 .ARM.attributes
                0x000005f5       0x2c c:/users/bartosz/.p2/pool/plugins/fr.ac6.mcu.externaltools.arm-none.win32_1.13.2.201703061525/tools/compiler/bin/../lib/gcc/arm-none-eabi/5.4.1/../../../../arm-none-eabi/lib/armv6-m\libc_nano.a(lib_a-init.o)
 .ARM.attributes
                0x00000621       0x2c c:/users/bartosz/.p2/pool/plugins/fr.ac6.mcu.externaltools.arm-none.win32_1.13.2.201703061525/tools/compiler/bin/../lib/gcc/arm-none-eabi/5.4.1/../../../../arm-none-eabi/lib/armv6-m\libc_nano.a(lib_a-memcpy-stub.o)
 .ARM.attributes
                0x0000064d       0x2c c:/users/bartosz/.p2/pool/plugins/fr.ac6.mcu.externaltools.arm-none.win32_1.13.2.201703061525/tools/compiler/bin/../lib/gcc/arm-none-eabi/5.4.1/../../../../arm-none-eabi/lib/armv6-m\libc_nano.a(lib_a-sprintf.o)
 .ARM.attributes
                0x00000679       0x2c c:/users/bartosz/.p2/pool/plugins/fr.ac6.mcu.externaltools.arm-none.win32_1.13.2.201703061525/tools/compiler/bin/../lib/gcc/arm-none-eabi/5.4.1/../../../../arm-none-eabi/lib/armv6-m\libc_nano.a(lib_a-strtol.o)
 .ARM.attributes
                0x000006a5       0x2c c:/users/bartosz/.p2/pool/plugins/fr.ac6.mcu.externaltools.arm-none.win32_1.13.2.201703061525/tools/compiler/bin/../lib/gcc/arm-none-eabi/5.4.1/../../../../arm-none-eabi/lib/armv6-m\libc_nano.a(lib_a-locale.o)
 .ARM.attributes
                0x000006d1       0x2c c:/users/bartosz/.p2/pool/plugins/fr.ac6.mcu.externaltools.arm-none.win32_1.13.2.201703061525/tools/compiler/bin/../lib/gcc/arm-none-eabi/5.4.1/../../../../arm-none-eabi/lib/armv6-m\libc_nano.a(lib_a-mbtowc_r.o)
 .ARM.attributes
                0x000006fd       0x2c c:/users/bartosz/.p2/pool/plugins/fr.ac6.mcu.externaltools.arm-none.win32_1.13.2.201703061525/tools/compiler/bin/../lib/gcc/arm-none-eabi/5.4.1/../../../../arm-none-eabi/lib/armv6-m\libc_nano.a(lib_a-nano-svfprintf.o)
 .ARM.attributes
                0x00000729       0x2c c:/users/bartosz/.p2/pool/plugins/fr.ac6.mcu.externaltools.arm-none.win32_1.13.2.201703061525/tools/compiler/bin/../lib/gcc/arm-none-eabi/5.4.1/../../../../arm-none-eabi/lib/armv6-m\libc_nano.a(lib_a-nano-vfprintf_i.o)
 .ARM.attributes
                0x00000755       0x2c c:/users/bartosz/.p2/pool/plugins/fr.ac6.mcu.externaltools.arm-none.win32_1.13.2.201703061525/tools/compiler/bin/../lib/gcc/arm-none-eabi/5.4.1/../../../../arm-none-eabi/lib/armv6-m\libc_nano.a(lib_a-wctomb_r.o)
 .ARM.attributes
                0x00000781       0x2c c:/users/bartosz/.p2/pool/plugins/fr.ac6.mcu.externaltools.arm-none.win32_1.13.2.201703061525/tools/compiler/bin/../lib/gcc/arm-none-eabi/5.4.1/../../../../arm-none-eabi/lib/armv6-m\libc_nano.a(lib_a-ctype_.o)
 .ARM.attributes
                0x000007ad       0x2c c:/users/bartosz/.p2/pool/plugins/fr.ac6.mcu.externaltools.arm-none.win32_1.13.2.201703061525/tools/compiler/bin/../lib/gcc/arm-none-eabi/5.4.1/../../../../arm-none-eabi/lib/armv6-m\libc_nano.a(lib_a-memchr-stub.o)
 .ARM.attributes
                0x000007d9       0x2c c:/users/bartosz/.p2/pool/plugins/fr.ac6.mcu.externaltools.arm-none.win32_1.13.2.201703061525/tools/compiler/bin/../lib/gcc/arm-none-eabi/5.4.1/../../../../arm-none-eabi/lib/armv6-m\libc_nano.a(lib_a-memmove.o)
 .ARM.attributes
                0x00000805       0x2c c:/users/bartosz/.p2/pool/plugins/fr.ac6.mcu.externaltools.arm-none.win32_1.13.2.201703061525/tools/compiler/bin/../lib/gcc/arm-none-eabi/5.4.1/../../../../arm-none-eabi/lib/armv6-m\libc_nano.a(lib_a-nano-freer.o)
 .ARM.attributes
                0x00000831       0x2c c:/users/bartosz/.p2/pool/plugins/fr.ac6.mcu.externaltools.arm-none.win32_1.13.2.201703061525/tools/compiler/bin/../lib/gcc/arm-none-eabi/5.4.1/../../../../arm-none-eabi/lib/armv6-m\libc_nano.a(lib_a-nano-mallocr.o)
 .ARM.attributes
                0x0000085d       0x2c c:/users/bartosz/.p2/pool/plugins/fr.ac6.mcu.externaltools.arm-none.win32_1.13.2.201703061525/tools/compiler/bin/../lib/gcc/arm-none-eabi/5.4.1/../../../../arm-none-eabi/lib/armv6-m\libc_nano.a(lib_a-nano-reallocr.o)
 .ARM.attributes
                0x00000889       0x2c c:/users/bartosz/.p2/pool/plugins/fr.ac6.mcu.externaltools.arm-none.win32_1.13.2.201703061525/tools/compiler/bin/../lib/gcc/arm-none-eabi/5.4.1/../../../../arm-none-eabi/lib/armv6-m\libc_nano.a(lib_a-sbrkr.o)
 .ARM.attributes
                0x000008b5       0x2c c:/users/bartosz/.p2/pool/plugins/fr.ac6.mcu.externaltools.arm-none.win32_1.13.2.201703061525/tools/compiler/bin/../lib/gcc/arm-none-eabi/5.4.1/../../../../arm-none-eabi/lib/armv6-m\libc_nano.a(lib_a-mlock.o)
 .ARM.attributes
                0x000008e1       0x2c c:/users/bartosz/.p2/pool/plugins/fr.ac6.mcu.externaltools.arm-none.win32_1.13.2.201703061525/tools/compiler/bin/../lib/gcc/arm-none-eabi/5.4.1/../../../../arm-none-eabi/lib/armv6-m\libc_nano.a(lib_a-nano-msizer.o)
 .ARM.attributes
                0x0000090d       0x2c c:/users/bartosz/.p2/pool/plugins/fr.ac6.mcu.externaltools.arm-none.win32_1.13.2.201703061525/tools/compiler/bin/../lib/gcc/arm-none-eabi/5.4.1/../../../../arm-none-eabi/lib/armv6-m\libc_nano.a(lib_a-reent.o)
 .ARM.attributes
                0x00000939       0x2c c:/users/bartosz/.p2/pool/plugins/fr.ac6.mcu.externaltools.arm-none.win32_1.13.2.201703061525/tools/compiler/bin/../lib/gcc/arm-none-eabi/5.4.1/../../../../arm-none-eabi/lib/armv6-m\libnosys.a(sbrk.o)
 .ARM.attributes
                0x00000965       0x1e c:/users/bartosz/.p2/pool/plugins/fr.ac6.mcu.externaltools.arm-none.win32_1.13.2.201703061525/tools/compiler/bin/../lib/gcc/arm-none-eabi/5.4.1/armv6-m/crtn.o
OUTPUT(BEBO_MX.elf elf32-littlearm)

.debug_line     0x00000000     0xf997
 .debug_line    0x00000000       0xc6 Application/SW4STM32/startup_stm32f051x8.o
 .debug_line    0x000000c6      0x930 Application/User/adc.o
 .debug_line    0x000009f6      0x8bb Application/User/dma.o
 .debug_line    0x000012b1      0x8d0 Application/User/gpio.o
 .debug_line    0x00001b81      0xa3d Application/User/main.o
 .debug_line    0x000025be      0x8c5 Application/User/stm32f0xx_hal_msp.o
 .debug_line    0x00002e83      0x98c Application/User/stm32f0xx_it.o
 .debug_line    0x0000380f      0x95f Application/User/tim.o
 .debug_line    0x0000416e      0x902 Application/User/usart.o
 .debug_line    0x00004a70      0x8ed Drivers/CMSIS/system_stm32f0xx.o
 .debug_line    0x0000535d      0xa03 Drivers/STM32F0xx_HAL_Driver/stm32f0xx_hal.o
 .debug_line    0x00005d60      0xe12 Drivers/STM32F0xx_HAL_Driver/stm32f0xx_hal_adc.o
 .debug_line    0x00006b72      0xa21 Drivers/STM32F0xx_HAL_Driver/stm32f0xx_hal_cortex.o
 .debug_line    0x00007593      0xb00 Drivers/STM32F0xx_HAL_Driver/stm32f0xx_hal_dma.o
 .debug_line    0x00008093      0xa89 Drivers/STM32F0xx_HAL_Driver/stm32f0xx_hal_flash.o
 .debug_line    0x00008b1c      0xae3 Drivers/STM32F0xx_HAL_Driver/stm32f0xx_hal_flash_ex.o
 .debug_line    0x000095ff      0xa0b Drivers/STM32F0xx_HAL_Driver/stm32f0xx_hal_gpio.o
 .debug_line    0x0000a00a      0xb56 Drivers/STM32F0xx_HAL_Driver/stm32f0xx_hal_rcc.o
 .debug_line    0x0000ab60      0x9c7 Drivers/STM32F0xx_HAL_Driver/stm32f0xx_hal_rcc_ex.o
 .debug_line    0x0000b527     0x1946 Drivers/STM32F0xx_HAL_Driver/stm32f0xx_hal_tim.o
 .debug_line    0x0000ce6d      0xea3 Drivers/STM32F0xx_HAL_Driver/stm32f0xx_hal_tim_ex.o
 .debug_line    0x0000dd10     0x1241 Drivers/STM32F0xx_HAL_Driver/stm32f0xx_hal_uart.o
 .debug_line    0x0000ef51      0xa46 Drivers/STM32F0xx_HAL_Driver/stm32f0xx_hal_uart_ex.o

.debug_info     0x00000000     0xf4ab
 .debug_info    0x00000000       0xe4 Application/SW4STM32/startup_stm32f051x8.o
 .debug_info    0x000000e4      0x999 Application/User/adc.o
 .debug_info    0x00000a7d      0x2b8 Application/User/dma.o
 .debug_info    0x00000d35      0x4e8 Application/User/gpio.o
 .debug_info    0x0000121d     0x154f Application/User/main.o
 .debug_info    0x0000276c      0x342 Application/User/stm32f0xx_hal_msp.o
 .debug_info    0x00002aae      0x9ee Application/User/stm32f0xx_it.o
 .debug_info    0x0000349c      0xc6b Application/User/tim.o
 .debug_info    0x00004107      0xa12 Application/User/usart.o
 .debug_info    0x00004b19      0x24b Drivers/CMSIS/system_stm32f0xx.o
 .debug_info    0x00004d64      0x5b1 Drivers/STM32F0xx_HAL_Driver/stm32f0xx_hal.o
 .debug_info    0x00005315      0xe0a Drivers/STM32F0xx_HAL_Driver/stm32f0xx_hal_adc.o
 .debug_info    0x0000611f      0x77b Drivers/STM32F0xx_HAL_Driver/stm32f0xx_hal_cortex.o
 .debug_info    0x0000689a      0x7d8 Drivers/STM32F0xx_HAL_Driver/stm32f0xx_hal_dma.o
 .debug_info    0x00007072      0x5f1 Drivers/STM32F0xx_HAL_Driver/stm32f0xx_hal_flash.o
 .debug_info    0x00007663      0x938 Drivers/STM32F0xx_HAL_Driver/stm32f0xx_hal_flash_ex.o
 .debug_info    0x00007f9b      0x5e8 Drivers/STM32F0xx_HAL_Driver/stm32f0xx_hal_gpio.o
 .debug_info    0x00008583      0x9aa Drivers/STM32F0xx_HAL_Driver/stm32f0xx_hal_rcc.o
 .debug_info    0x00008f2d      0x3ac Drivers/STM32F0xx_HAL_Driver/stm32f0xx_hal_rcc_ex.o
 .debug_info    0x000092d9     0x2d4a Drivers/STM32F0xx_HAL_Driver/stm32f0xx_hal_tim.o
 .debug_info    0x0000c023     0x12d1 Drivers/STM32F0xx_HAL_Driver/stm32f0xx_hal_tim_ex.o
 .debug_info    0x0000d2f4     0x1827 Drivers/STM32F0xx_HAL_Driver/stm32f0xx_hal_uart.o
 .debug_info    0x0000eb1b      0x990 Drivers/STM32F0xx_HAL_Driver/stm32f0xx_hal_uart_ex.o

.debug_abbrev   0x00000000     0x2862
 .debug_abbrev  0x00000000       0x12 Application/SW4STM32/startup_stm32f051x8.o
 .debug_abbrev  0x00000012      0x197 Application/User/adc.o
 .debug_abbrev  0x000001a9      0x103 Application/User/dma.o
 .debug_abbrev  0x000002ac      0x151 Application/User/gpio.o
 .debug_abbrev  0x000003fd      0x323 Application/User/main.o
 .debug_abbrev  0x00000720      0x103 Application/User/stm32f0xx_hal_msp.o
 .debug_abbrev  0x00000823      0x1ae Application/User/stm32f0xx_it.o
 .debug_abbrev  0x000009d1      0x1d2 Application/User/tim.o
 .debug_abbrev  0x00000ba3      0x1ab Application/User/usart.o
 .debug_abbrev  0x00000d4e       0xf3 Drivers/CMSIS/system_stm32f0xx.o
 .debug_abbrev  0x00000e41      0x1f7 Drivers/STM32F0xx_HAL_Driver/stm32f0xx_hal.o
 .debug_abbrev  0x00001038      0x249 Drivers/STM32F0xx_HAL_Driver/stm32f0xx_hal_adc.o
 .debug_abbrev  0x00001281      0x257 Drivers/STM32F0xx_HAL_Driver/stm32f0xx_hal_cortex.o
 .debug_abbrev  0x000014d8      0x208 Drivers/STM32F0xx_HAL_Driver/stm32f0xx_hal_dma.o
 .debug_abbrev  0x000016e0      0x1f6 Drivers/STM32F0xx_HAL_Driver/stm32f0xx_hal_flash.o
 .debug_abbrev  0x000018d6      0x1fb Drivers/STM32F0xx_HAL_Driver/stm32f0xx_hal_flash_ex.o
 .debug_abbrev  0x00001ad1      0x1d4 Drivers/STM32F0xx_HAL_Driver/stm32f0xx_hal_gpio.o
 .debug_abbrev  0x00001ca5      0x231 Drivers/STM32F0xx_HAL_Driver/stm32f0xx_hal_rcc.o
 .debug_abbrev  0x00001ed6      0x17d Drivers/STM32F0xx_HAL_Driver/stm32f0xx_hal_rcc_ex.o
 .debug_abbrev  0x00002053      0x219 Drivers/STM32F0xx_HAL_Driver/stm32f0xx_hal_tim.o
 .debug_abbrev  0x0000226c      0x219 Drivers/STM32F0xx_HAL_Driver/stm32f0xx_hal_tim_ex.o
 .debug_abbrev  0x00002485      0x1f4 Drivers/STM32F0xx_HAL_Driver/stm32f0xx_hal_uart.o
 .debug_abbrev  0x00002679      0x1e9 Drivers/STM32F0xx_HAL_Driver/stm32f0xx_hal_uart_ex.o

.debug_aranges  0x00000000      0xdf0
 .debug_aranges
                0x00000000       0x28 Application/SW4STM32/startup_stm32f051x8.o
 .debug_aranges
                0x00000028       0x30 Application/User/adc.o
 .debug_aranges
                0x00000058       0x20 Application/User/dma.o
 .debug_aranges
                0x00000078       0x20 Application/User/gpio.o
 .debug_aranges
                0x00000098       0x70 Application/User/main.o
 .debug_aranges
                0x00000108       0x20 Application/User/stm32f0xx_hal_msp.o
 .debug_aranges
                0x00000128       0x78 Application/User/stm32f0xx_it.o
 .debug_aranges
                0x000001a0       0x50 Application/User/tim.o
 .debug_aranges
                0x000001f0       0x30 Application/User/usart.o
 .debug_aranges
                0x00000220       0x28 Drivers/CMSIS/system_stm32f0xx.o
 .debug_aranges
                0x00000248       0xa0 Drivers/STM32F0xx_HAL_Driver/stm32f0xx_hal.o
 .debug_aranges
                0x000002e8       0xf8 Drivers/STM32F0xx_HAL_Driver/stm32f0xx_hal_adc.o
 .debug_aranges
                0x000003e0       0x78 Drivers/STM32F0xx_HAL_Driver/stm32f0xx_hal_cortex.o
 .debug_aranges
                0x00000458       0x88 Drivers/STM32F0xx_HAL_Driver/stm32f0xx_hal_dma.o
 .debug_aranges
                0x000004e0       0x88 Drivers/STM32F0xx_HAL_Driver/stm32f0xx_hal_flash.o
 .debug_aranges
                0x00000568       0x98 Drivers/STM32F0xx_HAL_Driver/stm32f0xx_hal_flash_ex.o
 .debug_aranges
                0x00000600       0x58 Drivers/STM32F0xx_HAL_Driver/stm32f0xx_hal_gpio.o
 .debug_aranges
                0x00000658       0x80 Drivers/STM32F0xx_HAL_Driver/stm32f0xx_hal_rcc.o
 .debug_aranges
                0x000006d8       0x30 Drivers/STM32F0xx_HAL_Driver/stm32f0xx_hal_rcc_ex.o
 .debug_aranges
                0x00000708      0x368 Drivers/STM32F0xx_HAL_Driver/stm32f0xx_hal_tim.o
 .debug_aranges
                0x00000a70      0x148 Drivers/STM32F0xx_HAL_Driver/stm32f0xx_hal_tim_ex.o
 .debug_aranges
                0x00000bb8      0x1d8 Drivers/STM32F0xx_HAL_Driver/stm32f0xx_hal_uart.o
 .debug_aranges
                0x00000d90       0x60 Drivers/STM32F0xx_HAL_Driver/stm32f0xx_hal_uart_ex.o

.debug_ranges   0x00000000      0xcb8
 .debug_ranges  0x00000000       0x20 Application/SW4STM32/startup_stm32f051x8.o
 .debug_ranges  0x00000020       0x20 Application/User/adc.o
 .debug_ranges  0x00000040       0x10 Application/User/dma.o
 .debug_ranges  0x00000050       0x10 Application/User/gpio.o
 .debug_ranges  0x00000060       0x60 Application/User/main.o
 .debug_ranges  0x000000c0       0x10 Application/User/stm32f0xx_hal_msp.o
 .debug_ranges  0x000000d0       0x68 Application/User/stm32f0xx_it.o
 .debug_ranges  0x00000138       0x40 Application/User/tim.o
 .debug_ranges  0x00000178       0x20 Application/User/usart.o
 .debug_ranges  0x00000198       0x18 Drivers/CMSIS/system_stm32f0xx.o
 .debug_ranges  0x000001b0       0x90 Drivers/STM32F0xx_HAL_Driver/stm32f0xx_hal.o
 .debug_ranges  0x00000240       0xe8 Drivers/STM32F0xx_HAL_Driver/stm32f0xx_hal_adc.o
 .debug_ranges  0x00000328       0x68 Drivers/STM32F0xx_HAL_Driver/stm32f0xx_hal_cortex.o
 .debug_ranges  0x00000390       0x78 Drivers/STM32F0xx_HAL_Driver/stm32f0xx_hal_dma.o
 .debug_ranges  0x00000408       0x78 Drivers/STM32F0xx_HAL_Driver/stm32f0xx_hal_flash.o
 .debug_ranges  0x00000480       0x88 Drivers/STM32F0xx_HAL_Driver/stm32f0xx_hal_flash_ex.o
 .debug_ranges  0x00000508       0x48 Drivers/STM32F0xx_HAL_Driver/stm32f0xx_hal_gpio.o
 .debug_ranges  0x00000550       0x88 Drivers/STM32F0xx_HAL_Driver/stm32f0xx_hal_rcc.o
 .debug_ranges  0x000005d8       0x38 Drivers/STM32F0xx_HAL_Driver/stm32f0xx_hal_rcc_ex.o
 .debug_ranges  0x00000610      0x358 Drivers/STM32F0xx_HAL_Driver/stm32f0xx_hal_tim.o
 .debug_ranges  0x00000968      0x138 Drivers/STM32F0xx_HAL_Driver/stm32f0xx_hal_tim_ex.o
 .debug_ranges  0x00000aa0      0x1c8 Drivers/STM32F0xx_HAL_Driver/stm32f0xx_hal_uart.o
 .debug_ranges  0x00000c68       0x50 Drivers/STM32F0xx_HAL_Driver/stm32f0xx_hal_uart_ex.o

.debug_loc      0x00000000     0x8f9a
 .debug_loc     0x00000000       0x58 Application/User/adc.o
 .debug_loc     0x00000058      0x217 Application/User/main.o
 .debug_loc     0x0000026f       0x63 Application/User/tim.o
 .debug_loc     0x000002d2       0x42 Application/User/usart.o
 .debug_loc     0x00000314       0xfe Drivers/CMSIS/system_stm32f0xx.o
 .debug_loc     0x00000412       0x6a Drivers/STM32F0xx_HAL_Driver/stm32f0xx_hal.o
 .debug_loc     0x0000047c      0xbcc Drivers/STM32F0xx_HAL_Driver/stm32f0xx_hal_adc.o
 .debug_loc     0x00001048      0x39b Drivers/STM32F0xx_HAL_Driver/stm32f0xx_hal_cortex.o
 .debug_loc     0x000013e3      0x7da Drivers/STM32F0xx_HAL_Driver/stm32f0xx_hal_dma.o
 .debug_loc     0x00001bbd      0x312 Drivers/STM32F0xx_HAL_Driver/stm32f0xx_hal_flash.o
 .debug_loc     0x00001ecf      0x647 Drivers/STM32F0xx_HAL_Driver/stm32f0xx_hal_flash_ex.o
 .debug_loc     0x00002516      0x2bc Drivers/STM32F0xx_HAL_Driver/stm32f0xx_hal_gpio.o
 .debug_loc     0x000027d2      0x4c4 Drivers/STM32F0xx_HAL_Driver/stm32f0xx_hal_rcc.o
 .debug_loc     0x00002c96      0x3b9 Drivers/STM32F0xx_HAL_Driver/stm32f0xx_hal_rcc_ex.o
 .debug_loc     0x0000304f     0x3530 Drivers/STM32F0xx_HAL_Driver/stm32f0xx_hal_tim.o
 .debug_loc     0x0000657f     0x11de Drivers/STM32F0xx_HAL_Driver/stm32f0xx_hal_tim_ex.o
 .debug_loc     0x0000775d     0x1468 Drivers/STM32F0xx_HAL_Driver/stm32f0xx_hal_uart.o
 .debug_loc     0x00008bc5      0x3d5 Drivers/STM32F0xx_HAL_Driver/stm32f0xx_hal_uart_ex.o

.debug_macro    0x00000000    0x14d56
 .debug_macro   0x00000000      0x339 Application/User/adc.o
 .debug_macro   0x00000339      0x832 Application/User/adc.o
 .debug_macro   0x00000b6b       0xd6 Application/User/adc.o
 .debug_macro   0x00000c41       0xb1 Application/User/adc.o
 .debug_macro   0x00000cf2       0x2e Application/User/adc.o
 .debug_macro   0x00000d20       0x22 Application/User/adc.o
 .debug_macro   0x00000d42       0x22 Application/User/adc.o
 .debug_macro   0x00000d64       0x87 Application/User/adc.o
 .debug_macro   0x00000deb       0x44 Application/User/adc.o
 .debug_macro   0x00000e2f       0xfd Application/User/adc.o
 .debug_macro   0x00000f2c       0x5e Application/User/adc.o
 .debug_macro   0x00000f8a      0x1df Application/User/adc.o
 .debug_macro   0x00001169       0x34 Application/User/adc.o
 .debug_macro   0x0000119d       0x26 Application/User/adc.o
 .debug_macro   0x000011c3      0x30d Application/User/adc.o
 .debug_macro   0x000014d0     0x8ba9 Application/User/adc.o
 .debug_macro   0x0000a079       0x3c Application/User/adc.o
 .debug_macro   0x0000a0b5     0x3408 Application/User/adc.o
 .debug_macro   0x0000d4bd       0x52 Application/User/adc.o
 .debug_macro   0x0000d50f       0x35 Application/User/adc.o
 .debug_macro   0x0000d544       0x9c Application/User/adc.o
 .debug_macro   0x0000d5e0       0x16 Application/User/adc.o
 .debug_macro   0x0000d5f6       0x97 Application/User/adc.o
 .debug_macro   0x0000d68d      0x30d Application/User/adc.o
 .debug_macro   0x0000d99a       0xfd Application/User/adc.o
 .debug_macro   0x0000da97       0x10 Application/User/adc.o
 .debug_macro   0x0000daa7       0x52 Application/User/adc.o
 .debug_macro   0x0000daf9       0x1f Application/User/adc.o
 .debug_macro   0x0000db18       0x43 Application/User/adc.o
 .debug_macro   0x0000db5b       0x20 Application/User/adc.o
 .debug_macro   0x0000db7b      0x187 Application/User/adc.o
 .debug_macro   0x0000dd02       0x10 Application/User/adc.o
 .debug_macro   0x0000dd12       0x1c Application/User/adc.o
 .debug_macro   0x0000dd2e       0x52 Application/User/adc.o
 .debug_macro   0x0000dd80       0x40 Application/User/adc.o
 .debug_macro   0x0000ddc0       0x10 Application/User/adc.o
 .debug_macro   0x0000ddd0       0x40 Application/User/adc.o
 .debug_macro   0x0000de10       0xd7 Application/User/adc.o
 .debug_macro   0x0000dee7       0x16 Application/User/adc.o
 .debug_macro   0x0000defd      0x18b Application/User/adc.o
 .debug_macro   0x0000e088       0x49 Application/User/adc.o
 .debug_macro   0x0000e0d1      0x931 Application/User/adc.o
 .debug_macro   0x0000ea02      0x252 Application/User/adc.o
 .debug_macro   0x0000ec54      0x13a Application/User/adc.o
 .debug_macro   0x0000ed8e      0x114 Application/User/adc.o
 .debug_macro   0x0000eea2      0x1ed Application/User/adc.o
 .debug_macro   0x0000f08f       0x34 Application/User/adc.o
 .debug_macro   0x0000f0c3       0x43 Application/User/adc.o
 .debug_macro   0x0000f106       0x29 Application/User/adc.o
 .debug_macro   0x0000f12f      0x344 Application/User/adc.o
 .debug_macro   0x0000f473       0xd6 Application/User/adc.o
 .debug_macro   0x0000f549       0xb6 Application/User/adc.o
 .debug_macro   0x0000f5ff      0x199 Application/User/adc.o
 .debug_macro   0x0000f798      0x202 Application/User/adc.o
 .debug_macro   0x0000f99a       0x61 Application/User/adc.o
 .debug_macro   0x0000f9fb       0x90 Application/User/adc.o
 .debug_macro   0x0000fa8b       0x4d Application/User/adc.o
 .debug_macro   0x0000fad8      0x114 Application/User/adc.o
 .debug_macro   0x0000fbec      0x837 Application/User/adc.o
 .debug_macro   0x00010423       0x4e Application/User/adc.o
 .debug_macro   0x00010471      0x38a Application/User/adc.o
 .debug_macro   0x000107fb      0x1f7 Application/User/adc.o
 .debug_macro   0x000109f2      0x10d Application/User/adc.o
 .debug_macro   0x00010aff      0x325 Application/User/dma.o
 .debug_macro   0x00010e24      0x325 Application/User/gpio.o
 .debug_macro   0x00011149      0x351 Application/User/main.o
 .debug_macro   0x0001149a      0x31b Application/User/stm32f0xx_hal_msp.o
 .debug_macro   0x000117b5      0x325 Application/User/stm32f0xx_it.o
 .debug_macro   0x00011ada      0x325 Application/User/tim.o
 .debug_macro   0x00011dff      0x32f Application/User/usart.o
 .debug_macro   0x0001212e      0x31b Drivers/CMSIS/system_stm32f0xx.o
 .debug_macro   0x00012449      0x33f Drivers/STM32F0xx_HAL_Driver/stm32f0xx_hal.o
 .debug_macro   0x00012788      0x33f Drivers/STM32F0xx_HAL_Driver/stm32f0xx_hal_adc.o
 .debug_macro   0x00012ac7      0x31b Drivers/STM32F0xx_HAL_Driver/stm32f0xx_hal_cortex.o
 .debug_macro   0x00012de2      0x31b Drivers/STM32F0xx_HAL_Driver/stm32f0xx_hal_dma.o
 .debug_macro   0x000130fd      0x31b Drivers/STM32F0xx_HAL_Driver/stm32f0xx_hal_flash.o
 .debug_macro   0x00013418      0x32d Drivers/STM32F0xx_HAL_Driver/stm32f0xx_hal_flash_ex.o
 .debug_macro   0x00013745      0x354 Drivers/STM32F0xx_HAL_Driver/stm32f0xx_hal_gpio.o
 .debug_macro   0x00013a99      0x32d Drivers/STM32F0xx_HAL_Driver/stm32f0xx_hal_rcc.o
 .debug_macro   0x00013dc6      0x31b Drivers/STM32F0xx_HAL_Driver/stm32f0xx_hal_rcc_ex.o
 .debug_macro   0x000140e1      0x31c Drivers/STM32F0xx_HAL_Driver/stm32f0xx_hal_tim.o
 .debug_macro   0x000143fd      0x31b Drivers/STM32F0xx_HAL_Driver/stm32f0xx_hal_tim_ex.o
 .debug_macro   0x00014718      0x323 Drivers/STM32F0xx_HAL_Driver/stm32f0xx_hal_uart.o
 .debug_macro   0x00014a3b      0x31b Drivers/STM32F0xx_HAL_Driver/stm32f0xx_hal_uart_ex.o

.debug_str      0x00000000    0x6f372
 .debug_str     0x00000000    0x6b585 Application/User/adc.o
                              0x6b8c4 (size before relaxing)
 .debug_str     0x0006b585      0x1ca Application/User/dma.o
                              0x6b5cf (size before relaxing)
 .debug_str     0x0006b74f       0x8b Application/User/gpio.o
                              0x6b68f (size before relaxing)
 .debug_str     0x0006b7da      0x83e Application/User/main.o
                              0x6c1cd (size before relaxing)
 .debug_str     0x0006c018       0x69 Application/User/stm32f0xx_hal_msp.o
                              0x6b5d4 (size before relaxing)
 .debug_str     0x0006c081      0x177 Application/User/stm32f0xx_it.o
                              0x6bb69 (size before relaxing)
 .debug_str     0x0006c1f8      0x2ac Application/User/tim.o
                              0x6bcd1 (size before relaxing)
 .debug_str     0x0006c4a4       0x8e Application/User/usart.o
                              0x6bb75 (size before relaxing)
 .debug_str     0x0006c532       0xc8 Drivers/CMSIS/system_stm32f0xx.o
                              0x6b463 (size before relaxing)
 .debug_str     0x0006c5fa      0x2de Drivers/STM32F0xx_HAL_Driver/stm32f0xx_hal.o
                              0x6b932 (size before relaxing)
 .debug_str     0x0006c8d8      0x3ab Drivers/STM32F0xx_HAL_Driver/stm32f0xx_hal_adc.o
                              0x6bb41 (size before relaxing)
 .debug_str     0x0006cc83      0x1b8 Drivers/STM32F0xx_HAL_Driver/stm32f0xx_hal_cortex.o
                              0x6b80c (size before relaxing)
 .debug_str     0x0006ce3b      0x23c Drivers/STM32F0xx_HAL_Driver/stm32f0xx_hal_dma.o
                              0x6b80e (size before relaxing)
 .debug_str     0x0006d077      0x2bd Drivers/STM32F0xx_HAL_Driver/stm32f0xx_hal_flash.o
                              0x6b713 (size before relaxing)
 .debug_str     0x0006d334      0x352 Drivers/STM32F0xx_HAL_Driver/stm32f0xx_hal_flash_ex.o
                              0x6b87f (size before relaxing)
 .debug_str     0x0006d686      0x1e1 Drivers/STM32F0xx_HAL_Driver/stm32f0xx_hal_gpio.o
                              0x6b6cc (size before relaxing)
 .debug_str     0x0006d867      0x234 Drivers/STM32F0xx_HAL_Driver/stm32f0xx_hal_rcc.o
                              0x6b87c (size before relaxing)
 .debug_str     0x0006da9b       0xd9 Drivers/STM32F0xx_HAL_Driver/stm32f0xx_hal_rcc_ex.o
                              0x6b5c3 (size before relaxing)
 .debug_str     0x0006db74      0xbf2 Drivers/STM32F0xx_HAL_Driver/stm32f0xx_hal_tim.o
                              0x6c52e (size before relaxing)
 .debug_str     0x0006e766      0x420 Drivers/STM32F0xx_HAL_Driver/stm32f0xx_hal_tim_ex.o
                              0x6bea6 (size before relaxing)
 .debug_str     0x0006eb86      0x633 Drivers/STM32F0xx_HAL_Driver/stm32f0xx_hal_uart.o
                              0x6bff2 (size before relaxing)
 .debug_str     0x0006f1b9      0x1b9 Drivers/STM32F0xx_HAL_Driver/stm32f0xx_hal_uart_ex.o
                              0x6ba64 (size before relaxing)

.comment        0x00000000       0x6e
 .comment       0x00000000       0x6e Application/User/adc.o
                                 0x6f (size before relaxing)
 .comment       0x0000006e       0x6f Application/User/dma.o
 .comment       0x0000006e       0x6f Application/User/gpio.o
 .comment       0x0000006e       0x6f Application/User/main.o
 .comment       0x0000006e       0x6f Application/User/stm32f0xx_hal_msp.o
 .comment       0x0000006e       0x6f Application/User/stm32f0xx_it.o
 .comment       0x0000006e       0x6f Application/User/tim.o
 .comment       0x0000006e       0x6f Application/User/usart.o
 .comment       0x0000006e       0x6f Drivers/CMSIS/system_stm32f0xx.o
 .comment       0x0000006e       0x6f Drivers/STM32F0xx_HAL_Driver/stm32f0xx_hal.o
 .comment       0x0000006e       0x6f Drivers/STM32F0xx_HAL_Driver/stm32f0xx_hal_adc.o
 .comment       0x0000006e       0x6f Drivers/STM32F0xx_HAL_Driver/stm32f0xx_hal_cortex.o
 .comment       0x0000006e       0x6f Drivers/STM32F0xx_HAL_Driver/stm32f0xx_hal_dma.o
 .comment       0x0000006e       0x6f Drivers/STM32F0xx_HAL_Driver/stm32f0xx_hal_flash.o
 .comment       0x0000006e       0x6f Drivers/STM32F0xx_HAL_Driver/stm32f0xx_hal_flash_ex.o
 .comment       0x0000006e       0x6f Drivers/STM32F0xx_HAL_Driver/stm32f0xx_hal_gpio.o
 .comment       0x0000006e       0x6f Drivers/STM32F0xx_HAL_Driver/stm32f0xx_hal_rcc.o
 .comment       0x0000006e       0x6f Drivers/STM32F0xx_HAL_Driver/stm32f0xx_hal_rcc_ex.o
 .comment       0x0000006e       0x6f Drivers/STM32F0xx_HAL_Driver/stm32f0xx_hal_tim.o
 .comment       0x0000006e       0x6f Drivers/STM32F0xx_HAL_Driver/stm32f0xx_hal_tim_ex.o
 .comment       0x0000006e       0x6f Drivers/STM32F0xx_HAL_Driver/stm32f0xx_hal_uart.o
 .comment       0x0000006e       0x6f Drivers/STM32F0xx_HAL_Driver/stm32f0xx_hal_uart_ex.o

.debug_frame    0x00000000     0x2878
 .debug_frame   0x00000000       0x5c Application/User/adc.o
 .debug_frame   0x0000005c       0x28 Application/User/dma.o
 .debug_frame   0x00000084       0x30 Application/User/gpio.o
 .debug_frame   0x000000b4      0x124 Application/User/main.o
 .debug_frame   0x000001d8       0x28 Application/User/stm32f0xx_hal_msp.o
 .debug_frame   0x00000200      0x108 Application/User/stm32f0xx_it.o
 .debug_frame   0x00000308       0xac Application/User/tim.o
 .debug_frame   0x000003b4       0x58 Application/User/usart.o
 .debug_frame   0x0000040c       0x38 Drivers/CMSIS/system_stm32f0xx.o
 .debug_frame   0x00000444      0x144 Drivers/STM32F0xx_HAL_Driver/stm32f0xx_hal.o
 .debug_frame   0x00000588      0x2a0 Drivers/STM32F0xx_HAL_Driver/stm32f0xx_hal_adc.o
 .debug_frame   0x00000828       0xe4 Drivers/STM32F0xx_HAL_Driver/stm32f0xx_hal_cortex.o
 .debug_frame   0x0000090c      0x168 Drivers/STM32F0xx_HAL_Driver/stm32f0xx_hal_dma.o
 .debug_frame   0x00000a74      0x13c Drivers/STM32F0xx_HAL_Driver/stm32f0xx_hal_flash.o
 .debug_frame   0x00000bb0      0x180 Drivers/STM32F0xx_HAL_Driver/stm32f0xx_hal_flash_ex.o
 .debug_frame   0x00000d30       0xcc Drivers/STM32F0xx_HAL_Driver/stm32f0xx_hal_gpio.o
 .debug_frame   0x00000dfc      0x12c Drivers/STM32F0xx_HAL_Driver/stm32f0xx_hal_rcc.o
 .debug_frame   0x00000f28       0x58 Drivers/STM32F0xx_HAL_Driver/stm32f0xx_hal_rcc_ex.o
 .debug_frame   0x00000f80      0x990 Drivers/STM32F0xx_HAL_Driver/stm32f0xx_hal_tim.o
 .debug_frame   0x00001910      0x3a0 Drivers/STM32F0xx_HAL_Driver/stm32f0xx_hal_tim_ex.o
 .debug_frame   0x00001cb0      0x500 Drivers/STM32F0xx_HAL_Driver/stm32f0xx_hal_uart.o
 .debug_frame   0x000021b0       0xfc Drivers/STM32F0xx_HAL_Driver/stm32f0xx_hal_uart_ex.o
 .debug_frame   0x000022ac       0x20 c:/users/bartosz/.p2/pool/plugins/fr.ac6.mcu.externaltools.arm-none.win32_1.13.2.201703061525/tools/compiler/bin/../lib/gcc/arm-none-eabi/5.4.1/armv6-m\libgcc.a(_udivsi3.o)
 .debug_frame   0x000022cc       0x20 c:/users/bartosz/.p2/pool/plugins/fr.ac6.mcu.externaltools.arm-none.win32_1.13.2.201703061525/tools/compiler/bin/../lib/gcc/arm-none-eabi/5.4.1/armv6-m\libgcc.a(_divsi3.o)
 .debug_frame   0x000022ec       0x3c c:/users/bartosz/.p2/pool/plugins/fr.ac6.mcu.externaltools.arm-none.win32_1.13.2.201703061525/tools/compiler/bin/../lib/gcc/arm-none-eabi/5.4.1/armv6-m\libgcc.a(muldf3.o)
 .debug_frame   0x00002328       0x2c c:/users/bartosz/.p2/pool/plugins/fr.ac6.mcu.externaltools.arm-none.win32_1.13.2.201703061525/tools/compiler/bin/../lib/gcc/arm-none-eabi/5.4.1/armv6-m\libgcc.a(fixdfsi.o)
 .debug_frame   0x00002354       0x2c c:/users/bartosz/.p2/pool/plugins/fr.ac6.mcu.externaltools.arm-none.win32_1.13.2.201703061525/tools/compiler/bin/../lib/gcc/arm-none-eabi/5.4.1/armv6-m\libgcc.a(floatsidf.o)
 .debug_frame   0x00002380       0x40 c:/users/bartosz/.p2/pool/plugins/fr.ac6.mcu.externaltools.arm-none.win32_1.13.2.201703061525/tools/compiler/bin/../lib/gcc/arm-none-eabi/5.4.1/../../../../arm-none-eabi/lib/armv6-m\libc_nano.a(lib_a-atoi.o)
 .debug_frame   0x000023c0       0x2c c:/users/bartosz/.p2/pool/plugins/fr.ac6.mcu.externaltools.arm-none.win32_1.13.2.201703061525/tools/compiler/bin/../lib/gcc/arm-none-eabi/5.4.1/../../../../arm-none-eabi/lib/armv6-m\libc_nano.a(lib_a-init.o)
 .debug_frame   0x000023ec       0x28 c:/users/bartosz/.p2/pool/plugins/fr.ac6.mcu.externaltools.arm-none.win32_1.13.2.201703061525/tools/compiler/bin/../lib/gcc/arm-none-eabi/5.4.1/../../../../arm-none-eabi/lib/armv6-m\libc_nano.a(lib_a-memcpy-stub.o)
 .debug_frame   0x00002414       0x50 c:/users/bartosz/.p2/pool/plugins/fr.ac6.mcu.externaltools.arm-none.win32_1.13.2.201703061525/tools/compiler/bin/../lib/gcc/arm-none-eabi/5.4.1/../../../../arm-none-eabi/lib/armv6-m\libc_nano.a(lib_a-sprintf.o)
 .debug_frame   0x00002464       0x88 c:/users/bartosz/.p2/pool/plugins/fr.ac6.mcu.externaltools.arm-none.win32_1.13.2.201703061525/tools/compiler/bin/../lib/gcc/arm-none-eabi/5.4.1/../../../../arm-none-eabi/lib/armv6-m\libc_nano.a(lib_a-strtol.o)
 .debug_frame   0x000024ec       0x94 c:/users/bartosz/.p2/pool/plugins/fr.ac6.mcu.externaltools.arm-none.win32_1.13.2.201703061525/tools/compiler/bin/../lib/gcc/arm-none-eabi/5.4.1/../../../../arm-none-eabi/lib/armv6-m\libc_nano.a(lib_a-locale.o)
 .debug_frame   0x00002580       0x44 c:/users/bartosz/.p2/pool/plugins/fr.ac6.mcu.externaltools.arm-none.win32_1.13.2.201703061525/tools/compiler/bin/../lib/gcc/arm-none-eabi/5.4.1/../../../../arm-none-eabi/lib/armv6-m\libc_nano.a(lib_a-mbtowc_r.o)
 .debug_frame   0x000025c4       0x74 c:/users/bartosz/.p2/pool/plugins/fr.ac6.mcu.externaltools.arm-none.win32_1.13.2.201703061525/tools/compiler/bin/../lib/gcc/arm-none-eabi/5.4.1/../../../../arm-none-eabi/lib/armv6-m\libc_nano.a(lib_a-nano-svfprintf.o)
 .debug_frame   0x00002638       0x54 c:/users/bartosz/.p2/pool/plugins/fr.ac6.mcu.externaltools.arm-none.win32_1.13.2.201703061525/tools/compiler/bin/../lib/gcc/arm-none-eabi/5.4.1/../../../../arm-none-eabi/lib/armv6-m\libc_nano.a(lib_a-nano-vfprintf_i.o)
 .debug_frame   0x0000268c       0x38 c:/users/bartosz/.p2/pool/plugins/fr.ac6.mcu.externaltools.arm-none.win32_1.13.2.201703061525/tools/compiler/bin/../lib/gcc/arm-none-eabi/5.4.1/../../../../arm-none-eabi/lib/armv6-m\libc_nano.a(lib_a-wctomb_r.o)
 .debug_frame   0x000026c4       0x20 c:/users/bartosz/.p2/pool/plugins/fr.ac6.mcu.externaltools.arm-none.win32_1.13.2.201703061525/tools/compiler/bin/../lib/gcc/arm-none-eabi/5.4.1/../../../../arm-none-eabi/lib/armv6-m\libc_nano.a(lib_a-memchr-stub.o)
 .debug_frame   0x000026e4       0x28 c:/users/bartosz/.p2/pool/plugins/fr.ac6.mcu.externaltools.arm-none.win32_1.13.2.201703061525/tools/compiler/bin/../lib/gcc/arm-none-eabi/5.4.1/../../../../arm-none-eabi/lib/armv6-m\libc_nano.a(lib_a-memmove.o)
 .debug_frame   0x0000270c       0x2c c:/users/bartosz/.p2/pool/plugins/fr.ac6.mcu.externaltools.arm-none.win32_1.13.2.201703061525/tools/compiler/bin/../lib/gcc/arm-none-eabi/5.4.1/../../../../arm-none-eabi/lib/armv6-m\libc_nano.a(lib_a-nano-freer.o)
 .debug_frame   0x00002738       0x2c c:/users/bartosz/.p2/pool/plugins/fr.ac6.mcu.externaltools.arm-none.win32_1.13.2.201703061525/tools/compiler/bin/../lib/gcc/arm-none-eabi/5.4.1/../../../../arm-none-eabi/lib/armv6-m\libc_nano.a(lib_a-nano-mallocr.o)
 .debug_frame   0x00002764       0x30 c:/users/bartosz/.p2/pool/plugins/fr.ac6.mcu.externaltools.arm-none.win32_1.13.2.201703061525/tools/compiler/bin/../lib/gcc/arm-none-eabi/5.4.1/../../../../arm-none-eabi/lib/armv6-m\libc_nano.a(lib_a-nano-reallocr.o)
 .debug_frame   0x00002794       0x2c c:/users/bartosz/.p2/pool/plugins/fr.ac6.mcu.externaltools.arm-none.win32_1.13.2.201703061525/tools/compiler/bin/../lib/gcc/arm-none-eabi/5.4.1/../../../../arm-none-eabi/lib/armv6-m\libc_nano.a(lib_a-sbrkr.o)
 .debug_frame   0x000027c0       0x30 c:/users/bartosz/.p2/pool/plugins/fr.ac6.mcu.externaltools.arm-none.win32_1.13.2.201703061525/tools/compiler/bin/../lib/gcc/arm-none-eabi/5.4.1/../../../../arm-none-eabi/lib/armv6-m\libc_nano.a(lib_a-mlock.o)
 .debug_frame   0x000027f0       0x20 c:/users/bartosz/.p2/pool/plugins/fr.ac6.mcu.externaltools.arm-none.win32_1.13.2.201703061525/tools/compiler/bin/../lib/gcc/arm-none-eabi/5.4.1/../../../../arm-none-eabi/lib/armv6-m\libc_nano.a(lib_a-nano-msizer.o)
 .debug_frame   0x00002810       0x48 c:/users/bartosz/.p2/pool/plugins/fr.ac6.mcu.externaltools.arm-none.win32_1.13.2.201703061525/tools/compiler/bin/../lib/gcc/arm-none-eabi/5.4.1/../../../../arm-none-eabi/lib/armv6-m\libc_nano.a(lib_a-reent.o)
 .debug_frame   0x00002858       0x20 c:/users/bartosz/.p2/pool/plugins/fr.ac6.mcu.externaltools.arm-none.win32_1.13.2.201703061525/tools/compiler/bin/../lib/gcc/arm-none-eabi/5.4.1/../../../../arm-none-eabi/lib/armv6-m\libnosys.a(sbrk.o)
