Archive member included to satisfy reference by file (symbol)

c:/users/bartosz/.p2/pool/plugins/fr.ac6.mcu.externaltools.arm-none.win32_1.13.2.201703061525/tools/compiler/bin/../lib/gcc/arm-none-eabi/5.4.1/armv6-m\libgcc.a(_udivsi3.o)
                              Application/User/main.o (__aeabi_uidiv)
c:/users/bartosz/.p2/pool/plugins/fr.ac6.mcu.externaltools.arm-none.win32_1.13.2.201703061525/tools/compiler/bin/../lib/gcc/arm-none-eabi/5.4.1/armv6-m\libgcc.a(_divsi3.o)
                              Application/User/main.o (__aeabi_idiv)
c:/users/bartosz/.p2/pool/plugins/fr.ac6.mcu.externaltools.arm-none.win32_1.13.2.201703061525/tools/compiler/bin/../lib/gcc/arm-none-eabi/5.4.1/armv6-m\libgcc.a(_dvmd_tls.o)
                              c:/users/bartosz/.p2/pool/plugins/fr.ac6.mcu.externaltools.arm-none.win32_1.13.2.201703061525/tools/compiler/bin/../lib/gcc/arm-none-eabi/5.4.1/armv6-m\libgcc.a(_udivsi3.o) (__aeabi_idiv0)
c:/users/bartosz/.p2/pool/plugins/fr.ac6.mcu.externaltools.arm-none.win32_1.13.2.201703061525/tools/compiler/bin/../lib/gcc/arm-none-eabi/5.4.1/armv6-m\libgcc.a(muldf3.o)
                              Application/User/main.o (__aeabi_dmul)
c:/users/bartosz/.p2/pool/plugins/fr.ac6.mcu.externaltools.arm-none.win32_1.13.2.201703061525/tools/compiler/bin/../lib/gcc/arm-none-eabi/5.4.1/armv6-m\libgcc.a(fixdfsi.o)
                              Application/User/main.o (__aeabi_d2iz)
c:/users/bartosz/.p2/pool/plugins/fr.ac6.mcu.externaltools.arm-none.win32_1.13.2.201703061525/tools/compiler/bin/../lib/gcc/arm-none-eabi/5.4.1/armv6-m\libgcc.a(floatsidf.o)
                              Application/User/main.o (__aeabi_i2d)
c:/users/bartosz/.p2/pool/plugins/fr.ac6.mcu.externaltools.arm-none.win32_1.13.2.201703061525/tools/compiler/bin/../lib/gcc/arm-none-eabi/5.4.1/armv6-m\libgcc.a(_clzsi2.o)
                              c:/users/bartosz/.p2/pool/plugins/fr.ac6.mcu.externaltools.arm-none.win32_1.13.2.201703061525/tools/compiler/bin/../lib/gcc/arm-none-eabi/5.4.1/armv6-m\libgcc.a(muldf3.o) (__clzsi2)
c:/users/bartosz/.p2/pool/plugins/fr.ac6.mcu.externaltools.arm-none.win32_1.13.2.201703061525/tools/compiler/bin/../lib/gcc/arm-none-eabi/5.4.1/../../../../arm-none-eabi/lib/armv6-m\libc_nano.a(lib_a-atoi.o)
                              Application/User/main.o (atoi)
c:/users/bartosz/.p2/pool/plugins/fr.ac6.mcu.externaltools.arm-none.win32_1.13.2.201703061525/tools/compiler/bin/../lib/gcc/arm-none-eabi/5.4.1/../../../../arm-none-eabi/lib/armv6-m\libc_nano.a(lib_a-exit.o)
                              c:/users/bartosz/.p2/pool/plugins/fr.ac6.mcu.externaltools.arm-none.win32_1.13.2.201703061525/tools/compiler/bin/../lib/gcc/arm-none-eabi/5.4.1/../../../../arm-none-eabi/lib/armv6-m/crt0.o (exit)
c:/users/bartosz/.p2/pool/plugins/fr.ac6.mcu.externaltools.arm-none.win32_1.13.2.201703061525/tools/compiler/bin/../lib/gcc/arm-none-eabi/5.4.1/../../../../arm-none-eabi/lib/armv6-m\libc_nano.a(lib_a-impure.o)
                              c:/users/bartosz/.p2/pool/plugins/fr.ac6.mcu.externaltools.arm-none.win32_1.13.2.201703061525/tools/compiler/bin/../lib/gcc/arm-none-eabi/5.4.1/../../../../arm-none-eabi/lib/armv6-m\libc_nano.a(lib_a-exit.o) (_global_impure_ptr)
c:/users/bartosz/.p2/pool/plugins/fr.ac6.mcu.externaltools.arm-none.win32_1.13.2.201703061525/tools/compiler/bin/../lib/gcc/arm-none-eabi/5.4.1/../../../../arm-none-eabi/lib/armv6-m\libc_nano.a(lib_a-init.o)
                              c:/users/bartosz/.p2/pool/plugins/fr.ac6.mcu.externaltools.arm-none.win32_1.13.2.201703061525/tools/compiler/bin/../lib/gcc/arm-none-eabi/5.4.1/../../../../arm-none-eabi/lib/armv6-m/crt0.o (__libc_init_array)
c:/users/bartosz/.p2/pool/plugins/fr.ac6.mcu.externaltools.arm-none.win32_1.13.2.201703061525/tools/compiler/bin/../lib/gcc/arm-none-eabi/5.4.1/../../../../arm-none-eabi/lib/armv6-m\libc_nano.a(lib_a-memcpy-stub.o)
                              Drivers/STM32F0xx_HAL_Driver/stm32f0xx_hal_rcc.o (memcpy)
c:/users/bartosz/.p2/pool/plugins/fr.ac6.mcu.externaltools.arm-none.win32_1.13.2.201703061525/tools/compiler/bin/../lib/gcc/arm-none-eabi/5.4.1/../../../../arm-none-eabi/lib/armv6-m\libc_nano.a(lib_a-memset.o)
                              c:/users/bartosz/.p2/pool/plugins/fr.ac6.mcu.externaltools.arm-none.win32_1.13.2.201703061525/tools/compiler/bin/../lib/gcc/arm-none-eabi/5.4.1/../../../../arm-none-eabi/lib/armv6-m/crt0.o (memset)
c:/users/bartosz/.p2/pool/plugins/fr.ac6.mcu.externaltools.arm-none.win32_1.13.2.201703061525/tools/compiler/bin/../lib/gcc/arm-none-eabi/5.4.1/../../../../arm-none-eabi/lib/armv6-m\libc_nano.a(lib_a-sprintf.o)
                              Application/User/main.o (sprintf)
c:/users/bartosz/.p2/pool/plugins/fr.ac6.mcu.externaltools.arm-none.win32_1.13.2.201703061525/tools/compiler/bin/../lib/gcc/arm-none-eabi/5.4.1/../../../../arm-none-eabi/lib/armv6-m\libc_nano.a(lib_a-strtol.o)
[...]
Memory Configuration

Name             Origin             Length             Attributes
RAM              0x20000000         0x00002000         xrw
FLASH            0x08000000         0x00010000         xr
*default*        0x00000000         0xffffffff

Linker script and memory map

LOAD c:/users/bartosz/.p2/pool/plugins/fr.ac6.mcu.externaltools.arm-none.win32_1.13.2.201703061525/tools/compiler/bin/../lib/gcc/arm-none-eabi/5.4.1/armv6-m/crti.o
LOAD c:/users/bartosz/.p2/pool/plugins/fr.ac6.mcu.externaltools.arm-none.win32_1.13.2.201703061525/tools/compiler/bin/../lib/gcc/arm-none-eabi/5.4.1/armv6-m/crtbegin.o
LOAD c:/users/bartosz/.p2/pool/plugins/fr.ac6.mcu.externaltools.arm-none.win32_1.13.2.201703061525/tools/compiler/bin/../lib/gcc/arm-none-eabi/5.4.1/../../../../arm-none-eabi/lib/armv6-m/crt0.o
LOAD c:/users/bartosz/.p2/pool/plugins/fr.ac6.mcu.externaltools.arm-none.win32_1.13.2.201703061525/tools/compiler/bin/../lib/gcc/arm-none-eabi/5.4.1/../../../../arm-none-eabi/lib/armv6-m\libm.a
LOAD Application/SW4STM32/startup_stm32f051x8.o
LOAD Application/User/adc.o
LOAD Application/User/dma.o
LOAD Application/User/gpio.o
LOAD Application/User/main.o
LOAD Application/User/stm32f0xx_hal_msp.o
LOAD Application/User/stm32f0xx_it.o
LOAD Application/User/tim.o
LOAD Application/User/usart.o
LOAD Drivers/CMSIS/system_stm32f0xx.o
LOAD Drivers/STM32F0xx_HAL_Driver/stm32f0xx_hal.o
LOAD Drivers/STM32F0xx_HAL_Driver/stm32f0xx_hal_adc.o
LOAD Drivers/STM32F0xx_HAL_Driver/stm32f0xx_hal_adc_ex.o
LOAD Drivers/STM32F0xx_HAL_Driver/stm32f0xx_hal_cortex.o
LOAD Drivers/STM32F0xx_HAL_Driver/stm32f0xx_hal_dma.o
LOAD Drivers/STM32F0xx_HAL_Driver/stm32f0xx_hal_flash.o
LOAD Drivers/STM32F0xx_HAL_Driver/stm32f0xx_hal_flash_ex.o
LOAD Drivers/STM32F0xx_HAL_Driver/stm32f0xx_hal_gpio.o
LOAD Drivers/STM32F0xx_HAL_Driver/stm32f0xx_hal_i2c.o
LOAD Drivers/STM32F0xx_HAL_Driver/stm32f0xx_hal_i2c_ex.o
LOAD Drivers/STM32F0xx_HAL_Driver/stm32f0xx_hal_pwr.o
LOAD Drivers/STM32F0xx_HAL_Driver/stm32f0xx_hal_pwr_ex.o
LOAD Drivers/STM32F0xx_HAL_Driver/stm32f0xx_hal_rcc.o
LOAD Drivers/STM32F0xx_HAL_Driver/stm32f0xx_hal_rcc_ex.o
LOAD Drivers/STM32F0xx_HAL_Driver/stm32f0xx_hal_tim.o
LOAD Drivers/STM32F0xx_HAL_Driver/stm32f0xx_hal_tim_ex.o
LOAD Drivers/STM32F0xx_HAL_Driver/stm32f0xx_hal_uart.o
LOAD Drivers/STM32F0xx_HAL_Driver/stm32f0xx_hal_uart_ex.o
START GROUP
LOAD c:/users/bartosz/.p2/pool/plugins/fr.ac6.mcu.externaltools.arm-none.win32_1.13.2.201703061525/tools/compiler/bin/../lib/gcc/arm-none-eabi/5.4.1/armv6-m\libgcc.a
LOAD c:/users/bartosz/.p2/pool/plugins/fr.ac6.mcu.externaltools.arm-none.win32_1.13.2.201703061525/tools/compiler/bin/../lib/gcc/arm-none-eabi/5.4.1/../../../../arm-none-eabi/lib/armv6-m\libc_nano.a
END GROUP
START GROUP
LOAD c:/users/bartosz/.p2/pool/plugins/fr.ac6.mcu.externaltools.arm-none.win32_1.13.2.201703061525/tools/compiler/bin/../lib/gcc/arm-none-eabi/5.4.1/armv6-m\libgcc.a
LOAD c:/users/bartosz/.p2/pool/plugins/fr.ac6.mcu.externaltools.arm-none.win32_1.13.2.201703061525/tools/compiler/bin/../lib/gcc/arm-none-eabi/5.4.1/../../../../arm-none-eabi/lib/armv6-m\libc_nano.a
LOAD c:/users/bartosz/.p2/pool/plugins/fr.ac6.mcu.externaltools.arm-none.win32_1.13.2.201703061525/tools/compiler/bin/../lib/gcc/arm-none-eabi/5.4.1/../../../../arm-none-eabi/lib/armv6-m\libnosys.a
END GROUP
START GROUP
LOAD c:/users/bartosz/.p2/pool/plugins/fr.ac6.mcu.externaltools.arm-none.win32_1.13.2.201703061525/tools/compiler/bin/../lib/gcc/arm-none-eabi/5.4.1/armv6-m\libgcc.a
LOAD c:/users/bartosz/.p2/pool/plugins/fr.ac6.mcu.externaltools.arm-none.win32_1.13.2.201703061525/tools/compiler/bin/../lib/gcc/arm-none-eabi/5.4.1/../../../../arm-none-eabi/lib/armv6-m\libc_nano.a
LOAD c:/users/bartosz/.p2/pool/plugins/fr.ac6.mcu.externaltools.arm-none.win32_1.13.2.201703061525/tools/compiler/bin/../lib/gcc/arm-none-eabi/5.4.1/../../../../arm-none-eabi/lib/armv6-m\libnosys.a
END GROUP
LOAD c:/users/bartosz/.p2/pool/plugins/fr.ac6.mcu.externaltools.arm-none.win32_1.13.2.201703061525/tools/compiler/bin/../lib/gcc/arm-none-eabi/5.4.1/armv6-m/crtend.o
LOAD c:/users/bartosz/.p2/pool/plugins/fr.ac6.mcu.externaltools.arm-none.win32_1.13.2.201703061525/tools/compiler/bin/../lib/gcc/arm-none-eabi/5.4.1/armv6-m/crtn.o
                0x20002000                _estack = 0x20002000
                0x00000200                _Min_Heap_Size = 0x200
                0x00000400                _Min_Stack_Size = 0x400

.isr_vector     0x08000000       0xc0
                0x08000000                . = ALIGN (0x4)
 *(.isr_vector)
 .isr_vector    0x08000000       0xc0 Application/SW4STM32/startup_stm32f051x8.o
                0x08000000                g_pfnVectors
                0x080000c0                . = ALIGN (0x4)

.text           0x080000c0     0x4110
                0x080000c0                . = ALIGN (0x4)
 *(.text)
 .text          0x080000c0       0x60 c:/users/bartosz/.p2/pool/plugins/fr.ac6.mcu.externaltools.arm-none.win32_1.13.2.201703061525/tools/compiler/bin/../lib/gcc/arm-none-eabi/5.4.1/armv6-m/crtbegin.o
 .text          0x08000120      0x114 c:/users/bartosz/.p2/pool/plugins/fr.ac6.mcu.externaltools.arm-none.win32_1.13.2.201703061525/tools/compiler/bin/../lib/gcc/arm-none-eabi/5.4.1/armv6-m\libgcc.a(_udivsi3.o)
                0x08000120                __aeabi_uidiv
                0x08000120                __udivsi3
                0x0800022c                __aeabi_uidivmod
 .text          0x08000234      0x1d4 c:/users/bartosz/.p2/pool/plugins/fr.ac6.mcu.externaltools.arm-none.win32_1.13.2.201703061525/tools/compiler/bin/../lib/gcc/arm-none-eabi/5.4.1/armv6-m\libgcc.a(_divsi3.o)
                0x08000234                __divsi3
                0x08000234                __aeabi_idiv
                0x08000400                __aeabi_idivmod
 .text          0x08000408        0x4 c:/users/bartosz/.p2/pool/plugins/fr.ac6.mcu.externaltools.arm-none.win32_1.13.2.201703061525/tools/compiler/bin/../lib/gcc/arm-none-eabi/5.4.1/armv6-m\libgcc.a(_dvmd_tls.o)
                0x08000408                __aeabi_idiv0
                0x08000408                __aeabi_ldiv0
 .text          0x0800040c      0x4f4 c:/users/bartosz/.p2/pool/plugins/fr.ac6.mcu.externaltools.arm-none.win32_1.13.2.201703061525/tools/compiler/bin/../lib/gcc/arm-none-eabi/5.4.1/armv6-m\libgcc.a(muldf3.o)
                0x0800040c                __aeabi_dmul
 .text          0x08000900       0x6c c:/users/bartosz/.p2/pool/plugins/fr.ac6.mcu.externaltools.arm-none.win32_1.13.2.201703061525/tools/compiler/bin/../lib/gcc/arm-none-eabi/5.4.1/armv6-m\libgcc.a(fixdfsi.o)
                0x08000900                __aeabi_d2iz
 .text          0x0800096c       0x84 c:/users/bartosz/.p2/pool/plugins/fr.ac6.mcu.externaltools.arm-none.win32_1.13.2.201703061525/tools/compiler/bin/../lib/gcc/arm-none-eabi/5.4.1/armv6-m\libgcc.a(floatsidf.o)
                0x0800096c                __aeabi_i2d
 .text          0x080009f0       0x3c c:/users/bartosz/.p2/pool/plugins/fr.ac6.mcu.externaltools.arm-none.win32_1.13.2.201703061525/tools/compiler/bin/../lib/gcc/arm-none-eabi/5.4.1/armv6-m\libgcc.a(_clzsi2.o)
                0x080009f0                __clzsi2
 *(.text*)
 .text.Reset_Handler
                0x08000a2c       0x50 Application/SW4STM32/startup_stm32f051x8.o
                0x08000a2c                Reset_Handler
 .text.Default_Handler
                0x08000a7c        0x2 Application/SW4STM32/startup_stm32f051x8.o
                0x08000a7c                TIM1_CC_IRQHandler
                0x08000a7c                TSC_IRQHandler
                0x08000a7c                ADC1_COMP_IRQHandler
                0x08000a7c                PVD_IRQHandler
                0x08000a7c                I2C1_IRQHandler
                0x08000a7c                RCC_CRS_IRQHandler
                0x08000a7c                SPI1_IRQHandler
                0x08000a7c                I2C2_IRQHandler
                0x08000a7c                TIM17_IRQHandler
                0x08000a7c                CEC_CAN_IRQHandler
                0x08000a7c                RTC_IRQHandler
                0x08000a7c                TIM16_IRQHandler
                0x08000a7c                TIM3_IRQHandler
                0x08000a7c                Default_Handler
                0x08000a7c                TIM14_IRQHandler
                0x08000a7c                DMA1_Channel4_5_IRQHandler
                0x08000a7c                TIM15_IRQHandler
                0x08000a7c                EXTI0_1_IRQHandler
                0x08000a7c                SPI2_IRQHandler
                0x08000a7c                WWDG_IRQHandler
                0x08000a7c                TIM2_IRQHandler
                0x08000a7c                DMA1_Channel2_3_IRQHandler
                0x08000a7c                USART2_IRQHandler
                0x08000a7c                FLASH_IRQHandler
                0x08000a7c                TIM1_BRK_UP_TRG_COM_IRQHandler
 *fill*         0x08000a7e        0x2 
 .text.MX_ADC_Init
                0x08000a80       0xf0 Application/User/adc.o
                0x08000a80                MX_ADC_Init
 .text.HAL_ADC_MspInit
                0x08000b70       0x80 Application/User/adc.o
                0x08000b70                HAL_ADC_MspInit
 .text.MX_DMA_Init
                0x08000bf0       0x30 Application/User/dma.o
                0x08000bf0                MX_DMA_Init
 .text.MX_GPIO_Init
                0x08000c20       0xc8 Application/User/gpio.o
                0x08000c20                MX_GPIO_Init
 .text.PWM      0x08000ce8      0x138 Application/User/main.o
                0x08000ce8                PWM
 .text.uruchom  0x08000e20       0x6c Application/User/main.o
                0x08000e20                uruchom
 .text.HAL_GPIO_EXTI_Callback
                0x08000e8c       0x1c Application/User/main.o
                0x08000e8c                HAL_GPIO_EXTI_Callback
 .text.licz_blad
                0x08000ea8       0xc0 Application/User/main.o
                0x08000ea8                licz_blad
 .text.PD       0x08000f68       0x20 Application/User/main.o
                0x08000f68                PD
 .text.HAL_TIM_PeriodElapsedCallback
                0x08000f88       0x4c Application/User/main.o
                0x08000f88                HAL_TIM_PeriodElapsedCallback
 .text.HAL_UART_RxCpltCallback
                0x08000fd4       0xdc Application/User/main.o
                0x08000fd4                HAL_UART_RxCpltCallback
 .text.Error_Handler
                0x080010b0        0x4 Application/User/main.o
                0x080010b0                Error_Handler
 .text.SystemClock_Config
                0x080010b4       0x90 Application/User/main.o
                0x080010b4                SystemClock_Config
 .text.main     0x08001144       0x60 Application/User/main.o
                0x08001144                main
 .text.HAL_MspInit
                0x080011a4       0x40 Application/User/stm32f0xx_hal_msp.o
                0x080011a4                HAL_MspInit
 .text.NMI_Handler
                0x080011e4        0x4 Application/User/stm32f0xx_it.o
                0x080011e4                NMI_Handler
 .text.HardFault_Handler
                0x080011e8        0x4 Application/User/stm32f0xx_it.o
                0x080011e8                HardFault_Handler
 .text.SVC_Handler
                0x080011ec        0x4 Application/User/stm32f0xx_it.o
                0x080011ec                SVC_Handler
 .text.PendSV_Handler
                0x080011f0        0x4 Application/User/stm32f0xx_it.o
                0x080011f0                PendSV_Handler
 .text.SysTick_Handler
                0x080011f4        0xc Application/User/stm32f0xx_it.o
                0x080011f4                SysTick_Handler
 .text.EXTI2_3_IRQHandler
                0x08001200        0xc Application/User/stm32f0xx_it.o
                0x08001200                EXTI2_3_IRQHandler
 .text.EXTI4_15_IRQHandler
                0x0800120c        0xc Application/User/stm32f0xx_it.o
                0x0800120c                EXTI4_15_IRQHandler
 .text.DMA1_Channel1_IRQHandler
                0x08001218       0x10 Application/User/stm32f0xx_it.o
                0x08001218                DMA1_Channel1_IRQHandler
 .text.TIM6_DAC_IRQHandler
                0x08001228       0x10 Application/User/stm32f0xx_it.o
                0x08001228                TIM6_DAC_IRQHandler
 .text.USART1_IRQHandler
                0x08001238       0x10 Application/User/stm32f0xx_it.o
                0x08001238                USART1_IRQHandler
 .text.MX_TIM6_Init
                0x08001248       0x4c Application/User/tim.o
                0x08001248                MX_TIM6_Init
 .text.MX_TIM14_Init
                0x08001294       0x2c Application/User/tim.o
                0x08001294                MX_TIM14_Init
 .text.HAL_TIM_Base_MspInit
                0x080012c0       0x7c Application/User/tim.o
                0x080012c0                HAL_TIM_Base_MspInit
 .text.HAL_TIM_MspPostInit
                0x0800133c       0x30 Application/User/tim.o
                0x0800133c                HAL_TIM_MspPostInit
 .text.MX_TIM1_Init
                0x0800136c       0xd4 Application/User/tim.o
                0x0800136c                MX_TIM1_Init
 .text.MX_USART1_UART_Init
                0x08001440       0x38 Application/User/usart.o
                0x08001440                MX_USART1_UART_Init
 .text.HAL_UART_MspInit
                0x08001478       0x5c Application/User/usart.o
                0x08001478                HAL_UART_MspInit
 .text.SystemInit
                0x080014d4       0x60 Drivers/CMSIS/system_stm32f0xx.o
                0x080014d4                SystemInit
 .text.HAL_InitTick
                0x08001534       0x24 Drivers/STM32F0xx_HAL_Driver/stm32f0xx_hal.o
                0x08001534                HAL_InitTick
 .text.HAL_Init
                0x08001558       0x20 Drivers/STM32F0xx_HAL_Driver/stm32f0xx_hal.o
                0x08001558                HAL_Init
 .text.HAL_IncTick
                0x08001578       0x10 Drivers/STM32F0xx_HAL_Driver/stm32f0xx_hal.o
                0x08001578                HAL_IncTick
 .text.HAL_GetTick
                0x08001588        0xc Drivers/STM32F0xx_HAL_Driver/stm32f0xx_hal.o
                0x08001588                HAL_GetTick
 .text.ADC_Enable
                0x08001594       0xb8 Drivers/STM32F0xx_HAL_Driver/stm32f0xx_hal_adc.o
 .text.HAL_ADC_Init
                0x0800164c      0x184 Drivers/STM32F0xx_HAL_Driver/stm32f0xx_hal_adc.o
                0x0800164c                HAL_ADC_Init
 .text.HAL_ADC_Start_DMA
                0x080017d0       0xac Drivers/STM32F0xx_HAL_Driver/stm32f0xx_hal_adc.o
                0x080017d0                HAL_ADC_Start_DMA
 .text.HAL_ADC_ConvCpltCallback
                0x0800187c        0x4 Drivers/STM32F0xx_HAL_Driver/stm32f0xx_hal_adc.o
                0x0800187c                HAL_ADC_ConvCpltCallback
 .text.ADC_DMAConvCplt
                0x08001880       0x70 Drivers/STM32F0xx_HAL_Driver/stm32f0xx_hal_adc.o
 .text.HAL_ADC_ConvHalfCpltCallback
                0x080018f0        0x4 Drivers/STM32F0xx_HAL_Driver/stm32f0xx_hal_adc.o
                0x080018f0                HAL_ADC_ConvHalfCpltCallback
 .text.ADC_DMAHalfConvCplt
                0x080018f4        0xc Drivers/STM32F0xx_HAL_Driver/stm32f0xx_hal_adc.o
 .text.HAL_ADC_ErrorCallback
                0x08001900        0x4 Drivers/STM32F0xx_HAL_Driver/stm32f0xx_hal_adc.o
                0x08001900                HAL_ADC_ErrorCallback
 .text.ADC_DMAError
                0x08001904       0x1c Drivers/STM32F0xx_HAL_Driver/stm32f0xx_hal_adc.o
 .text.HAL_ADC_ConfigChannel
                0x08001920      0x14c Drivers/STM32F0xx_HAL_Driver/stm32f0xx_hal_adc.o
                0x08001920                HAL_ADC_ConfigChannel
 .text.HAL_NVIC_SetPriority
                0x08001a6c       0x64 Drivers/STM32F0xx_HAL_Driver/stm32f0xx_hal_cortex.o
                0x08001a6c                HAL_NVIC_SetPriority
 .text.HAL_NVIC_EnableIRQ
                0x08001ad0       0x14 Drivers/STM32F0xx_HAL_Driver/stm32f0xx_hal_cortex.o
                0x08001ad0                HAL_NVIC_EnableIRQ
 .text.HAL_SYSTICK_Config
                0x08001ae4       0x38 Drivers/STM32F0xx_HAL_Driver/stm32f0xx_hal_cortex.o
                0x08001ae4                HAL_SYSTICK_Config
 .text.HAL_SYSTICK_CLKSourceConfig
                0x08001b1c       0x20 Drivers/STM32F0xx_HAL_Driver/stm32f0xx_hal_cortex.o
                0x08001b1c                HAL_SYSTICK_CLKSourceConfig
 .text.HAL_SYSTICK_Callback
                0x08001b3c        0x4 Drivers/STM32F0xx_HAL_Driver/stm32f0xx_hal_cortex.o
                0x08001b3c                HAL_SYSTICK_Callback
 .text.HAL_SYSTICK_IRQHandler
                0x08001b40        0x8 Drivers/STM32F0xx_HAL_Driver/stm32f0xx_hal_cortex.o
                0x08001b40                HAL_SYSTICK_IRQHandler
 .text.DMA_SetConfig
                0x08001b48       0x2c Drivers/STM32F0xx_HAL_Driver/stm32f0xx_hal_dma.o
 .text.DMA_CalcBaseAndBitshift
                0x08001b74       0x28 Drivers/STM32F0xx_HAL_Driver/stm32f0xx_hal_dma.o
 .text.HAL_DMA_Init
                0x08001b9c       0x5c Drivers/STM32F0xx_HAL_Driver/stm32f0xx_hal_dma.o
                0x08001b9c                HAL_DMA_Init
 .text.HAL_DMA_Start_IT
                0x08001bf8       0x78 Drivers/STM32F0xx_HAL_Driver/stm32f0xx_hal_dma.o
                0x08001bf8                HAL_DMA_Start_IT
 .text.HAL_DMA_Abort_IT
                0x08001c70       0x4c Drivers/STM32F0xx_HAL_Driver/stm32f0xx_hal_dma.o
                0x08001c70                HAL_DMA_Abort_IT
 .text.HAL_DMA_IRQHandler
                0x08001cbc       0xac Drivers/STM32F0xx_HAL_Driver/stm32f0xx_hal_dma.o
                0x08001cbc                HAL_DMA_IRQHandler
 .text.HAL_GPIO_Init
                0x08001d68      0x188 Drivers/STM32F0xx_HAL_Driver/stm32f0xx_hal_gpio.o
                0x08001d68                HAL_GPIO_Init
 .text.HAL_GPIO_WritePin
                0x08001ef0        0xc Drivers/STM32F0xx_HAL_Driver/stm32f0xx_hal_gpio.o
                0x08001ef0                HAL_GPIO_WritePin
 .text.HAL_GPIO_TogglePin
                0x08001efc        0x8 Drivers/STM32F0xx_HAL_Driver/stm32f0xx_hal_gpio.o
                0x08001efc                HAL_GPIO_TogglePin
 .text.HAL_GPIO_EXTI_IRQHandler
                0x08001f04       0x18 Drivers/STM32F0xx_HAL_Driver/stm32f0xx_hal_gpio.o
                0x08001f04                HAL_GPIO_EXTI_IRQHandler
 .text.HAL_RCC_OscConfig
                0x08001f1c      0x480 Drivers/STM32F0xx_HAL_Driver/stm32f0xx_hal_rcc.o
                0x08001f1c                HAL_RCC_OscConfig
 .text.HAL_RCC_GetSysClockFreq
                0x0800239c       0x74 Drivers/STM32F0xx_HAL_Driver/stm32f0xx_hal_rcc.o
                0x0800239c                HAL_RCC_GetSysClockFreq
 .text.HAL_RCC_ClockConfig
                0x08002410      0x160 Drivers/STM32F0xx_HAL_Driver/stm32f0xx_hal_rcc.o
                0x08002410                HAL_RCC_ClockConfig
 .text.HAL_RCC_GetHCLKFreq
                0x08002570        0xc Drivers/STM32F0xx_HAL_Driver/stm32f0xx_hal_rcc.o
                0x08002570                HAL_RCC_GetHCLKFreq
 .text.HAL_RCC_GetPCLK1Freq
                0x0800257c       0x20 Drivers/STM32F0xx_HAL_Driver/stm32f0xx_hal_rcc.o
                0x0800257c                HAL_RCC_GetPCLK1Freq
 .text.HAL_RCCEx_PeriphCLKConfig
                0x0800259c      0x130 Drivers/STM32F0xx_HAL_Driver/stm32f0xx_hal_rcc_ex.o
                0x0800259c                HAL_RCCEx_PeriphCLKConfig
 .text.TIM_OC1_SetConfig
                0x080026cc       0x88 Drivers/STM32F0xx_HAL_Driver/stm32f0xx_hal_tim.o
 .text.TIM_OC3_SetConfig
                0x08002754       0x90 Drivers/STM32F0xx_HAL_Driver/stm32f0xx_hal_tim.o
 .text.TIM_OC4_SetConfig
                0x080027e4       0x74 Drivers/STM32F0xx_HAL_Driver/stm32f0xx_hal_tim.o
 .text.TIM_TI1_ConfigInputStage
                0x08002858       0x24 Drivers/STM32F0xx_HAL_Driver/stm32f0xx_hal_tim.o
 .text.TIM_TI2_ConfigInputStage
                0x0800287c       0x28 Drivers/STM32F0xx_HAL_Driver/stm32f0xx_hal_tim.o
 .text.TIM_ITRx_SetConfig
                0x080028a4       0x14 Drivers/STM32F0xx_HAL_Driver/stm32f0xx_hal_tim.o
 .text.HAL_TIM_Base_Start_IT
                0x080028b8       0x18 Drivers/STM32F0xx_HAL_Driver/stm32f0xx_hal_tim.o
                0x080028b8                HAL_TIM_Base_Start_IT
 .text.HAL_TIM_PWM_MspInit
                0x080028d0        0x4 Drivers/STM32F0xx_HAL_Driver/stm32f0xx_hal_tim.o
                0x080028d0                HAL_TIM_PWM_MspInit
 .text.HAL_TIM_OC_DelayElapsedCallback
                0x080028d4        0x4 Drivers/STM32F0xx_HAL_Driver/stm32f0xx_hal_tim.o
                0x080028d4                HAL_TIM_OC_DelayElapsedCallback
 .text.HAL_TIM_IC_CaptureCallback
                0x080028d8        0x4 Drivers/STM32F0xx_HAL_Driver/stm32f0xx_hal_tim.o
                0x080028d8                HAL_TIM_IC_CaptureCallback
 .text.HAL_TIM_PWM_PulseFinishedCallback
                0x080028dc        0x4 Drivers/STM32F0xx_HAL_Driver/stm32f0xx_hal_tim.o
                0x080028dc                HAL_TIM_PWM_PulseFinishedCallback
 .text.HAL_TIM_TriggerCallback
                0x080028e0        0x4 Drivers/STM32F0xx_HAL_Driver/stm32f0xx_hal_tim.o
                0x080028e0                HAL_TIM_TriggerCallback
 .text.HAL_TIM_IRQHandler
                0x080028e4      0x154 Drivers/STM32F0xx_HAL_Driver/stm32f0xx_hal_tim.o
                0x080028e4                HAL_TIM_IRQHandler
 .text.TIM_Base_SetConfig
                0x08002a38       0xa4 Drivers/STM32F0xx_HAL_Driver/stm32f0xx_hal_tim.o
                0x08002a38                TIM_Base_SetConfig
 .text.HAL_TIM_Base_Init
                0x08002adc       0x34 Drivers/STM32F0xx_HAL_Driver/stm32f0xx_hal_tim.o
                0x08002adc                HAL_TIM_Base_Init
 .text.HAL_TIM_PWM_Init
                0x08002b10       0x34 Drivers/STM32F0xx_HAL_Driver/stm32f0xx_hal_tim.o
                0x08002b10                HAL_TIM_PWM_Init
 .text.TIM_OC2_SetConfig
                0x08002b44       0x84 Drivers/STM32F0xx_HAL_Driver/stm32f0xx_hal_tim.o
                0x08002b44                TIM_OC2_SetConfig
 .text.HAL_TIM_PWM_ConfigChannel
                0x08002bc8       0xf0 Drivers/STM32F0xx_HAL_Driver/stm32f0xx_hal_tim.o
                0x08002bc8                HAL_TIM_PWM_ConfigChannel
 .text.TIM_ETR_SetConfig
                0x08002cb8       0x18 Drivers/STM32F0xx_HAL_Driver/stm32f0xx_hal_tim.o
                0x08002cb8                TIM_ETR_SetConfig
 .text.HAL_TIM_ConfigClockSource
                0x08002cd0      0x120 Drivers/STM32F0xx_HAL_Driver/stm32f0xx_hal_tim.o
                0x08002cd0                HAL_TIM_ConfigClockSource
 .text.TIM_CCxChannelCmd
                0x08002df0       0x18 Drivers/STM32F0xx_HAL_Driver/stm32f0xx_hal_tim.o
                0x08002df0                TIM_CCxChannelCmd
 .text.HAL_TIM_PWM_Start
                0x08002e08       0x64 Drivers/STM32F0xx_HAL_Driver/stm32f0xx_hal_tim.o
                0x08002e08                HAL_TIM_PWM_Start
 .text.HAL_TIM_PWM_Stop
                0x08002e6c       0x94 Drivers/STM32F0xx_HAL_Driver/stm32f0xx_hal_tim.o
                0x08002e6c                HAL_TIM_PWM_Stop
 .text.HAL_TIMEx_MasterConfigSynchronization
                0x08002f00       0x4c Drivers/STM32F0xx_HAL_Driver/stm32f0xx_hal_tim_ex.o
                0x08002f00                HAL_TIMEx_MasterConfigSynchronization
 .text.HAL_TIMEx_ConfigBreakDeadTime
                0x08002f4c       0x7c Drivers/STM32F0xx_HAL_Driver/stm32f0xx_hal_tim_ex.o
                0x08002f4c                HAL_TIMEx_ConfigBreakDeadTime
 .text.HAL_TIMEx_CommutationCallback
                0x08002fc8        0x4 Drivers/STM32F0xx_HAL_Driver/stm32f0xx_hal_tim_ex.o
                0x08002fc8                HAL_TIMEx_CommutationCallback
 .text.HAL_TIMEx_BreakCallback
                0x08002fcc        0x4 Drivers/STM32F0xx_HAL_Driver/stm32f0xx_hal_tim_ex.o
                0x08002fcc                HAL_TIMEx_BreakCallback
 .text.UART_EndRxTransfer
                0x08002fd0       0x20 Drivers/STM32F0xx_HAL_Driver/stm32f0xx_hal_uart.o
 .text.HAL_UART_Transmit_IT
                0x08002ff0       0x68 Drivers/STM32F0xx_HAL_Driver/stm32f0xx_hal_uart.o
                0x08002ff0                HAL_UART_Transmit_IT
 .text.HAL_UART_Receive_IT
                0x08003058       0xb4 Drivers/STM32F0xx_HAL_Driver/stm32f0xx_hal_uart.o
                0x08003058                HAL_UART_Receive_IT
 .text.HAL_UART_TxCpltCallback
                0x0800310c        0x4 Drivers/STM32F0xx_HAL_Driver/stm32f0xx_hal_uart.o
                0x0800310c                HAL_UART_TxCpltCallback
 .text.HAL_UART_ErrorCallback
                0x08003110        0x4 Drivers/STM32F0xx_HAL_Driver/stm32f0xx_hal_uart.o
                0x08003110                HAL_UART_ErrorCallback
 .text.UART_DMAAbortOnError
                0x08003114       0x14 Drivers/STM32F0xx_HAL_Driver/stm32f0xx_hal_uart.o
 .text.UART_SetConfig
                0x08003128      0x1b4 Drivers/STM32F0xx_HAL_Driver/stm32f0xx_hal_uart.o
                0x08003128                UART_SetConfig
 .text.UART_AdvFeatureConfig
                0x080032dc       0xe0 Drivers/STM32F0xx_HAL_Driver/stm32f0xx_hal_uart.o
                0x080032dc                UART_AdvFeatureConfig
 .text.UART_WaitOnFlagUntilTimeout
                0x080033bc       0x6c Drivers/STM32F0xx_HAL_Driver/stm32f0xx_hal_uart.o
                0x080033bc                UART_WaitOnFlagUntilTimeout
 .text.UART_CheckIdleState
                0x08003428       0x78 Drivers/STM32F0xx_HAL_Driver/stm32f0xx_hal_uart.o
                0x08003428                UART_CheckIdleState
 .text.HAL_UART_Init
                0x080034a0       0x6c Drivers/STM32F0xx_HAL_Driver/stm32f0xx_hal_uart.o
                0x080034a0                HAL_UART_Init
 .text.UART_Transmit_IT
                0x0800350c       0x6c Drivers/STM32F0xx_HAL_Driver/stm32f0xx_hal_uart.o
                0x0800350c                UART_Transmit_IT
 .text.UART_EndTransmit_IT
                0x08003578       0x1c Drivers/STM32F0xx_HAL_Driver/stm32f0xx_hal_uart.o
                0x08003578                UART_EndTransmit_IT
 .text.UART_Receive_IT
                0x08003594       0x88 Drivers/STM32F0xx_HAL_Driver/stm32f0xx_hal_uart.o
                0x08003594                UART_Receive_IT
 .text.HAL_UART_IRQHandler
                0x0800361c      0x140 Drivers/STM32F0xx_HAL_Driver/stm32f0xx_hal_uart.o
                0x0800361c                HAL_UART_IRQHandler
 .text.HAL_UARTEx_WakeupCallback
                0x0800375c        0x4 Drivers/STM32F0xx_HAL_Driver/stm32f0xx_hal_uart_ex.o
                0x0800375c                HAL_UARTEx_WakeupCallback
 .text.atoi     0x08003760        0xc c:/users/bartosz/.p2/pool/plugins/fr.ac6.mcu.externaltools.arm-none.win32_1.13.2.201703061525/tools/compiler/bin/../lib/gcc/arm-none-eabi/5.4.1/../../../../arm-none-eabi/lib/armv6-m\libc_nano.a(lib_a-atoi.o)
                0x08003760                atoi
 .text.__libc_init_array
                0x0800376c       0x4c c:/users/bartosz/.p2/pool/plugins/fr.ac6.mcu.externaltools.arm-none.win32_1.13.2.201703061525/tools/compiler/bin/../lib/gcc/arm-none-eabi/5.4.1/../../../../arm-none-eabi/lib/armv6-m\libc_nano.a(lib_a-init.o)
                0x0800376c                __libc_init_array
 .text.memcpy   0x080037b8       0x12 c:/users/bartosz/.p2/pool/plugins/fr.ac6.mcu.externaltools.arm-none.win32_1.13.2.201703061525/tools/compiler/bin/../lib/gcc/arm-none-eabi/5.4.1/../../../../arm-none-eabi/lib/armv6-m\libc_nano.a(lib_a-memcpy-stub.o)
                0x080037b8                memcpy
 *fill*         0x080037ca        0x2 
 .text.sprintf  0x080037cc       0x44 c:/users/bartosz/.p2/pool/plugins/fr.ac6.mcu.externaltools.arm-none.win32_1.13.2.201703061525/tools/compiler/bin/../lib/gcc/arm-none-eabi/5.4.1/../../../../arm-none-eabi/lib/armv6-m\libc_nano.a(lib_a-sprintf.o)
                0x080037cc                siprintf
                0x080037cc                sprintf
 .text._strtol_l.isra.0
                0x08003810      0x11c c:/users/bartosz/.p2/pool/plugins/fr.ac6.mcu.externaltools.arm-none.win32_1.13.2.201703061525/tools/compiler/bin/../lib/gcc/arm-none-eabi/5.4.1/../../../../arm-none-eabi/lib/armv6-m\libc_nano.a(lib_a-strtol.o)
 .text.strtol   0x0800392c       0x28 c:/users/bartosz/.p2/pool/plugins/fr.ac6.mcu.externaltools.arm-none.win32_1.13.2.201703061525/tools/compiler/bin/../lib/gcc/arm-none-eabi/5.4.1/../../../../arm-none-eabi/lib/armv6-m\libc_nano.a(lib_a-strtol.o)
                0x0800392c                strtol
 .text.__locale_ctype_ptr_l
                0x08003954        0x6 c:/users/bartosz/.p2/pool/plugins/fr.ac6.mcu.externaltools.arm-none.win32_1.13.2.201703061525/tools/compiler/bin/../lib/gcc/arm-none-eabi/5.4.1/../../../../arm-none-eabi/lib/armv6-m\libc_nano.a(lib_a-locale.o)
                0x08003954                __locale_ctype_ptr_l
 .text.__ascii_mbtowc
                0x0800395a       0x24 c:/users/bartosz/.p2/pool/plugins/fr.ac6.mcu.externaltools.arm-none.win32_1.13.2.201703061525/tools/compiler/bin/../lib/gcc/arm-none-eabi/5.4.1/../../../../arm-none-eabi/lib/armv6-m\libc_nano.a(lib_a-mbtowc_r.o)
                0x0800395a                __ascii_mbtowc
 *fill*         0x0800397e        0x2 
 .text.__ssputs_r
                0x08003980       0xc4 c:/users/bartosz/.p2/pool/plugins/fr.ac6.mcu.externaltools.arm-none.win32_1.13.2.201703061525/tools/compiler/bin/../lib/gcc/arm-none-eabi/5.4.1/../../../../arm-none-eabi/lib/armv6-m\libc_nano.a(lib_a-nano-svfprintf.o)
                0x08003980                __ssputs_r
 .text._svfprintf_r
                0x08003a44      0x1fc c:/users/bartosz/.p2/pool/plugins/fr.ac6.mcu.externaltools.arm-none.win32_1.13.2.201703061525/tools/compiler/bin/../lib/gcc/arm-none-eabi/5.4.1/../../../../arm-none-eabi/lib/armv6-m\libc_nano.a(lib_a-nano-svfprintf.o)
                0x08003a44                _svfiprintf_r
                0x08003a44                _svfprintf_r
 .text._printf_common
                0x08003c40       0xdc c:/users/bartosz/.p2/pool/plugins/fr.ac6.mcu.externaltools.arm-none.win32_1.13.2.201703061525/tools/compiler/bin/../lib/gcc/arm-none-eabi/5.4.1/../../../../arm-none-eabi/lib/armv6-m\libc_nano.a(lib_a-nano-vfprintf_i.o)
                0x08003c40                _printf_common
 .text._printf_i
                0x08003d1c      0x244 c:/users/bartosz/.p2/pool/plugins/fr.ac6.mcu.externaltools.arm-none.win32_1.13.2.201703061525/tools/compiler/bin/../lib/gcc/arm-none-eabi/5.4.1/../../../../arm-none-eabi/lib/armv6-m\libc_nano.a(lib_a-nano-vfprintf_i.o)
                0x08003d1c                _printf_i
 .text.__ascii_wctomb
                0x08003f60       0x18 c:/users/bartosz/.p2/pool/plugins/fr.ac6.mcu.externaltools.arm-none.win32_1.13.2.201703061525/tools/compiler/bin/../lib/gcc/arm-none-eabi/5.4.1/../../../../arm-none-eabi/lib/armv6-m\libc_nano.a(lib_a-wctomb_r.o)
                0x08003f60                __ascii_wctomb
 .text.memchr   0x08003f78       0x16 c:/users/bartosz/.p2/pool/plugins/fr.ac6.mcu.externaltools.arm-none.win32_1.13.2.201703061525/tools/compiler/bin/../lib/gcc/arm-none-eabi/5.4.1/../../../../arm-none-eabi/lib/armv6-m\libc_nano.a(lib_a-memchr-stub.o)
                0x08003f78                memchr
 .text.memmove  0x08003f8e       0x2a c:/users/bartosz/.p2/pool/plugins/fr.ac6.mcu.externaltools.arm-none.win32_1.13.2.201703061525/tools/compiler/bin/../lib/gcc/arm-none-eabi/5.4.1/../../../../arm-none-eabi/lib/armv6-m\libc_nano.a(lib_a-memmove.o)
                0x08003f8e                memmove
 .text._free_r  0x08003fb8       0x98 c:/users/bartosz/.p2/pool/plugins/fr.ac6.mcu.externaltools.arm-none.win32_1.13.2.201703061525/tools/compiler/bin/../lib/gcc/arm-none-eabi/5.4.1/../../../../arm-none-eabi/lib/armv6-m\libc_nano.a(lib_a-nano-freer.o)
                0x08003fb8                _free_r
 .text._malloc_r
                0x08004050       0xc0 c:/users/bartosz/.p2/pool/plugins/fr.ac6.mcu.externaltools.arm-none.win32_1.13.2.201703061525/tools/compiler/bin/../lib/gcc/arm-none-eabi/5.4.1/../../../../arm-none-eabi/lib/armv6-m\libc_nano.a(lib_a-nano-mallocr.o)
                0x08004050                _malloc_r
 .text._realloc_r
                0x08004110       0x4c c:/users/bartosz/.p2/pool/plugins/fr.ac6.mcu.externaltools.arm-none.win32_1.13.2.201703061525/tools/compiler/bin/../lib/gcc/arm-none-eabi/5.4.1/../../../../arm-none-eabi/lib/armv6-m\libc_nano.a(lib_a-nano-reallocr.o)
                0x08004110                _realloc_r
 .text._sbrk_r  0x0800415c       0x24 c:/users/bartosz/.p2/pool/plugins/fr.ac6.mcu.externaltools.arm-none.win32_1.13.2.201703061525/tools/compiler/bin/../lib/gcc/arm-none-eabi/5.4.1/../../../../arm-none-eabi/lib/armv6-m\libc_nano.a(lib_a-sbrkr.o)
                0x0800415c                _sbrk_r
 .text.__malloc_lock
                0x08004180        0x2 c:/users/bartosz/.p2/pool/plugins/fr.ac6.mcu.externaltools.arm-none.win32_1.13.2.201703061525/tools/compiler/bin/../lib/gcc/arm-none-eabi/5.4.1/../../../../arm-none-eabi/lib/armv6-m\libc_nano.a(lib_a-mlock.o)
                0x08004180                __malloc_lock
 .text.__malloc_unlock
                0x08004182        0x2 c:/users/bartosz/.p2/pool/plugins/fr.ac6.mcu.externaltools.arm-none.win32_1.13.2.201703061525/tools/compiler/bin/../lib/gcc/arm-none-eabi/5.4.1/../../../../arm-none-eabi/lib/armv6-m\libc_nano.a(lib_a-mlock.o)
                0x08004182                __malloc_unlock
 .text._malloc_usable_size_r
                0x08004184       0x16 c:/users/bartosz/.p2/pool/plugins/fr.ac6.mcu.externaltools.arm-none.win32_1.13.2.201703061525/tools/compiler/bin/../lib/gcc/arm-none-eabi/5.4.1/../../../../arm-none-eabi/lib/armv6-m\libc_nano.a(lib_a-nano-msizer.o)
                0x08004184                _malloc_usable_size_r
 *fill*         0x0800419a        0x2 
 .text._sbrk    0x0800419c       0x1c c:/users/bartosz/.p2/pool/plugins/fr.ac6.mcu.externaltools.arm-none.win32_1.13.2.201703061525/tools/compiler/bin/../lib/gcc/arm-none-eabi/5.4.1/../../../../arm-none-eabi/lib/armv6-m\libnosys.a(sbrk.o)
                0x0800419c                _sbrk
 *(.glue_7)
 .glue_7        0x080041b8        0x0 linker stubs
 *(.glue_7t)
 .glue_7t       0x080041b8        0x0 linker stubs
 *(.eh_frame)
 .eh_frame      0x080041b8        0x0 c:/users/bartosz/.p2/pool/plugins/fr.ac6.mcu.externaltools.arm-none.win32_1.13.2.201703061525/tools/compiler/bin/../lib/gcc/arm-none-eabi/5.4.1/armv6-m/crtbegin.o
 *(.init)
 .init          0x080041b8        0x4 c:/users/bartosz/.p2/pool/plugins/fr.ac6.mcu.externaltools.arm-none.win32_1.13.2.201703061525/tools/compiler/bin/../lib/gcc/arm-none-eabi/5.4.1/armv6-m/crti.o
                0x080041b8                _init
 .init          0x080041bc        0x8 c:/users/bartosz/.p2/pool/plugins/fr.ac6.mcu.externaltools.arm-none.win32_1.13.2.201703061525/tools/compiler/bin/../lib/gcc/arm-none-eabi/5.4.1/armv6-m/crtn.o
 *(.fini)
 .fini          0x080041c4        0x4 c:/users/bartosz/.p2/pool/plugins/fr.ac6.mcu.externaltools.arm-none.win32_1.13.2.201703061525/tools/compiler/bin/../lib/gcc/arm-none-eabi/5.4.1/armv6-m/crti.o
                0x080041c4                _fini
 .fini          0x080041c8        0x8 c:/users/bartosz/.p2/pool/plugins/fr.ac6.mcu.externaltools.arm-none.win32_1.13.2.201703061525/tools/compiler/bin/../lib/gcc/arm-none-eabi/5.4.1/armv6-m/crtn.o
                0x080041d0                . = ALIGN (0x4)
                0x080041d0                _etext = .

.vfp11_veneer   0x080041d0        0x0
 .vfp11_veneer  0x080041d0        0x0 linker stubs

.v4_bx          0x080041d0        0x0
 .v4_bx         0x080041d0        0x0 linker stubs

.iplt           0x080041d0        0x0
 .iplt          0x080041d0        0x0 c:/users/bartosz/.p2/pool/plugins/fr.ac6.mcu.externaltools.arm-none.win32_1.13.2.201703061525/tools/compiler/bin/../lib/gcc/arm-none-eabi/5.4.1/armv6-m/crtbegin.o

.rodata         0x080041d0      0x20c
                0x080041d0                . = ALIGN (0x4)
 *(.rodata)
 .rodata        0x080041d0       0x18 Application/User/main.o
 .rodata        0x080041e8       0x18 Drivers/CMSIS/system_stm32f0xx.o
                0x080041e8                AHBPrescTable
                0x080041f8                APBPrescTable
 .rodata        0x08004200       0x20 Drivers/STM32F0xx_HAL_Driver/stm32f0xx_hal_rcc.o
 .rodata        0x08004220       0x40 c:/users/bartosz/.p2/pool/plugins/fr.ac6.mcu.externaltools.arm-none.win32_1.13.2.201703061525/tools/compiler/bin/../lib/gcc/arm-none-eabi/5.4.1/armv6-m\libgcc.a(muldf3.o)
 *(.rodata*)
 .rodata.str1.4
                0x08004260       0x3c Application/User/main.o
                                 0x39 (size before relaxing)
 .rodata.str1.1
                0x0800429c        0xa c:/users/bartosz/.p2/pool/plugins/fr.ac6.mcu.externaltools.arm-none.win32_1.13.2.201703061525/tools/compiler/bin/../lib/gcc/arm-none-eabi/5.4.1/../../../../arm-none-eabi/lib/armv6-m\libc_nano.a(lib_a-locale.o)
                                  0xb (size before relaxing)
 .rodata.str1.1
                0x080042a6       0x11 c:/users/bartosz/.p2/pool/plugins/fr.ac6.mcu.externaltools.arm-none.win32_1.13.2.201703061525/tools/compiler/bin/../lib/gcc/arm-none-eabi/5.4.1/../../../../arm-none-eabi/lib/armv6-m\libc_nano.a(lib_a-nano-svfprintf.o)
 .rodata.str1.1
                0x080042b7       0x22 c:/users/bartosz/.p2/pool/plugins/fr.ac6.mcu.externaltools.arm-none.win32_1.13.2.201703061525/tools/compiler/bin/../lib/gcc/arm-none-eabi/5.4.1/../../../../arm-none-eabi/lib/armv6-m\libc_nano.a(lib_a-nano-vfprintf_i.o)
 .rodata._ctype_
                0x080042d9      0x101 c:/users/bartosz/.p2/pool/plugins/fr.ac6.mcu.externaltools.arm-none.win32_1.13.2.201703061525/tools/compiler/bin/../lib/gcc/arm-none-eabi/5.4.1/../../../../arm-none-eabi/lib/armv6-m\libc_nano.a(lib_a-ctype_.o)
                0x080042d9                _ctype_
                0x080043dc                . = ALIGN (0x4)
 *fill*         0x080043da        0x2 

.rel.dyn        0x080043dc        0x0
 .rel.iplt      0x080043dc        0x0 c:/users/bartosz/.p2/pool/plugins/fr.ac6.mcu.externaltools.arm-none.win32_1.13.2.201703061525/tools/compiler/bin/../lib/gcc/arm-none-eabi/5.4.1/armv6-m/crtbegin.o

.ARM.extab
 *(.ARM.extab* .gnu.linkonce.armextab.*)

.ARM            0x080043dc        0x0
                0x080043dc                __exidx_start = .
 *(.ARM.exidx*)
                0x080043dc                __exidx_end = .

.preinit_array  0x080043dc        0x0
                0x080043dc                PROVIDE (__preinit_array_start, .)
 *(.preinit_array*)
                0x080043dc                PROVIDE (__preinit_array_end, .)

.init_array     0x080043dc        0x4
                0x080043dc                PROVIDE (__init_array_start, .)
 *(SORT(.init_array.*))
 *(.init_array*)
 .init_array    0x080043dc        0x4 c:/users/bartosz/.p2/pool/plugins/fr.ac6.mcu.externaltools.arm-none.win32_1.13.2.201703061525/tools/compiler/bin/../lib/gcc/arm-none-eabi/5.4.1/armv6-m/crtbegin.o
                0x080043e0                PROVIDE (__init_array_end, .)

.fini_array     0x080043e0        0x4
                [!provide]                PROVIDE (__fini_array_start, .)
 *(SORT(.fini_array.*))
 *(.fini_array*)
 .fini_array    0x080043e0        0x4 c:/users/bartosz/.p2/pool/plugins/fr.ac6.mcu.externaltools.arm-none.win32_1.13.2.201703061525/tools/compiler/bin/../lib/gcc/arm-none-eabi/5.4.1/armv6-m/crtbegin.o
                [!provide]                PROVIDE (__fini_array_end, .)
                0x080043e4                _sidata = LOADADDR (.data)

.data           0x20000000      0x1e4 load address 0x080043e4
                0x20000000                . = ALIGN (0x4)
                0x20000000                _sdata = .
 *(.data)
 .data          0x20000000        0xd Application/User/main.o
                0x20000000                prog
                0x20000004                Kp
                0x20000008                V_zad
                0x2000000c                waga
 *fill*         0x2000000d        0x3 
 .data          0x20000010        0x4 Drivers/CMSIS/system_stm32f0xx.o
                0x20000010                SystemCoreClock
 *(.data*)
 .data.impure_data
                0x20000014       0x60 c:/users/bartosz/.p2/pool/plugins/fr.ac6.mcu.externaltools.arm-none.win32_1.13.2.201703061525/tools/compiler/bin/../lib/gcc/arm-none-eabi/5.4.1/../../../../arm-none-eabi/lib/armv6-m\libc_nano.a(lib_a-impure.o)
 .data._impure_ptr
                0x20000074        0x4 c:/users/bartosz/.p2/pool/plugins/fr.ac6.mcu.externaltools.arm-none.win32_1.13.2.201703061525/tools/compiler/bin/../lib/gcc/arm-none-eabi/5.4.1/../../../../arm-none-eabi/lib/armv6-m\libc_nano.a(lib_a-impure.o)
                0x20000074                _impure_ptr
 .data.__global_locale
                0x20000078      0x16c c:/users/bartosz/.p2/pool/plugins/fr.ac6.mcu.externaltools.arm-none.win32_1.13.2.201703061525/tools/compiler/bin/../lib/gcc/arm-none-eabi/5.4.1/../../../../arm-none-eabi/lib/armv6-m\libc_nano.a(lib_a-locale.o)
                0x20000078                __global_locale
                0x200001e4                . = ALIGN (0x4)
                0x200001e4                _edata = .

.jcr            0x200001e4        0x0 load address 0x080045c8
 .jcr           0x200001e4        0x0 c:/users/bartosz/.p2/pool/plugins/fr.ac6.mcu.externaltools.arm-none.win32_1.13.2.201703061525/tools/compiler/bin/../lib/gcc/arm-none-eabi/5.4.1/armv6-m/crtbegin.o

.igot.plt       0x200001e4        0x0 load address 0x080045c8
 .igot.plt      0x200001e4        0x0 c:/users/bartosz/.p2/pool/plugins/fr.ac6.mcu.externaltools.arm-none.win32_1.13.2.201703061525/tools/compiler/bin/../lib/gcc/arm-none-eabi/5.4.1/armv6-m/crtbegin.o
                0x200001e4                . = ALIGN (0x4)

.bss            0x200001e4      0x21c load address 0x080045c8
                0x200001e4                _sbss = .
                0x200001e4                __bss_start__ = _sbss
 *(.bss)
 .bss           0x200001e4       0x1c c:/users/bartosz/.p2/pool/plugins/fr.ac6.mcu.externaltools.arm-none.win32_1.13.2.201703061525/tools/compiler/bin/../lib/gcc/arm-none-eabi/5.4.1/armv6-m/crtbegin.o
 .bss           0x20000200       0x17 Application/User/main.o
                0x20000200                wlaczony
                0x20000204                pop_blad
                0x20000208                przestrzelony
                0x2000020c                blad
                0x20000210                Kd
                0x20000214                petla
                0x20000216                start
 *(.bss*)
 *fill*         0x20000217        0x1 
 .bss.__malloc_sbrk_start
                0x20000218        0x4 c:/users/bartosz/.p2/pool/plugins/fr.ac6.mcu.externaltools.arm-none.win32_1.13.2.201703061525/tools/compiler/bin/../lib/gcc/arm-none-eabi/5.4.1/../../../../arm-none-eabi/lib/armv6-m\libc_nano.a(lib_a-nano-mallocr.o)
                0x20000218                __malloc_sbrk_start
 .bss.__malloc_free_list
                0x2000021c        0x4 c:/users/bartosz/.p2/pool/plugins/fr.ac6.mcu.externaltools.arm-none.win32_1.13.2.201703061525/tools/compiler/bin/../lib/gcc/arm-none-eabi/5.4.1/../../../../arm-none-eabi/lib/armv6-m\libc_nano.a(lib_a-nano-mallocr.o)
                0x2000021c                __malloc_free_list
 .bss.heap_end.4167
                0x20000220        0x4 c:/users/bartosz/.p2/pool/plugins/fr.ac6.mcu.externaltools.arm-none.win32_1.13.2.201703061525/tools/compiler/bin/../lib/gcc/arm-none-eabi/5.4.1/../../../../arm-none-eabi/lib/armv6-m\libnosys.a(sbrk.o)
 *(COMMON)
 COMMON         0x20000224       0x90 Application/User/adc.o
                0x20000224                hdma_adc
                0x20000268                hadc
 COMMON         0x200002b4       0x14 Application/User/main.o
                0x200002b4                Received
                0x200002b8                T
 COMMON         0x200002c8       0xc0 Application/User/tim.o
                0x200002c8                htim6
                0x20000308                htim1
                0x20000348                htim14
 COMMON         0x20000388       0x70 Application/User/usart.o
                0x20000388                huart1
 COMMON         0x200003f8        0x4 Drivers/STM32F0xx_HAL_Driver/stm32f0xx_hal.o
                0x200003f8                uwTick
 COMMON         0x200003fc        0x4 c:/users/bartosz/.p2/pool/plugins/fr.ac6.mcu.externaltools.arm-none.win32_1.13.2.201703061525/tools/compiler/bin/../lib/gcc/arm-none-eabi/5.4.1/../../../../arm-none-eabi/lib/armv6-m\libc_nano.a(lib_a-reent.o)
                0x200003fc                errno
                0x20000400                . = ALIGN (0x4)
                0x20000400                _ebss = .
                0x20000400                __bss_end__ = _ebss

._user_heap_stack
                0x20000400      0x600 load address 0x080045c8
                0x20000400                . = ALIGN (0x8)
                0x20000400                PROVIDE (end, .)
                [!provide]                PROVIDE (_end, .)
                0x20000600                . = (. + _Min_Heap_Size)
 *fill*         0x20000400      0x200 
                0x20000a00                . = (. + _Min_Stack_Size)
 *fill*         0x20000600      0x400 
                0x20000a00                . = ALIGN (0x8)

/DISCARD/
 libc.a(*)
 libm.a(*)
 libgcc.a(*)

.ARM.attributes
                0x00000000       0x28
 *(.ARM.attributes)
 .ARM.attributes
                0x00000000       0x1e c:/users/bartosz/.p2/pool/plugins/fr.ac6.mcu.externaltools.arm-none.win32_1.13.2.201703061525/tools/compiler/bin/../lib/gcc/arm-none-eabi/5.4.1/armv6-m/crti.o
 .ARM.attributes
                0x0000001e       0x2c c:/users/bartosz/.p2/pool/plugins/fr.ac6.mcu.externaltools.arm-none.win32_1.13.2.201703061525/tools/compiler/bin/../lib/gcc/arm-none-eabi/5.4.1/armv6-m/crtbegin.o
 .ARM.attributes
                0x0000004a       0x21 Application/SW4STM32/startup_stm32f051x8.o
 .ARM.attributes
                0x0000006b       0x31 Application/User/adc.o
 .ARM.attributes
                0x0000009c       0x31 Application/User/dma.o
 .ARM.attributes
                0x000000cd       0x31 Application/User/gpio.o
 .ARM.attributes
                0x000000fe       0x31 Application/User/main.o
 .ARM.attributes
                0x0000012f       0x31 Application/User/stm32f0xx_hal_msp.o
 .ARM.attributes
                0x00000160       0x31 Application/User/stm32f0xx_it.o
 .ARM.attributes
                0x00000191       0x31 Application/User/tim.o
 .ARM.attributes
                0x000001c2       0x31 Application/User/usart.o
 .ARM.attributes
                0x000001f3       0x31 Drivers/CMSIS/system_stm32f0xx.o
 .ARM.attributes
                0x00000224       0x31 Drivers/STM32F0xx_HAL_Driver/stm32f0xx_hal.o
 .ARM.attributes
                0x00000255       0x31 Drivers/STM32F0xx_HAL_Driver/stm32f0xx_hal_adc.o
 .ARM.attributes
                0x00000286       0x31 Drivers/STM32F0xx_HAL_Driver/stm32f0xx_hal_cortex.o
 .ARM.attributes
                0x000002b7       0x31 Drivers/STM32F0xx_HAL_Driver/stm32f0xx_hal_dma.o
 .ARM.attributes
                0x000002e8       0x31 Drivers/STM32F0xx_HAL_Driver/stm32f0xx_hal_gpio.o
 .ARM.attributes
                0x00000319       0x31 Drivers/STM32F0xx_HAL_Driver/stm32f0xx_hal_rcc.o
 .ARM.attributes
                0x0000034a       0x31 Drivers/STM32F0xx_HAL_Driver/stm32f0xx_hal_rcc_ex.o
 .ARM.attributes
                0x0000037b       0x31 Drivers/STM32F0xx_HAL_Driver/stm32f0xx_hal_tim.o
 .ARM.attributes
                0x000003ac       0x31 Drivers/STM32F0xx_HAL_Driver/stm32f0xx_hal_tim_ex.o
 .ARM.attributes
                0x000003dd       0x31 Drivers/STM32F0xx_HAL_Driver/stm32f0xx_hal_uart.o
 .ARM.attributes
                0x0000040e       0x31 Drivers/STM32F0xx_HAL_Driver/stm32f0xx_hal_uart_ex.o
 .ARM.attributes
                0x0000043f       0x1e c:/users/bartosz/.p2/pool/plugins/fr.ac6.mcu.externaltools.arm-none.win32_1.13.2.201703061525/tools/compiler/bin/../lib/gcc/arm-none-eabi/5.4.1/armv6-m\libgcc.a(_udivsi3.o)
 .ARM.attributes
                0x0000045d       0x1e c:/users/bartosz/.p2/pool/plugins/fr.ac6.mcu.externaltools.arm-none.win32_1.13.2.201703061525/tools/compiler/bin/../lib/gcc/arm-none-eabi/5.4.1/armv6-m\libgcc.a(_divsi3.o)
 .ARM.attributes
                0x0000047b       0x1e c:/users/bartosz/.p2/pool/plugins/fr.ac6.mcu.externaltools.arm-none.win32_1.13.2.201703061525/tools/compiler/bin/../lib/gcc/arm-none-eabi/5.4.1/armv6-m\libgcc.a(_dvmd_tls.o)
 .ARM.attributes
                0x00000499       0x2c c:/users/bartosz/.p2/pool/plugins/fr.ac6.mcu.externaltools.arm-none.win32_1.13.2.201703061525/tools/compiler/bin/../lib/gcc/arm-none-eabi/5.4.1/armv6-m\libgcc.a(muldf3.o)
 .ARM.attributes
                0x000004c5       0x2c c:/users/bartosz/.p2/pool/plugins/fr.ac6.mcu.externaltools.arm-none.win32_1.13.2.201703061525/tools/compiler/bin/../lib/gcc/arm-none-eabi/5.4.1/armv6-m\libgcc.a(fixdfsi.o)
 .ARM.attributes
                0x000004f1       0x2c c:/users/bartosz/.p2/pool/plugins/fr.ac6.mcu.externaltools.arm-none.win32_1.13.2.201703061525/tools/compiler/bin/../lib/gcc/arm-none-eabi/5.4.1/armv6-m\libgcc.a(floatsidf.o)
 .ARM.attributes
                0x0000051d       0x1e c:/users/bartosz/.p2/pool/plugins/fr.ac6.mcu.externaltools.arm-none.win32_1.13.2.201703061525/tools/compiler/bin/../lib/gcc/arm-none-eabi/5.4.1/armv6-m\libgcc.a(_clzsi2.o)
 .ARM.attributes
                0x0000053b       0x2c c:/users/bartosz/.p2/pool/plugins/fr.ac6.mcu.externaltools.arm-none.win32_1.13.2.201703061525/tools/compiler/bin/../lib/gcc/arm-none-eabi/5.4.1/../../../../arm-none-eabi/lib/armv6-m\libc_nano.a(lib_a-atoi.o)
 .ARM.attributes
                0x00000567       0x2c c:/users/bartosz/.p2/pool/plugins/fr.ac6.mcu.externaltools.arm-none.win32_1.13.2.201703061525/tools/compiler/bin/../lib/gcc/arm-none-eabi/5.4.1/../../../../arm-none-eabi/lib/armv6-m\libc_nano.a(lib_a-impure.o)
 .ARM.attributes
                0x00000593       0x2c c:/users/bartosz/.p2/pool/plugins/fr.ac6.mcu.externaltools.arm-none.win32_1.13.2.201703061525/tools/compiler/bin/../lib/gcc/arm-none-eabi/5.4.1/../../../../arm-none-eabi/lib/armv6-m\libc_nano.a(lib_a-init.o)
 .ARM.attributes
                0x000005bf       0x2c c:/users/bartosz/.p2/pool/plugins/fr.ac6.mcu.externaltools.arm-none.win32_1.13.2.201703061525/tools/compiler/bin/../lib/gcc/arm-none-eabi/5.4.1/../../../../arm-none-eabi/lib/armv6-m\libc_nano.a(lib_a-memcpy-stub.o)
 .ARM.attributes
                0x000005eb       0x2c c:/users/bartosz/.p2/pool/plugins/fr.ac6.mcu.externaltools.arm-none.win32_1.13.2.201703061525/tools/compiler/bin/../lib/gcc/arm-none-eabi/5.4.1/../../../../arm-none-eabi/lib/armv6-m\libc_nano.a(lib_a-sprintf.o)
 .ARM.attributes
                0x00000617       0x2c c:/users/bartosz/.p2/pool/plugins/fr.ac6.mcu.externaltools.arm-none.win32_1.13.2.201703061525/tools/compiler/bin/../lib/gcc/arm-none-eabi/5.4.1/../../../../arm-none-eabi/lib/armv6-m\libc_nano.a(lib_a-strtol.o)
 .ARM.attributes
                0x00000643       0x2c c:/users/bartosz/.p2/pool/plugins/fr.ac6.mcu.externaltools.arm-none.win32_1.13.2.201703061525/tools/compiler/bin/../lib/gcc/arm-none-eabi/5.4.1/../../../../arm-none-eabi/lib/armv6-m\libc_nano.a(lib_a-locale.o)
 .ARM.attributes
                0x0000066f       0x2c c:/users/bartosz/.p2/pool/plugins/fr.ac6.mcu.externaltools.arm-none.win32_1.13.2.201703061525/tools/compiler/bin/../lib/gcc/arm-none-eabi/5.4.1/../../../../arm-none-eabi/lib/armv6-m\libc_nano.a(lib_a-mbtowc_r.o)
 .ARM.attributes
                0x0000069b       0x2c c:/users/bartosz/.p2/pool/plugins/fr.ac6.mcu.externaltools.arm-none.win32_1.13.2.201703061525/tools/compiler/bin/../lib/gcc/arm-none-eabi/5.4.1/../../../../arm-none-eabi/lib/armv6-m\libc_nano.a(lib_a-nano-svfprintf.o)
 .ARM.attributes
                0x000006c7       0x2c c:/users/bartosz/.p2/pool/plugins/fr.ac6.mcu.externaltools.arm-none.win32_1.13.2.201703061525/tools/compiler/bin/../lib/gcc/arm-none-eabi/5.4.1/../../../../arm-none-eabi/lib/armv6-m\libc_nano.a(lib_a-nano-vfprintf_i.o)
 .ARM.attributes
                0x000006f3       0x2c c:/users/bartosz/.p2/pool/plugins/fr.ac6.mcu.externaltools.arm-none.win32_1.13.2.201703061525/tools/compiler/bin/../lib/gcc/arm-none-eabi/5.4.1/../../../../arm-none-eabi/lib/armv6-m\libc_nano.a(lib_a-wctomb_r.o)
 .ARM.attributes
                0x0000071f       0x2c c:/users/bartosz/.p2/pool/plugins/fr.ac6.mcu.externaltools.arm-none.win32_1.13.2.201703061525/tools/compiler/bin/../lib/gcc/arm-none-eabi/5.4.1/../../../../arm-none-eabi/lib/armv6-m\libc_nano.a(lib_a-ctype_.o)
 .ARM.attributes
                0x0000074b       0x2c c:/users/bartosz/.p2/pool/plugins/fr.ac6.mcu.externaltools.arm-none.win32_1.13.2.201703061525/tools/compiler/bin/../lib/gcc/arm-none-eabi/5.4.1/../../../../arm-none-eabi/lib/armv6-m\libc_nano.a(lib_a-memchr-stub.o)
 .ARM.attributes
                0x00000777       0x2c c:/users/bartosz/.p2/pool/plugins/fr.ac6.mcu.externaltools.arm-none.win32_1.13.2.201703061525/tools/compiler/bin/../lib/gcc/arm-none-eabi/5.4.1/../../../../arm-none-eabi/lib/armv6-m\libc_nano.a(lib_a-memmove.o)
 .ARM.attributes
                0x000007a3       0x2c c:/users/bartosz/.p2/pool/plugins/fr.ac6.mcu.externaltools.arm-none.win32_1.13.2.201703061525/tools/compiler/bin/../lib/gcc/arm-none-eabi/5.4.1/../../../../arm-none-eabi/lib/armv6-m\libc_nano.a(lib_a-nano-freer.o)
 .ARM.attributes
                0x000007cf       0x2c c:/users/bartosz/.p2/pool/plugins/fr.ac6.mcu.externaltools.arm-none.win32_1.13.2.201703061525/tools/compiler/bin/../lib/gcc/arm-none-eabi/5.4.1/../../../../arm-none-eabi/lib/armv6-m\libc_nano.a(lib_a-nano-mallocr.o)
 .ARM.attributes
                0x000007fb       0x2c c:/users/bartosz/.p2/pool/plugins/fr.ac6.mcu.externaltools.arm-none.win32_1.13.2.201703061525/tools/compiler/bin/../lib/gcc/arm-none-eabi/5.4.1/../../../../arm-none-eabi/lib/armv6-m\libc_nano.a(lib_a-nano-reallocr.o)
 .ARM.attributes
                0x00000827       0x2c c:/users/bartosz/.p2/pool/plugins/fr.ac6.mcu.externaltools.arm-none.win32_1.13.2.201703061525/tools/compiler/bin/../lib/gcc/arm-none-eabi/5.4.1/../../../../arm-none-eabi/lib/armv6-m\libc_nano.a(lib_a-sbrkr.o)
 .ARM.attributes
                0x00000853       0x2c c:/users/bartosz/.p2/pool/plugins/fr.ac6.mcu.externaltools.arm-none.win32_1.13.2.201703061525/tools/compiler/bin/../lib/gcc/arm-none-eabi/5.4.1/../../../../arm-none-eabi/lib/armv6-m\libc_nano.a(lib_a-mlock.o)
 .ARM.attributes
                0x0000087f       0x2c c:/users/bartosz/.p2/pool/plugins/fr.ac6.mcu.externaltools.arm-none.win32_1.13.2.201703061525/tools/compiler/bin/../lib/gcc/arm-none-eabi/5.4.1/../../../../arm-none-eabi/lib/armv6-m\libc_nano.a(lib_a-nano-msizer.o)
 .ARM.attributes
                0x000008ab       0x2c c:/users/bartosz/.p2/pool/plugins/fr.ac6.mcu.externaltools.arm-none.win32_1.13.2.201703061525/tools/compiler/bin/../lib/gcc/arm-none-eabi/5.4.1/../../../../arm-none-eabi/lib/armv6-m\libc_nano.a(lib_a-reent.o)
 .ARM.attributes
                0x000008d7       0x2c c:/users/bartosz/.p2/pool/plugins/fr.ac6.mcu.externaltools.arm-none.win32_1.13.2.201703061525/tools/compiler/bin/../lib/gcc/arm-none-eabi/5.4.1/../../../../arm-none-eabi/lib/armv6-m\libnosys.a(sbrk.o)
 .ARM.attributes
                0x00000903       0x1e c:/users/bartosz/.p2/pool/plugins/fr.ac6.mcu.externaltools.arm-none.win32_1.13.2.201703061525/tools/compiler/bin/../lib/gcc/arm-none-eabi/5.4.1/armv6-m/crtn.o
OUTPUT(ProjektMX.elf elf32-littlearm)

.debug_line     0x00000000     0xddd1
 .debug_line    0x00000000       0xb9 Application/SW4STM32/startup_stm32f051x8.o
 .debug_line    0x000000b9      0x8e2 Application/User/adc.o
 .debug_line    0x0000099b      0x86d Application/User/dma.o
 .debug_line    0x00001208      0x883 Application/User/gpio.o
 .debug_line    0x00001a8b      0x9e5 Application/User/main.o
 .debug_line    0x00002470      0x873 Application/User/stm32f0xx_hal_msp.o
 .debug_line    0x00002ce3      0x91b Application/User/stm32f0xx_it.o
 .debug_line    0x000035fe      0x911 Application/User/tim.o
 .debug_line    0x00003f0f      0x8b4 Application/User/usart.o
 .debug_line    0x000047c3      0x89f Drivers/CMSIS/system_stm32f0xx.o
 .debug_line    0x00005062      0x9b5 Drivers/STM32F0xx_HAL_Driver/stm32f0xx_hal.o
 .debug_line    0x00005a17      0xdc4 Drivers/STM32F0xx_HAL_Driver/stm32f0xx_hal_adc.o
 .debug_line    0x000067db      0x9d3 Drivers/STM32F0xx_HAL_Driver/stm32f0xx_hal_cortex.o
 .debug_line    0x000071ae      0xab2 Drivers/STM32F0xx_HAL_Driver/stm32f0xx_hal_dma.o
 .debug_line    0x00007c60      0x9bd Drivers/STM32F0xx_HAL_Driver/stm32f0xx_hal_gpio.o
 .debug_line    0x0000861d      0xb08 Drivers/STM32F0xx_HAL_Driver/stm32f0xx_hal_rcc.o
 .debug_line    0x00009125      0x974 Drivers/STM32F0xx_HAL_Driver/stm32f0xx_hal_rcc_ex.o
 .debug_line    0x00009a99     0x18f8 Drivers/STM32F0xx_HAL_Driver/stm32f0xx_hal_tim.o
 .debug_line    0x0000b391      0xe55 Drivers/STM32F0xx_HAL_Driver/stm32f0xx_hal_tim_ex.o
 .debug_line    0x0000c1e6     0x11f3 Drivers/STM32F0xx_HAL_Driver/stm32f0xx_hal_uart.o
 .debug_line    0x0000d3d9      0x9f8 Drivers/STM32F0xx_HAL_Driver/stm32f0xx_hal_uart_ex.o

.debug_info     0x00000000     0xe696
 .debug_info    0x00000000       0xcc Application/SW4STM32/startup_stm32f051x8.o
 .debug_info    0x000000cc      0x999 Application/User/adc.o
 .debug_info    0x00000a65      0x2b8 Application/User/dma.o
 .debug_info    0x00000d1d      0x504 Application/User/gpio.o
 .debug_info    0x00001221     0x1641 Application/User/main.o
 .debug_info    0x00002862      0x2d7 Application/User/stm32f0xx_hal_msp.o
 .debug_info    0x00002b39      0x9b2 Application/User/stm32f0xx_it.o
 .debug_info    0x000034eb      0xd30 Application/User/tim.o
 .debug_info    0x0000421b      0xa12 Application/User/usart.o
 .debug_info    0x00004c2d      0x24b Drivers/CMSIS/system_stm32f0xx.o
 .debug_info    0x00004e78      0x5b1 Drivers/STM32F0xx_HAL_Driver/stm32f0xx_hal.o
 .debug_info    0x00005429      0xe0a Drivers/STM32F0xx_HAL_Driver/stm32f0xx_hal_adc.o
 .debug_info    0x00006233      0x77b Drivers/STM32F0xx_HAL_Driver/stm32f0xx_hal_cortex.o
 .debug_info    0x000069ae      0x7d8 Drivers/STM32F0xx_HAL_Driver/stm32f0xx_hal_dma.o
 .debug_info    0x00007186      0x5e8 Drivers/STM32F0xx_HAL_Driver/stm32f0xx_hal_gpio.o
 .debug_info    0x0000776e      0x9aa Drivers/STM32F0xx_HAL_Driver/stm32f0xx_hal_rcc.o
 .debug_info    0x00008118      0x3ac Drivers/STM32F0xx_HAL_Driver/stm32f0xx_hal_rcc_ex.o
 .debug_info    0x000084c4     0x2d4a Drivers/STM32F0xx_HAL_Driver/stm32f0xx_hal_tim.o
 .debug_info    0x0000b20e     0x12d1 Drivers/STM32F0xx_HAL_Driver/stm32f0xx_hal_tim_ex.o
 .debug_info    0x0000c4df     0x1827 Drivers/STM32F0xx_HAL_Driver/stm32f0xx_hal_uart.o
 .debug_info    0x0000dd06      0x990 Drivers/STM32F0xx_HAL_Driver/stm32f0xx_hal_uart_ex.o

.debug_abbrev   0x00000000     0x246a
 .debug_abbrev  0x00000000       0x12 Application/SW4STM32/startup_stm32f051x8.o
 .debug_abbrev  0x00000012      0x197 Application/User/adc.o
 .debug_abbrev  0x000001a9      0x103 Application/User/dma.o
 .debug_abbrev  0x000002ac      0x151 Application/User/gpio.o
 .debug_abbrev  0x000003fd      0x334 Application/User/main.o
 .debug_abbrev  0x00000731      0x103 Application/User/stm32f0xx_hal_msp.o
 .debug_abbrev  0x00000834      0x1ae Application/User/stm32f0xx_it.o
 .debug_abbrev  0x000009e2      0x1ba Application/User/tim.o
 .debug_abbrev  0x00000b9c      0x1ab Application/User/usart.o
 .debug_abbrev  0x00000d47       0xf3 Drivers/CMSIS/system_stm32f0xx.o
 .debug_abbrev  0x00000e3a      0x1f7 Drivers/STM32F0xx_HAL_Driver/stm32f0xx_hal.o
 .debug_abbrev  0x00001031      0x249 Drivers/STM32F0xx_HAL_Driver/stm32f0xx_hal_adc.o
 .debug_abbrev  0x0000127a      0x257 Drivers/STM32F0xx_HAL_Driver/stm32f0xx_hal_cortex.o
 .debug_abbrev  0x000014d1      0x208 Drivers/STM32F0xx_HAL_Driver/stm32f0xx_hal_dma.o
 .debug_abbrev  0x000016d9      0x1d4 Drivers/STM32F0xx_HAL_Driver/stm32f0xx_hal_gpio.o
 .debug_abbrev  0x000018ad      0x231 Drivers/STM32F0xx_HAL_Driver/stm32f0xx_hal_rcc.o
 .debug_abbrev  0x00001ade      0x17d Drivers/STM32F0xx_HAL_Driver/stm32f0xx_hal_rcc_ex.o
 .debug_abbrev  0x00001c5b      0x219 Drivers/STM32F0xx_HAL_Driver/stm32f0xx_hal_tim.o
 .debug_abbrev  0x00001e74      0x219 Drivers/STM32F0xx_HAL_Driver/stm32f0xx_hal_tim_ex.o
 .debug_abbrev  0x0000208d      0x1f4 Drivers/STM32F0xx_HAL_Driver/stm32f0xx_hal_uart.o
 .debug_abbrev  0x00002281      0x1e9 Drivers/STM32F0xx_HAL_Driver/stm32f0xx_hal_uart_ex.o

.debug_aranges  0x00000000      0xcb8
 .debug_aranges
                0x00000000       0x28 Application/SW4STM32/startup_stm32f051x8.o
 .debug_aranges
                0x00000028       0x30 Application/User/adc.o
 .debug_aranges
                0x00000058       0x20 Application/User/dma.o
 .debug_aranges
                0x00000078       0x20 Application/User/gpio.o
 .debug_aranges
                0x00000098       0x70 Application/User/main.o
 .debug_aranges
                0x00000108       0x20 Application/User/stm32f0xx_hal_msp.o
 .debug_aranges
                0x00000128       0x68 Application/User/stm32f0xx_it.o
 .debug_aranges
                0x00000190       0x48 Application/User/tim.o
 .debug_aranges
                0x000001d8       0x30 Application/User/usart.o
 .debug_aranges
                0x00000208       0x28 Drivers/CMSIS/system_stm32f0xx.o
 .debug_aranges
                0x00000230       0xa0 Drivers/STM32F0xx_HAL_Driver/stm32f0xx_hal.o
 .debug_aranges
                0x000002d0       0xf8 Drivers/STM32F0xx_HAL_Driver/stm32f0xx_hal_adc.o
 .debug_aranges
                0x000003c8       0x78 Drivers/STM32F0xx_HAL_Driver/stm32f0xx_hal_cortex.o
 .debug_aranges
                0x00000440       0x88 Drivers/STM32F0xx_HAL_Driver/stm32f0xx_hal_dma.o
 .debug_aranges
                0x000004c8       0x58 Drivers/STM32F0xx_HAL_Driver/stm32f0xx_hal_gpio.o
 .debug_aranges
                0x00000520       0x80 Drivers/STM32F0xx_HAL_Driver/stm32f0xx_hal_rcc.o
 .debug_aranges
                0x000005a0       0x30 Drivers/STM32F0xx_HAL_Driver/stm32f0xx_hal_rcc_ex.o
 .debug_aranges
                0x000005d0      0x368 Drivers/STM32F0xx_HAL_Driver/stm32f0xx_hal_tim.o
 .debug_aranges
                0x00000938      0x148 Drivers/STM32F0xx_HAL_Driver/stm32f0xx_hal_tim_ex.o
 .debug_aranges
                0x00000a80      0x1d8 Drivers/STM32F0xx_HAL_Driver/stm32f0xx_hal_uart.o
 .debug_aranges
                0x00000c58       0x60 Drivers/STM32F0xx_HAL_Driver/stm32f0xx_hal_uart_ex.o

.debug_ranges   0x00000000      0xba0
 .debug_ranges  0x00000000       0x20 Application/SW4STM32/startup_stm32f051x8.o
 .debug_ranges  0x00000020       0x20 Application/User/adc.o
 .debug_ranges  0x00000040       0x10 Application/User/dma.o
 .debug_ranges  0x00000050       0x10 Application/User/gpio.o
 .debug_ranges  0x00000060       0x60 Application/User/main.o
 .debug_ranges  0x000000c0       0x10 Application/User/stm32f0xx_hal_msp.o
 .debug_ranges  0x000000d0       0x58 Application/User/stm32f0xx_it.o
 .debug_ranges  0x00000128       0x38 Application/User/tim.o
 .debug_ranges  0x00000160       0x20 Application/User/usart.o
 .debug_ranges  0x00000180       0x18 Drivers/CMSIS/system_stm32f0xx.o
 .debug_ranges  0x00000198       0x90 Drivers/STM32F0xx_HAL_Driver/stm32f0xx_hal.o
 .debug_ranges  0x00000228       0xe8 Drivers/STM32F0xx_HAL_Driver/stm32f0xx_hal_adc.o
 .debug_ranges  0x00000310       0x68 Drivers/STM32F0xx_HAL_Driver/stm32f0xx_hal_cortex.o
 .debug_ranges  0x00000378       0x78 Drivers/STM32F0xx_HAL_Driver/stm32f0xx_hal_dma.o
 .debug_ranges  0x000003f0       0x48 Drivers/STM32F0xx_HAL_Driver/stm32f0xx_hal_gpio.o
 .debug_ranges  0x00000438       0x88 Drivers/STM32F0xx_HAL_Driver/stm32f0xx_hal_rcc.o
 .debug_ranges  0x000004c0       0x38 Drivers/STM32F0xx_HAL_Driver/stm32f0xx_hal_rcc_ex.o
 .debug_ranges  0x000004f8      0x358 Drivers/STM32F0xx_HAL_Driver/stm32f0xx_hal_tim.o
 .debug_ranges  0x00000850      0x138 Drivers/STM32F0xx_HAL_Driver/stm32f0xx_hal_tim_ex.o
 .debug_ranges  0x00000988      0x1c8 Drivers/STM32F0xx_HAL_Driver/stm32f0xx_hal_uart.o
 .debug_ranges  0x00000b50       0x50 Drivers/STM32F0xx_HAL_Driver/stm32f0xx_hal_uart_ex.o

.debug_loc      0x00000000     0x86bc
 .debug_loc     0x00000000       0x58 Application/User/adc.o
 .debug_loc     0x00000058      0x23c Application/User/main.o
 .debug_loc     0x00000294       0x95 Application/User/tim.o
 .debug_loc     0x00000329       0x42 Application/User/usart.o
 .debug_loc     0x0000036b       0xfe Drivers/CMSIS/system_stm32f0xx.o
 .debug_loc     0x00000469       0x6a Drivers/STM32F0xx_HAL_Driver/stm32f0xx_hal.o
 .debug_loc     0x000004d3      0xbcc Drivers/STM32F0xx_HAL_Driver/stm32f0xx_hal_adc.o
 .debug_loc     0x0000109f      0x39b Drivers/STM32F0xx_HAL_Driver/stm32f0xx_hal_cortex.o
 .debug_loc     0x0000143a      0x7da Drivers/STM32F0xx_HAL_Driver/stm32f0xx_hal_dma.o
 .debug_loc     0x00001c14      0x2bc Drivers/STM32F0xx_HAL_Driver/stm32f0xx_hal_gpio.o
 .debug_loc     0x00001ed0      0x4c4 Drivers/STM32F0xx_HAL_Driver/stm32f0xx_hal_rcc.o
 .debug_loc     0x00002394      0x3dd Drivers/STM32F0xx_HAL_Driver/stm32f0xx_hal_rcc_ex.o
 .debug_loc     0x00002771     0x3530 Drivers/STM32F0xx_HAL_Driver/stm32f0xx_hal_tim.o
 .debug_loc     0x00005ca1     0x11de Drivers/STM32F0xx_HAL_Driver/stm32f0xx_hal_tim_ex.o
 .debug_loc     0x00006e7f     0x1468 Drivers/STM32F0xx_HAL_Driver/stm32f0xx_hal_uart.o
 .debug_loc     0x000082e7      0x3d5 Drivers/STM32F0xx_HAL_Driver/stm32f0xx_hal_uart_ex.o

.debug_macro    0x00000000    0x1473e
 .debug_macro   0x00000000      0x339 Application/User/adc.o
 .debug_macro   0x00000339      0x832 Application/User/adc.o
 .debug_macro   0x00000b6b      0x106 Application/User/adc.o
 .debug_macro   0x00000c71       0xb1 Application/User/adc.o
 .debug_macro   0x00000d22       0x2e Application/User/adc.o
 .debug_macro   0x00000d50       0x22 Application/User/adc.o
 .debug_macro   0x00000d72       0x22 Application/User/adc.o
 .debug_macro   0x00000d94       0x87 Application/User/adc.o
 .debug_macro   0x00000e1b       0x44 Application/User/adc.o
 .debug_macro   0x00000e5f       0xfd Application/User/adc.o
 .debug_macro   0x00000f5c       0x5e Application/User/adc.o
 .debug_macro   0x00000fba      0x1df Application/User/adc.o
 .debug_macro   0x00001199       0x34 Application/User/adc.o
 .debug_macro   0x000011cd       0x26 Application/User/adc.o
 .debug_macro   0x000011f3      0x30d Application/User/adc.o
 .debug_macro   0x00001500     0x8ba9 Application/User/adc.o
 .debug_macro   0x0000a0a9       0x3c Application/User/adc.o
 .debug_macro   0x0000a0e5     0x3408 Application/User/adc.o
 .debug_macro   0x0000d4ed       0x52 Application/User/adc.o
 .debug_macro   0x0000d53f       0x35 Application/User/adc.o
 .debug_macro   0x0000d574       0x9c Application/User/adc.o
 .debug_macro   0x0000d610       0x16 Application/User/adc.o
 .debug_macro   0x0000d626       0x97 Application/User/adc.o
 .debug_macro   0x0000d6bd      0x30d Application/User/adc.o
 .debug_macro   0x0000d9ca       0xfd Application/User/adc.o
 .debug_macro   0x0000dac7       0x10 Application/User/adc.o
 .debug_macro   0x0000dad7       0x52 Application/User/adc.o
 .debug_macro   0x0000db29       0x1f Application/User/adc.o
 .debug_macro   0x0000db48       0x43 Application/User/adc.o
 .debug_macro   0x0000db8b       0x20 Application/User/adc.o
 .debug_macro   0x0000dbab      0x187 Application/User/adc.o
 .debug_macro   0x0000dd32       0x10 Application/User/adc.o
 .debug_macro   0x0000dd42       0x1c Application/User/adc.o
 .debug_macro   0x0000dd5e       0x52 Application/User/adc.o
 .debug_macro   0x0000ddb0       0x40 Application/User/adc.o
 .debug_macro   0x0000ddf0       0x10 Application/User/adc.o
 .debug_macro   0x0000de00       0x40 Application/User/adc.o
 .debug_macro   0x0000de40       0xd7 Application/User/adc.o
 .debug_macro   0x0000df17       0x16 Application/User/adc.o
 .debug_macro   0x0000df2d      0x18b Application/User/adc.o
 .debug_macro   0x0000e0b8       0x49 Application/User/adc.o
 .debug_macro   0x0000e101      0x931 Application/User/adc.o
 .debug_macro   0x0000ea32      0x252 Application/User/adc.o
 .debug_macro   0x0000ec84      0x13a Application/User/adc.o
 .debug_macro   0x0000edbe      0x114 Application/User/adc.o
 .debug_macro   0x0000eed2      0x1ed Application/User/adc.o
 .debug_macro   0x0000f0bf       0x34 Application/User/adc.o
 .debug_macro   0x0000f0f3       0x43 Application/User/adc.o
 .debug_macro   0x0000f136       0x29 Application/User/adc.o
 .debug_macro   0x0000f15f      0x344 Application/User/adc.o
 .debug_macro   0x0000f4a3       0xd6 Application/User/adc.o
 .debug_macro   0x0000f579       0xb6 Application/User/adc.o
 .debug_macro   0x0000f62f      0x199 Application/User/adc.o
 .debug_macro   0x0000f7c8      0x202 Application/User/adc.o
 .debug_macro   0x0000f9ca       0x61 Application/User/adc.o
 .debug_macro   0x0000fa2b       0x90 Application/User/adc.o
 .debug_macro   0x0000fabb       0x4d Application/User/adc.o
 .debug_macro   0x0000fb08      0x114 Application/User/adc.o
 .debug_macro   0x0000fc1c      0x837 Application/User/adc.o
 .debug_macro   0x00010453       0x4e Application/User/adc.o
 .debug_macro   0x000104a1      0x38a Application/User/adc.o
 .debug_macro   0x0001082b      0x1f7 Application/User/adc.o
 .debug_macro   0x00010a22      0x10d Application/User/adc.o
 .debug_macro   0x00010b2f      0x325 Application/User/dma.o
 .debug_macro   0x00010e54      0x325 Application/User/gpio.o
 .debug_macro   0x00011179      0x351 Application/User/main.o
 .debug_macro   0x000114ca      0x31b Application/User/stm32f0xx_hal_msp.o
 .debug_macro   0x000117e5      0x325 Application/User/stm32f0xx_it.o
 .debug_macro   0x00011b0a      0x325 Application/User/tim.o
 .debug_macro   0x00011e2f      0x32f Application/User/usart.o
 .debug_macro   0x0001215e      0x31b Drivers/CMSIS/system_stm32f0xx.o
 .debug_macro   0x00012479      0x33f Drivers/STM32F0xx_HAL_Driver/stm32f0xx_hal.o
 .debug_macro   0x000127b8      0x33f Drivers/STM32F0xx_HAL_Driver/stm32f0xx_hal_adc.o
 .debug_macro   0x00012af7      0x31b Drivers/STM32F0xx_HAL_Driver/stm32f0xx_hal_cortex.o
 .debug_macro   0x00012e12      0x31b Drivers/STM32F0xx_HAL_Driver/stm32f0xx_hal_dma.o
 .debug_macro   0x0001312d      0x354 Drivers/STM32F0xx_HAL_Driver/stm32f0xx_hal_gpio.o
 .debug_macro   0x00013481      0x32d Drivers/STM32F0xx_HAL_Driver/stm32f0xx_hal_rcc.o
 .debug_macro   0x000137ae      0x31b Drivers/STM32F0xx_HAL_Driver/stm32f0xx_hal_rcc_ex.o
 .debug_macro   0x00013ac9      0x31c Drivers/STM32F0xx_HAL_Driver/stm32f0xx_hal_tim.o
 .debug_macro   0x00013de5      0x31b Drivers/STM32F0xx_HAL_Driver/stm32f0xx_hal_tim_ex.o
 .debug_macro   0x00014100      0x323 Drivers/STM32F0xx_HAL_Driver/stm32f0xx_hal_uart.o
 .debug_macro   0x00014423      0x31b Drivers/STM32F0xx_HAL_Driver/stm32f0xx_hal_uart_ex.o

.debug_str      0x00000000    0x6ecfd
 .debug_str     0x00000000    0x6b63c Application/User/adc.o
                              0x6b971 (size before relaxing)
 .debug_str     0x0006b63c      0x1bd Application/User/dma.o
                              0x6b67c (size before relaxing)
 .debug_str     0x0006b7f9       0x7e Application/User/gpio.o
                              0x6b73c (size before relaxing)
 .debug_str     0x0006b877      0x84b Application/User/main.o
                              0x6c29a (size before relaxing)
 .debug_str     0x0006c0c2       0x5c Application/User/stm32f0xx_hal_msp.o
                              0x6b66e (size before relaxing)
 .debug_str     0x0006c11e      0x155 Application/User/stm32f0xx_it.o
                              0x6bbe1 (size before relaxing)
 .debug_str     0x0006c273      0x2cc Application/User/tim.o
                              0x6bdd4 (size before relaxing)
 .debug_str     0x0006c53f       0x81 Application/User/usart.o
                              0x6bc22 (size before relaxing)
 .debug_str     0x0006c5c0       0xbb Drivers/CMSIS/system_stm32f0xx.o
                              0x6b510 (size before relaxing)
 .debug_str     0x0006c67b      0x2d1 Drivers/STM32F0xx_HAL_Driver/stm32f0xx_hal.o
                              0x6b9df (size before relaxing)
 .debug_str     0x0006c94c      0x39e Drivers/STM32F0xx_HAL_Driver/stm32f0xx_hal_adc.o
                              0x6bbee (size before relaxing)
 .debug_str     0x0006ccea      0x1ab Drivers/STM32F0xx_HAL_Driver/stm32f0xx_hal_cortex.o
                              0x6b8b9 (size before relaxing)
 .debug_str     0x0006ce95      0x22f Drivers/STM32F0xx_HAL_Driver/stm32f0xx_hal_dma.o
                              0x6b8bb (size before relaxing)
 .debug_str     0x0006d0c4      0x1c1 Drivers/STM32F0xx_HAL_Driver/stm32f0xx_hal_gpio.o
                              0x6b779 (size before relaxing)
 .debug_str     0x0006d285      0x227 Drivers/STM32F0xx_HAL_Driver/stm32f0xx_hal_rcc.o
                              0x6b929 (size before relaxing)
 .debug_str     0x0006d4ac       0xcc Drivers/STM32F0xx_HAL_Driver/stm32f0xx_hal_rcc_ex.o
                              0x6b670 (size before relaxing)
 .debug_str     0x0006d578      0xba0 Drivers/STM32F0xx_HAL_Driver/stm32f0xx_hal_tim.o
                              0x6c5db (size before relaxing)
 .debug_str     0x0006e118      0x413 Drivers/STM32F0xx_HAL_Driver/stm32f0xx_hal_tim_ex.o
                              0x6bf53 (size before relaxing)
 .debug_str     0x0006e52b      0x626 Drivers/STM32F0xx_HAL_Driver/stm32f0xx_hal_uart.o
                              0x6c09f (size before relaxing)
 .debug_str     0x0006eb51      0x1ac Drivers/STM32F0xx_HAL_Driver/stm32f0xx_hal_uart_ex.o
                              0x6bb11 (size before relaxing)

.comment        0x00000000       0x6e
 .comment       0x00000000       0x6e Application/User/adc.o
                                 0x6f (size before relaxing)
 .comment       0x0000006e       0x6f Application/User/dma.o
 .comment       0x0000006e       0x6f Application/User/gpio.o
 .comment       0x0000006e       0x6f Application/User/main.o
 .comment       0x0000006e       0x6f Application/User/stm32f0xx_hal_msp.o
 .comment       0x0000006e       0x6f Application/User/stm32f0xx_it.o
 .comment       0x0000006e       0x6f Application/User/tim.o
 .comment       0x0000006e       0x6f Application/User/usart.o
 .comment       0x0000006e       0x6f Drivers/CMSIS/system_stm32f0xx.o
 .comment       0x0000006e       0x6f Drivers/STM32F0xx_HAL_Driver/stm32f0xx_hal.o
 .comment       0x0000006e       0x6f Drivers/STM32F0xx_HAL_Driver/stm32f0xx_hal_adc.o
 .comment       0x0000006e       0x6f Drivers/STM32F0xx_HAL_Driver/stm32f0xx_hal_cortex.o
 .comment       0x0000006e       0x6f Drivers/STM32F0xx_HAL_Driver/stm32f0xx_hal_dma.o
 .comment       0x0000006e       0x6f Drivers/STM32F0xx_HAL_Driver/stm32f0xx_hal_gpio.o
 .comment       0x0000006e       0x6f Drivers/STM32F0xx_HAL_Driver/stm32f0xx_hal_rcc.o
 .comment       0x0000006e       0x6f Drivers/STM32F0xx_HAL_Driver/stm32f0xx_hal_rcc_ex.o
 .comment       0x0000006e       0x6f Drivers/STM32F0xx_HAL_Driver/stm32f0xx_hal_tim.o
 .comment       0x0000006e       0x6f Drivers/STM32F0xx_HAL_Driver/stm32f0xx_hal_tim_ex.o
 .comment       0x0000006e       0x6f Drivers/STM32F0xx_HAL_Driver/stm32f0xx_hal_uart.o
 .comment       0x0000006e       0x6f Drivers/STM32F0xx_HAL_Driver/stm32f0xx_hal_uart_ex.o

.debug_frame    0x00000000     0x2574
 .debug_frame   0x00000000       0x5c Application/User/adc.o
 .debug_frame   0x0000005c       0x28 Application/User/dma.o
 .debug_frame   0x00000084       0x30 Application/User/gpio.o
 .debug_frame   0x000000b4      0x110 Application/User/main.o
 .debug_frame   0x000001c4       0x28 Application/User/stm32f0xx_hal_msp.o
 .debug_frame   0x000001ec       0xe0 Application/User/stm32f0xx_it.o
 .debug_frame   0x000002cc       0xa0 Application/User/tim.o
 .debug_frame   0x0000036c       0x58 Application/User/usart.o
 .debug_frame   0x000003c4       0x38 Drivers/CMSIS/system_stm32f0xx.o
 .debug_frame   0x000003fc      0x144 Drivers/STM32F0xx_HAL_Driver/stm32f0xx_hal.o
 .debug_frame   0x00000540      0x2a0 Drivers/STM32F0xx_HAL_Driver/stm32f0xx_hal_adc.o
 .debug_frame   0x000007e0       0xe4 Drivers/STM32F0xx_HAL_Driver/stm32f0xx_hal_cortex.o
 .debug_frame   0x000008c4      0x168 Drivers/STM32F0xx_HAL_Driver/stm32f0xx_hal_dma.o
 .debug_frame   0x00000a2c       0xcc Drivers/STM32F0xx_HAL_Driver/stm32f0xx_hal_gpio.o
 .debug_frame   0x00000af8      0x12c Drivers/STM32F0xx_HAL_Driver/stm32f0xx_hal_rcc.o
 .debug_frame   0x00000c24       0x58 Drivers/STM32F0xx_HAL_Driver/stm32f0xx_hal_rcc_ex.o
 .debug_frame   0x00000c7c      0x990 Drivers/STM32F0xx_HAL_Driver/stm32f0xx_hal_tim.o
 .debug_frame   0x0000160c      0x3a0 Drivers/STM32F0xx_HAL_Driver/stm32f0xx_hal_tim_ex.o
 .debug_frame   0x000019ac      0x500 Drivers/STM32F0xx_HAL_Driver/stm32f0xx_hal_uart.o
 .debug_frame   0x00001eac       0xfc Drivers/STM32F0xx_HAL_Driver/stm32f0xx_hal_uart_ex.o
 .debug_frame   0x00001fa8       0x20 c:/users/bartosz/.p2/pool/plugins/fr.ac6.mcu.externaltools.arm-none.win32_1.13.2.201703061525/tools/compiler/bin/../lib/gcc/arm-none-eabi/5.4.1/armv6-m\libgcc.a(_udivsi3.o)
 .debug_frame   0x00001fc8       0x20 c:/users/bartosz/.p2/pool/plugins/fr.ac6.mcu.externaltools.arm-none.win32_1.13.2.201703061525/tools/compiler/bin/../lib/gcc/arm-none-eabi/5.4.1/armv6-m\libgcc.a(_divsi3.o)
 .debug_frame   0x00001fe8       0x3c c:/users/bartosz/.p2/pool/plugins/fr.ac6.mcu.externaltools.arm-none.win32_1.13.2.201703061525/tools/compiler/bin/../lib/gcc/arm-none-eabi/5.4.1/armv6-m\libgcc.a(muldf3.o)
 .debug_frame   0x00002024       0x2c c:/users/bartosz/.p2/pool/plugins/fr.ac6.mcu.externaltools.arm-none.win32_1.13.2.201703061525/tools/compiler/bin/../lib/gcc/arm-none-eabi/5.4.1/armv6-m\libgcc.a(fixdfsi.o)
 .debug_frame   0x00002050       0x2c c:/users/bartosz/.p2/pool/plugins/fr.ac6.mcu.externaltools.arm-none.win32_1.13.2.201703061525/tools/compiler/bin/../lib/gcc/arm-none-eabi/5.4.1/armv6-m\libgcc.a(floatsidf.o)
 .debug_frame   0x0000207c       0x40 c:/users/bartosz/.p2/pool/plugins/fr.ac6.mcu.externaltools.arm-none.win32_1.13.2.201703061525/tools/compiler/bin/../lib/gcc/arm-none-eabi/5.4.1/../../../../arm-none-eabi/lib/armv6-m\libc_nano.a(lib_a-atoi.o)
 .debug_frame   0x000020bc       0x2c c:/users/bartosz/.p2/pool/plugins/fr.ac6.mcu.externaltools.arm-none.win32_1.13.2.201703061525/tools/compiler/bin/../lib/gcc/arm-none-eabi/5.4.1/../../../../arm-none-eabi/lib/armv6-m\libc_nano.a(lib_a-init.o)
 .debug_frame   0x000020e8       0x28 c:/users/bartosz/.p2/pool/plugins/fr.ac6.mcu.externaltools.arm-none.win32_1.13.2.201703061525/tools/compiler/bin/../lib/gcc/arm-none-eabi/5.4.1/../../../../arm-none-eabi/lib/armv6-m\libc_nano.a(lib_a-memcpy-stub.o)
 .debug_frame   0x00002110       0x50 c:/users/bartosz/.p2/pool/plugins/fr.ac6.mcu.externaltools.arm-none.win32_1.13.2.201703061525/tools/compiler/bin/../lib/gcc/arm-none-eabi/5.4.1/../../../../arm-none-eabi/lib/armv6-m\libc_nano.a(lib_a-sprintf.o)
 .debug_frame   0x00002160       0x88 c:/users/bartosz/.p2/pool/plugins/fr.ac6.mcu.externaltools.arm-none.win32_1.13.2.201703061525/tools/compiler/bin/../lib/gcc/arm-none-eabi/5.4.1/../../../../arm-none-eabi/lib/armv6-m\libc_nano.a(lib_a-strtol.o)
 .debug_frame   0x000021e8       0x94 c:/users/bartosz/.p2/pool/plugins/fr.ac6.mcu.externaltools.arm-none.win32_1.13.2.201703061525/tools/compiler/bin/../lib/gcc/arm-none-eabi/5.4.1/../../../../arm-none-eabi/lib/armv6-m\libc_nano.a(lib_a-locale.o)
 .debug_frame   0x0000227c       0x44 c:/users/bartosz/.p2/pool/plugins/fr.ac6.mcu.externaltools.arm-none.win32_1.13.2.201703061525/tools/compiler/bin/../lib/gcc/arm-none-eabi/5.4.1/../../../../arm-none-eabi/lib/armv6-m\libc_nano.a(lib_a-mbtowc_r.o)
 .debug_frame   0x000022c0       0x74 c:/users/bartosz/.p2/pool/plugins/fr.ac6.mcu.externaltools.arm-none.win32_1.13.2.201703061525/tools/compiler/bin/../lib/gcc/arm-none-eabi/5.4.1/../../../../arm-none-eabi/lib/armv6-m\libc_nano.a(lib_a-nano-svfprintf.o)
 .debug_frame   0x00002334       0x54 c:/users/bartosz/.p2/pool/plugins/fr.ac6.mcu.externaltools.arm-none.win32_1.13.2.201703061525/tools/compiler/bin/../lib/gcc/arm-none-eabi/5.4.1/../../../../arm-none-eabi/lib/armv6-m\libc_nano.a(lib_a-nano-vfprintf_i.o)
 .debug_frame   0x00002388       0x38 c:/users/bartosz/.p2/pool/plugins/fr.ac6.mcu.externaltools.arm-none.win32_1.13.2.201703061525/tools/compiler/bin/../lib/gcc/arm-none-eabi/5.4.1/../../../../arm-none-eabi/lib/armv6-m\libc_nano.a(lib_a-wctomb_r.o)
 .debug_frame   0x000023c0       0x20 c:/users/bartosz/.p2/pool/plugins/fr.ac6.mcu.externaltools.arm-none.win32_1.13.2.201703061525/tools/compiler/bin/../lib/gcc/arm-none-eabi/5.4.1/../../../../arm-none-eabi/lib/armv6-m\libc_nano.a(lib_a-memchr-stub.o)
 .debug_frame   0x000023e0       0x28 c:/users/bartosz/.p2/pool/plugins/fr.ac6.mcu.externaltools.arm-none.win32_1.13.2.201703061525/tools/compiler/bin/../lib/gcc/arm-none-eabi/5.4.1/../../../../arm-none-eabi/lib/armv6-m\libc_nano.a(lib_a-memmove.o)
 .debug_frame   0x00002408       0x2c c:/users/bartosz/.p2/pool/plugins/fr.ac6.mcu.externaltools.arm-none.win32_1.13.2.201703061525/tools/compiler/bin/../lib/gcc/arm-none-eabi/5.4.1/../../../../arm-none-eabi/lib/armv6-m\libc_nano.a(lib_a-nano-freer.o)
 .debug_frame   0x00002434       0x2c c:/users/bartosz/.p2/pool/plugins/fr.ac6.mcu.externaltools.arm-none.win32_1.13.2.201703061525/tools/compiler/bin/../lib/gcc/arm-none-eabi/5.4.1/../../../../arm-none-eabi/lib/armv6-m\libc_nano.a(lib_a-nano-mallocr.o)
 .debug_frame   0x00002460       0x30 c:/users/bartosz/.p2/pool/plugins/fr.ac6.mcu.externaltools.arm-none.win32_1.13.2.201703061525/tools/compiler/bin/../lib/gcc/arm-none-eabi/5.4.1/../../../../arm-none-eabi/lib/armv6-m\libc_nano.a(lib_a-nano-reallocr.o)
 .debug_frame   0x00002490       0x2c c:/users/bartosz/.p2/pool/plugins/fr.ac6.mcu.externaltools.arm-none.win32_1.13.2.201703061525/tools/compiler/bin/../lib/gcc/arm-none-eabi/5.4.1/../../../../arm-none-eabi/lib/armv6-m\libc_nano.a(lib_a-sbrkr.o)
 .debug_frame   0x000024bc       0x30 c:/users/bartosz/.p2/pool/plugins/fr.ac6.mcu.externaltools.arm-none.win32_1.13.2.201703061525/tools/compiler/bin/../lib/gcc/arm-none-eabi/5.4.1/../../../../arm-none-eabi/lib/armv6-m\libc_nano.a(lib_a-mlock.o)
 .debug_frame   0x000024ec       0x20 c:/users/bartosz/.p2/pool/plugins/fr.ac6.mcu.externaltools.arm-none.win32_1.13.2.201703061525/tools/compiler/bin/../lib/gcc/arm-none-eabi/5.4.1/../../../../arm-none-eabi/lib/armv6-m\libc_nano.a(lib_a-nano-msizer.o)
 .debug_frame   0x0000250c       0x48 c:/users/bartosz/.p2/pool/plugins/fr.ac6.mcu.externaltools.arm-none.win32_1.13.2.201703061525/tools/compiler/bin/../lib/gcc/arm-none-eabi/5.4.1/../../../../arm-none-eabi/lib/armv6-m\libc_nano.a(lib_a-reent.o)
 .debug_frame   0x00002554       0x20 c:/users/bartosz/.p2/pool/plugins/fr.ac6.mcu.externaltools.arm-none.win32_1.13.2.201703061525/tools/compiler/bin/../lib/gcc/arm-none-eabi/5.4.1/../../../../arm-none-eabi/lib/armv6-m\libnosys.a(sbrk.o)
